Component: ARM Compiler 5.05 update 2 (build 169) Tool: armlink [4d0f33]

==============================================================================

Section Cross References

    main.o(i.main) refers to stm32f4xx_hal.o(i.HAL_Init) for HAL_Init
    main.o(i.main) refers to sysclk_config.o(i.SystemClock_Config) for SystemClock_Config
    main.o(i.main) refers to cc2500.o(i.CC2500_Init) for CC2500_Init
    main.o(i.main) refers to cc2500.o(i.CC2500_Reset) for CC2500_Reset
    main.o(i.main) refers to hardware_timer.o(i.tim2_init) for tim2_init
    main.o(i.main) refers to hardware_timer.o(i.tim3_init) for tim3_init
    main.o(i.main) refers to hardware_timer.o(i.tim4_init) for tim4_init
    main.o(i.main) refers to rt_cmsis.o(i.osKernelInitialize) for osKernelInitialize
    main.o(i.main) refers to display_thread.o(i.display_thread_init) for display_thread_init
    main.o(i.main) refers to transceiver_thread.o(i.transceiver_thread_init) for transceiver_thread_init
    main.o(i.main) refers to led_thread.o(i.led_thread_init) for led_thread_init
    main.o(i.main) refers to rt_cmsis.o(i.osKernelStart) for osKernelStart
    main.o(i.main) refers to rt_cmsis.o(i.osDelay) for osDelay
    display.o(i.blink_counter) refers to display.o(.data) for alarm_counter
    display.o(i.display) refers to stm32f4xx_hal_gpio.o(i.HAL_GPIO_WritePin) for HAL_GPIO_WritePin
    display.o(i.display) refers to display.o(i.led_number) for led_number
    display.o(i.display) refers to display.o(i.led_char) for led_char
    display.o(i.display_cycling) refers to display.o(.data) for display_counter
    display.o(i.gpio_led_init) refers to stm32f4xx_hal_gpio.o(i.HAL_GPIO_Init) for HAL_GPIO_Init
    display.o(i.gpio_led_init) refers to stm32f4xx_hal_gpio.o(i.HAL_GPIO_WritePin) for HAL_GPIO_WritePin
    display.o(i.led_char) refers to stm32f4xx_hal_gpio.o(i.HAL_GPIO_WritePin) for HAL_GPIO_WritePin
    display.o(i.led_number) refers to stm32f4xx_hal_gpio.o(i.HAL_GPIO_WritePin) for HAL_GPIO_WritePin
    display.o(i.rgb_led_init) refers to stm32f4xx_hal_gpio.o(i.HAL_GPIO_Init) for HAL_GPIO_Init
    display.o(i.segment_display_init) refers to stm32f4xx_hal_gpio.o(i.HAL_GPIO_Init) for HAL_GPIO_Init
    display.o(i.segment_display_init) refers to stm32f4xx_hal_gpio.o(i.HAL_GPIO_WritePin) for HAL_GPIO_WritePin
    display.o(i.segment_segments_init) refers to stm32f4xx_hal_gpio.o(i.HAL_GPIO_Init) for HAL_GPIO_Init
    display.o(i.segment_segments_init) refers to stm32f4xx_hal_gpio.o(i.HAL_GPIO_WritePin) for HAL_GPIO_WritePin
    hardware_timer.o(i.HAL_TIM_PeriodElapsedCallback) refers to rt_cmsis.o(i.osSignalSet) for osSignalSet
    hardware_timer.o(i.HAL_TIM_PeriodElapsedCallback) refers to display_thread.o(.data) for display_thread_ID
    hardware_timer.o(i.HAL_TIM_PeriodElapsedCallback) refers to transceiver_thread.o(.data) for transceiver_thread_ID
    hardware_timer.o(i.HAL_TIM_PeriodElapsedCallback) refers to led_thread.o(.data) for led_thread_ID
    hardware_timer.o(i.tim2_init) refers to stm32f4xx_hal_tim.o(i.HAL_TIM_Base_Init) for HAL_TIM_Base_Init
    hardware_timer.o(i.tim2_init) refers to supporting_functions.o(i.Error_Handler) for Error_Handler
    hardware_timer.o(i.tim2_init) refers to stm32f4xx_hal_tim.o(i.HAL_TIM_Base_Start_IT) for HAL_TIM_Base_Start_IT
    hardware_timer.o(i.tim2_init) refers to stm32f4xx_hal_cortex.o(i.HAL_NVIC_SetPriority) for HAL_NVIC_SetPriority
    hardware_timer.o(i.tim2_init) refers to stm32f4xx_hal_cortex.o(i.HAL_NVIC_EnableIRQ) for HAL_NVIC_EnableIRQ
    hardware_timer.o(i.tim2_init) refers to hardware_timer.o(.bss) for TIM_Handle2
    hardware_timer.o(i.tim3_init) refers to stm32f4xx_hal_tim.o(i.HAL_TIM_Base_Init) for HAL_TIM_Base_Init
    hardware_timer.o(i.tim3_init) refers to supporting_functions.o(i.Error_Handler) for Error_Handler
    hardware_timer.o(i.tim3_init) refers to stm32f4xx_hal_tim.o(i.HAL_TIM_Base_Start_IT) for HAL_TIM_Base_Start_IT
    hardware_timer.o(i.tim3_init) refers to stm32f4xx_hal_cortex.o(i.HAL_NVIC_SetPriority) for HAL_NVIC_SetPriority
    hardware_timer.o(i.tim3_init) refers to stm32f4xx_hal_cortex.o(i.HAL_NVIC_EnableIRQ) for HAL_NVIC_EnableIRQ
    hardware_timer.o(i.tim3_init) refers to hardware_timer.o(.bss) for TIM_Handle3
    hardware_timer.o(i.tim4_init) refers to stm32f4xx_hal_tim.o(i.HAL_TIM_Base_Init) for HAL_TIM_Base_Init
    hardware_timer.o(i.tim4_init) refers to supporting_functions.o(i.Error_Handler) for Error_Handler
    hardware_timer.o(i.tim4_init) refers to stm32f4xx_hal_tim.o(i.HAL_TIM_Base_Start_IT) for HAL_TIM_Base_Start_IT
    hardware_timer.o(i.tim4_init) refers to stm32f4xx_hal_cortex.o(i.HAL_NVIC_SetPriority) for HAL_NVIC_SetPriority
    hardware_timer.o(i.tim4_init) refers to stm32f4xx_hal_cortex.o(i.HAL_NVIC_EnableIRQ) for HAL_NVIC_EnableIRQ
    hardware_timer.o(i.tim4_init) refers to hardware_timer.o(.bss) for TIM_Handle4
[...]
    C:\Keil_v5\ARM\PACK\Keil\STM32F4xx_DFP\2.9.0\Drivers\STM32F4xx_HAL_Driver\Src\stm32f4xx_hal_rcc_ex.c 0x00000000   Number         0  stm32f4xx_hal_rcc_ex.o ABSOLUTE
    C:\Keil_v5\ARM\PACK\Keil\STM32F4xx_DFP\2.9.0\Drivers\STM32F4xx_HAL_Driver\Src\stm32f4xx_hal_rtc.c 0x00000000   Number         0  stm32f4xx_hal_rtc.o ABSOLUTE
    C:\Keil_v5\ARM\PACK\Keil\STM32F4xx_DFP\2.9.0\Drivers\STM32F4xx_HAL_Driver\Src\stm32f4xx_hal_rtc_ex.c 0x00000000   Number         0  stm32f4xx_hal_rtc_ex.o ABSOLUTE
    C:\Keil_v5\ARM\PACK\Keil\STM32F4xx_DFP\2.9.0\Drivers\STM32F4xx_HAL_Driver\Src\stm32f4xx_hal_spi.c 0x00000000   Number         0  stm32f4xx_hal_spi.o ABSOLUTE
    C:\Keil_v5\ARM\PACK\Keil\STM32F4xx_DFP\2.9.0\Drivers\STM32F4xx_HAL_Driver\Src\stm32f4xx_hal_sram.c 0x00000000   Number         0  stm32f4xx_hal_sram.o ABSOLUTE
    C:\Keil_v5\ARM\PACK\Keil\STM32F4xx_DFP\2.9.0\Drivers\STM32F4xx_HAL_Driver\Src\stm32f4xx_hal_tim.c 0x00000000   Number         0  stm32f4xx_hal_tim.o ABSOLUTE
    C:\Keil_v5\ARM\PACK\Keil\STM32F4xx_DFP\2.9.0\Drivers\STM32F4xx_HAL_Driver\Src\stm32f4xx_hal_tim_ex.c 0x00000000   Number         0  stm32f4xx_hal_tim_ex.o ABSOLUTE
    C:\Keil_v5\ARM\PACK\Keil\STM32F4xx_DFP\2.9.0\Drivers\STM32F4xx_HAL_Driver\Src\stm32f4xx_hal_uart.c 0x00000000   Number         0  stm32f4xx_hal_uart.o ABSOLUTE
    C:\Keil_v5\ARM\PACK\Keil\STM32F4xx_DFP\2.9.0\Drivers\STM32F4xx_HAL_Driver\Src\stm32f4xx_hal_usart.c 0x00000000   Number         0  stm32f4xx_hal_usart.o ABSOLUTE
    C:\Keil_v5\ARM\PACK\Keil\STM32F4xx_DFP\2.9.0\Drivers\STM32F4xx_HAL_Driver\Src\stm32f4xx_ll_fsmc.c 0x00000000   Number         0  stm32f4xx_ll_fsmc.o ABSOLUTE
    C:\\Keil_v5\\ARM\\PACK\\Keil\\STM32F4xx_DFP\\2.9.0\\Drivers\\STM32F4xx_HAL_Driver\\Src\\stm32f4xx_hal.c 0x00000000   Number         0  stm32f4xx_hal.o ABSOLUTE
    C:\\Keil_v5\\ARM\\PACK\\Keil\\STM32F4xx_DFP\\2.9.0\\Drivers\\STM32F4xx_HAL_Driver\\Src\\stm32f4xx_hal_adc.c 0x00000000   Number         0  stm32f4xx_hal_adc.o ABSOLUTE
    C:\\Keil_v5\\ARM\\PACK\\Keil\\STM32F4xx_DFP\\2.9.0\\Drivers\\STM32F4xx_HAL_Driver\\Src\\stm32f4xx_hal_adc_ex.c 0x00000000   Number         0  stm32f4xx_hal_adc_ex.o ABSOLUTE
    C:\\Keil_v5\\ARM\\PACK\\Keil\\STM32F4xx_DFP\\2.9.0\\Drivers\\STM32F4xx_HAL_Driver\\Src\\stm32f4xx_hal_cortex.c 0x00000000   Number         0  stm32f4xx_hal_cortex.o ABSOLUTE
    C:\\Keil_v5\\ARM\\PACK\\Keil\\STM32F4xx_DFP\\2.9.0\\Drivers\\STM32F4xx_HAL_Driver\\Src\\stm32f4xx_hal_dma.c 0x00000000   Number         0  stm32f4xx_hal_dma.o ABSOLUTE
    C:\\Keil_v5\\ARM\\PACK\\Keil\\STM32F4xx_DFP\\2.9.0\\Drivers\\STM32F4xx_HAL_Driver\\Src\\stm32f4xx_hal_dma_ex.c 0x00000000   Number         0  stm32f4xx_hal_dma_ex.o ABSOLUTE
    C:\\Keil_v5\\ARM\\PACK\\Keil\\STM32F4xx_DFP\\2.9.0\\Drivers\\STM32F4xx_HAL_Driver\\Src\\stm32f4xx_hal_flash.c 0x00000000   Number         0  stm32f4xx_hal_flash.o ABSOLUTE
    C:\\Keil_v5\\ARM\\PACK\\Keil\\STM32F4xx_DFP\\2.9.0\\Drivers\\STM32F4xx_HAL_Driver\\Src\\stm32f4xx_hal_flash_ex.c 0x00000000   Number         0  stm32f4xx_hal_flash_ex.o ABSOLUTE
    C:\\Keil_v5\\ARM\\PACK\\Keil\\STM32F4xx_DFP\\2.9.0\\Drivers\\STM32F4xx_HAL_Driver\\Src\\stm32f4xx_hal_gpio.c 0x00000000   Number         0  stm32f4xx_hal_gpio.o ABSOLUTE
    C:\\Keil_v5\\ARM\\PACK\\Keil\\STM32F4xx_DFP\\2.9.0\\Drivers\\STM32F4xx_HAL_Driver\\Src\\stm32f4xx_hal_i2c.c 0x00000000   Number         0  stm32f4xx_hal_i2c.o ABSOLUTE
    C:\\Keil_v5\\ARM\\PACK\\Keil\\STM32F4xx_DFP\\2.9.0\\Drivers\\STM32F4xx_HAL_Driver\\Src\\stm32f4xx_hal_i2s.c 0x00000000   Number         0  stm32f4xx_hal_i2s.o ABSOLUTE
    C:\\Keil_v5\\ARM\\PACK\\Keil\\STM32F4xx_DFP\\2.9.0\\Drivers\\STM32F4xx_HAL_Driver\\Src\\stm32f4xx_hal_i2s_ex.c 0x00000000   Number         0  stm32f4xx_hal_i2s_ex.o ABSOLUTE
    C:\\Keil_v5\\ARM\\PACK\\Keil\\STM32F4xx_DFP\\2.9.0\\Drivers\\STM32F4xx_HAL_Driver\\Src\\stm32f4xx_hal_pwr.c 0x00000000   Number         0  stm32f4xx_hal_pwr.o ABSOLUTE
    C:\\Keil_v5\\ARM\\PACK\\Keil\\STM32F4xx_DFP\\2.9.0\\Drivers\\STM32F4xx_HAL_Driver\\Src\\stm32f4xx_hal_pwr_ex.c 0x00000000   Number         0  stm32f4xx_hal_pwr_ex.o ABSOLUTE
    C:\\Keil_v5\\ARM\\PACK\\Keil\\STM32F4xx_DFP\\2.9.0\\Drivers\\STM32F4xx_HAL_Driver\\Src\\stm32f4xx_hal_rcc.c 0x00000000   Number         0  stm32f4xx_hal_rcc.o ABSOLUTE
    C:\\Keil_v5\\ARM\\PACK\\Keil\\STM32F4xx_DFP\\2.9.0\\Drivers\\STM32F4xx_HAL_Driver\\Src\\stm32f4xx_hal_rcc_ex.c 0x00000000   Number         0  stm32f4xx_hal_rcc_ex.o ABSOLUTE
    C:\\Keil_v5\\ARM\\PACK\\Keil\\STM32F4xx_DFP\\2.9.0\\Drivers\\STM32F4xx_HAL_Driver\\Src\\stm32f4xx_hal_rtc.c 0x00000000   Number         0  stm32f4xx_hal_rtc.o ABSOLUTE
    C:\\Keil_v5\\ARM\\PACK\\Keil\\STM32F4xx_DFP\\2.9.0\\Drivers\\STM32F4xx_HAL_Driver\\Src\\stm32f4xx_hal_rtc_ex.c 0x00000000   Number         0  stm32f4xx_hal_rtc_ex.o ABSOLUTE
    C:\\Keil_v5\\ARM\\PACK\\Keil\\STM32F4xx_DFP\\2.9.0\\Drivers\\STM32F4xx_HAL_Driver\\Src\\stm32f4xx_hal_spi.c 0x00000000   Number         0  stm32f4xx_hal_spi.o ABSOLUTE
    C:\\Keil_v5\\ARM\\PACK\\Keil\\STM32F4xx_DFP\\2.9.0\\Drivers\\STM32F4xx_HAL_Driver\\Src\\stm32f4xx_hal_sram.c 0x00000000   Number         0  stm32f4xx_hal_sram.o ABSOLUTE
    C:\\Keil_v5\\ARM\\PACK\\Keil\\STM32F4xx_DFP\\2.9.0\\Drivers\\STM32F4xx_HAL_Driver\\Src\\stm32f4xx_hal_tim.c 0x00000000   Number         0  stm32f4xx_hal_tim.o ABSOLUTE
    C:\\Keil_v5\\ARM\\PACK\\Keil\\STM32F4xx_DFP\\2.9.0\\Drivers\\STM32F4xx_HAL_Driver\\Src\\stm32f4xx_hal_tim_ex.c 0x00000000   Number         0  stm32f4xx_hal_tim_ex.o ABSOLUTE
    C:\\Keil_v5\\ARM\\PACK\\Keil\\STM32F4xx_DFP\\2.9.0\\Drivers\\STM32F4xx_HAL_Driver\\Src\\stm32f4xx_hal_uart.c 0x00000000   Number         0  stm32f4xx_hal_uart.o ABSOLUTE
    C:\\Keil_v5\\ARM\\PACK\\Keil\\STM32F4xx_DFP\\2.9.0\\Drivers\\STM32F4xx_HAL_Driver\\Src\\stm32f4xx_hal_usart.c 0x00000000   Number         0  stm32f4xx_hal_usart.o ABSOLUTE
    C:\\Keil_v5\\ARM\\PACK\\Keil\\STM32F4xx_DFP\\2.9.0\\Drivers\\STM32F4xx_HAL_Driver\\Src\\stm32f4xx_ll_fsmc.c 0x00000000   Number         0  stm32f4xx_ll_fsmc.o ABSOLUTE
    HAL_CM4.c                                0x00000000   Number         0  hal_cm4.o ABSOLUTE
    HAL_CM4.c                                0x00000000   Number         0  hal_cm4.o ABSOLUTE
    RTE\CMSIS\RTX_Conf_CM.c                  0x00000000   Number         0  rtx_conf_cm.o ABSOLUTE
    RTE\Device\STM32F407VGTx\startup_stm32f407xx.s 0x00000000   Number         0  startup_stm32f407xx.o ABSOLUTE
    RTE\Device\STM32F407VGTx\system_stm32f4xx.c 0x00000000   Number         0  system_stm32f4xx.o ABSOLUTE
    RTE\\Device\\STM32F407VGTx\\system_stm32f4xx.c 0x00000000   Number         0  system_stm32f4xx.o ABSOLUTE
    SVC_Table.s                              0x00000000   Number         0  svc_table.o ABSOLUTE
    Sources\\cc2500.c                        0x00000000   Number         0  cc2500.o ABSOLUTE
    Sources\\display.c                       0x00000000   Number         0  display.o ABSOLUTE
    Sources\\display_thread.c                0x00000000   Number         0  display_thread.o ABSOLUTE
    Sources\\hardware_timer.c                0x00000000   Number         0  hardware_timer.o ABSOLUTE
    Sources\\led_thread.c                    0x00000000   Number         0  led_thread.o ABSOLUTE
    Sources\\main.c                          0x00000000   Number         0  main.o ABSOLUTE
    Sources\\stm32f4xx_it.c                  0x00000000   Number         0  stm32f4xx_it.o ABSOLUTE
    Sources\\sysclk_config.c                 0x00000000   Number         0  sysclk_config.o ABSOLUTE
    Sources\\transceiver_protocol.c          0x00000000   Number         0  transceiver_protocol.o ABSOLUTE
    Sources\\transceiver_thread.c            0x00000000   Number         0  transceiver_thread.o ABSOLUTE
    Sources\cc2500.c                         0x00000000   Number         0  cc2500.o ABSOLUTE
    Sources\display.c                        0x00000000   Number         0  display.o ABSOLUTE
    Sources\display_thread.c                 0x00000000   Number         0  display_thread.o ABSOLUTE
    Sources\hardware_timer.c                 0x00000000   Number         0  hardware_timer.o ABSOLUTE
    Sources\led_thread.c                     0x00000000   Number         0  led_thread.o ABSOLUTE
    Sources\main.c                           0x00000000   Number         0  main.o ABSOLUTE
    Sources\stm32f4xx_it.c                   0x00000000   Number         0  stm32f4xx_it.o ABSOLUTE
    Sources\supporting_functions.c           0x00000000   Number         0  supporting_functions.o ABSOLUTE
    Sources\sysclk_config.c                  0x00000000   Number         0  sysclk_config.o ABSOLUTE
    Sources\transceiver_protocol.c           0x00000000   Number         0  transceiver_protocol.o ABSOLUTE
    Sources\transceiver_thread.c             0x00000000   Number         0  transceiver_thread.o ABSOLUTE
    cdrcmple.s                               0x00000000   Number         0  cdrcmple.o ABSOLUTE
    dc.s                                     0x00000000   Number         0  dc.o ABSOLUTE
    handlers.s                               0x00000000   Number         0  handlers.o ABSOLUTE
    init.s                                   0x00000000   Number         0  init.o ABSOLUTE
    RESET                                    0x08000000   Section      392  startup_stm32f407xx.o(RESET)
    .ARM.Collect$$$$00000000                 0x08000188   Section        0  entry.o(.ARM.Collect$$$$00000000)
    .ARM.Collect$$$$00000001                 0x08000188   Section        4  entry2.o(.ARM.Collect$$$$00000001)
    .ARM.Collect$$$$00000004                 0x0800018c   Section        4  entry5.o(.ARM.Collect$$$$00000004)
    .ARM.Collect$$$$00000008                 0x08000190   Section        0  entry7b.o(.ARM.Collect$$$$00000008)
    .ARM.Collect$$$$0000000A                 0x08000190   Section        0  entry8b.o(.ARM.Collect$$$$0000000A)
    .ARM.Collect$$$$0000000D                 0x08000190   Section        0  entry10a.o(.ARM.Collect$$$$0000000D)
    .ARM.Collect$$$$0000000F                 0x08000190   Section        0  entry11a.o(.ARM.Collect$$$$0000000F)
    .ARM.Collect$$$$000000FF                 0x08000190   Section        0  rtx_conf_cm.o(.ARM.Collect$$$$000000FF)
    .ARM.Collect$$$$00002712                 0x080001a8   Section        4  entry2.o(.ARM.Collect$$$$00002712)
    __lit__00000000                          0x080001a8   Data           4  entry2.o(.ARM.Collect$$$$00002712)
    .emb_text                                0x080001ac   Section      408  hal_cm4.o(.emb_text)
    $v0                                      0x080001ac   Number         0  hal_cm4.o(.emb_text)
    .text                                    0x08000344   Section       36  startup_stm32f407xx.o(.text)
    $v0                                      0x08000344   Number         0  startup_stm32f407xx.o(.text)
    .text                                    0x08000368   Section       36  init.o(.text)
    SVC_TABLE                                0x0800038c   Section        4  svc_table.o(SVC_TABLE)
    i.BusFault_Handler                       0x08000390   Section        0  stm32f4xx_it.o(i.BusFault_Handler)
    i.CC2500_Init                            0x08000394   Section        0  cc2500.o(i.CC2500_Init)
    i.CC2500_Read                            0x080004e0   Section        0  cc2500.o(i.CC2500_Read)
    i.CC2500_Reset                           0x0800052c   Section        0  cc2500.o(i.CC2500_Reset)
    i.CC2500_SendByte                        0x08000584   Section        0  cc2500.o(i.CC2500_SendByte)
    CC2500_SendByte                          0x08000585   Thumb Code   108  cc2500.o(i.CC2500_SendByte)
    i.CC2500_TIMEOUT_UserCallback            0x080005f8   Section        0  cc2500.o(i.CC2500_TIMEOUT_UserCallback)
    i.CC2500_Write                           0x080005fc   Section        0  cc2500.o(i.CC2500_Write)
    i.CC2500_get_state                       0x08000640   Section        0  cc2500.o(i.CC2500_get_state)
    i.CC2500_read_one                        0x0800064a   Section        0  cc2500.o(i.CC2500_read_one)
    i.CC2500_write_one                       0x0800065e   Section        0  cc2500.o(i.CC2500_write_one)
    i.DebugMon_Handler                       0x08000670   Section        0  stm32f4xx_it.o(i.DebugMon_Handler)
    i.EXTI0_IRQHandler                       0x08000672   Section        0  stm32f4xx_it.o(i.EXTI0_IRQHandler)
    i.Error_Handler                          0x0800067c   Section        0  supporting_functions.o(i.Error_Handler)
    i.HAL_GPIO_EXTI_Callback                 0x080007fc   Section        0  stm32f4xx_hal_gpio.o(i.HAL_GPIO_EXTI_Callback)
    i.HAL_GPIO_EXTI_IRQHandler               0x08000800   Section        0  stm32f4xx_hal_gpio.o(i.HAL_GPIO_EXTI_IRQHandler)
    i.HAL_GPIO_Init                          0x0800081c   Section        0  stm32f4xx_hal_gpio.o(i.HAL_GPIO_Init)
    i.HAL_GPIO_TogglePin                     0x08000a28   Section        0  stm32f4xx_hal_gpio.o(i.HAL_GPIO_TogglePin)
    i.HAL_GPIO_WritePin                      0x08000a30   Section        0  stm32f4xx_hal_gpio.o(i.HAL_GPIO_WritePin)
    i.HAL_GetTick                            0x08000a3c   Section        0  stm32f4xx_hal.o(i.HAL_GetTick)
    i.HAL_Init                               0x08000a48   Section        0  stm32f4xx_hal.o(i.HAL_Init)
    i.HAL_InitTick                           0x08000a84   Section        0  stm32f4xx_hal.o(i.HAL_InitTick)
    i.HAL_MspInit                            0x08000aac   Section        0  stm32f4xx_hal.o(i.HAL_MspInit)
    i.HAL_NVIC_EnableIRQ                     0x08000aae   Section        0  stm32f4xx_hal_cortex.o(i.HAL_NVIC_EnableIRQ)
    i.HAL_NVIC_SetPriority                   0x08000ace   Section        0  stm32f4xx_hal_cortex.o(i.HAL_NVIC_SetPriority)
    i.HAL_NVIC_SetPriorityGrouping           0x08000b4c   Section        0  stm32f4xx_hal_cortex.o(i.HAL_NVIC_SetPriorityGrouping)
    i.HAL_RCC_ClockConfig                    0x08000b74   Section        0  stm32f4xx_hal_rcc.o(i.HAL_RCC_ClockConfig)
    i.HAL_RCC_GetHCLKFreq                    0x08000d44   Section        0  stm32f4xx_hal_rcc.o(i.HAL_RCC_GetHCLKFreq)
    i.HAL_RCC_GetSysClockFreq                0x08000d50   Section        0  stm32f4xx_hal_rcc.o(i.HAL_RCC_GetSysClockFreq)
    i.HAL_RCC_OscConfig                      0x08000e04   Section        0  stm32f4xx_hal_rcc.o(i.HAL_RCC_OscConfig)
    i.HAL_SPI_DeInit                         0x080011a8   Section        0  stm32f4xx_hal_spi.o(i.HAL_SPI_DeInit)
    i.HAL_SPI_Init                           0x080011de   Section        0  stm32f4xx_hal_spi.o(i.HAL_SPI_Init)
    i.HAL_SPI_MspDeInit                      0x0800126a   Section        0  stm32f4xx_hal_spi.o(i.HAL_SPI_MspDeInit)
    i.HAL_SPI_MspInit                        0x0800126c   Section        0  stm32f4xx_hal_spi.o(i.HAL_SPI_MspInit)
    i.HAL_SYSTICK_CLKSourceConfig            0x0800126e   Section        0  stm32f4xx_hal_cortex.o(i.HAL_SYSTICK_CLKSourceConfig)
    i.HAL_SYSTICK_Config                     0x08001296   Section        0  stm32f4xx_hal_cortex.o(i.HAL_SYSTICK_Config)
    i.HAL_TIMEx_BreakCallback                0x080012ca   Section        0  stm32f4xx_hal_tim_ex.o(i.HAL_TIMEx_BreakCallback)
    i.HAL_TIMEx_CommutationCallback          0x080012cc   Section        0  stm32f4xx_hal_tim_ex.o(i.HAL_TIMEx_CommutationCallback)
    i.HAL_TIM_Base_Init                      0x080012ce   Section        0  stm32f4xx_hal_tim.o(i.HAL_TIM_Base_Init)
    i.HAL_TIM_Base_MspInit                   0x08001302   Section        0  stm32f4xx_hal_tim.o(i.HAL_TIM_Base_MspInit)
    i.HAL_TIM_Base_Start_IT                  0x08001304   Section        0  stm32f4xx_hal_tim.o(i.HAL_TIM_Base_Start_IT)
    i.HAL_TIM_IC_CaptureCallback             0x08001322   Section        0  stm32f4xx_hal_tim.o(i.HAL_TIM_IC_CaptureCallback)
    i.HAL_TIM_IRQHandler                     0x08001324   Section        0  stm32f4xx_hal_tim.o(i.HAL_TIM_IRQHandler)
    i.HAL_TIM_OC_DelayElapsedCallback        0x080014ba   Section        0  stm32f4xx_hal_tim.o(i.HAL_TIM_OC_DelayElapsedCallback)
    i.HAL_TIM_PWM_PulseFinishedCallback      0x080014bc   Section        0  stm32f4xx_hal_tim.o(i.HAL_TIM_PWM_PulseFinishedCallback)
    i.HAL_TIM_PeriodElapsedCallback          0x080014c0   Section        0  hardware_timer.o(i.HAL_TIM_PeriodElapsedCallback)
    i.HAL_TIM_TriggerCallback                0x08001508   Section        0  stm32f4xx_hal_tim.o(i.HAL_TIM_TriggerCallback)
    i.HardFault_Handler                      0x0800150a   Section        0  stm32f4xx_it.o(i.HardFault_Handler)
    i.ITM_SendChar                           0x08001510   Section        0  retarget_io.o(i.ITM_SendChar)
    i.MemManage_Handler                      0x08001540   Section        0  stm32f4xx_it.o(i.MemManage_Handler)
    i.NMI_Handler                            0x08001544   Section        0  stm32f4xx_it.o(i.NMI_Handler)
    i.SPI_CC2500_ReceiveData                 0x08001546   Section        0  cc2500.o(i.SPI_CC2500_ReceiveData)
    i.SPI_CC2500_SendData                    0x08001550   Section        0  cc2500.o(i.SPI_CC2500_SendData)
    i.SystemClock_Config                     0x08001558   Section        0  sysclk_config.o(i.SystemClock_Config)
    i.SystemInit                             0x08001620   Section        0  system_stm32f4xx.o(i.SystemInit)
    i.TIM2_IRQHandler                        0x08001684   Section        0  stm32f4xx_it.o(i.TIM2_IRQHandler)
    i.TIM3_IRQHandler                        0x08001694   Section        0  stm32f4xx_it.o(i.TIM3_IRQHandler)
    i.TIM4_IRQHandler                        0x080016a4   Section        0  stm32f4xx_it.o(i.TIM4_IRQHandler)
    i.TIM_Base_SetConfig                     0x080016b4   Section        0  stm32f4xx_hal_tim.o(i.TIM_Base_SetConfig)
    i.UsageFault_Handler                     0x08001798   Section        0  stm32f4xx_it.o(i.UsageFault_Handler)
    i.__0printf$bare                         0x0800179c   Section        0  printfb.o(i.__0printf$bare)
    i.__NVIC_GetPriorityGrouping             0x080017ac   Section        0  stm32f4xx_hal_cortex.o(i.__NVIC_GetPriorityGrouping)
    __NVIC_GetPriorityGrouping               0x080017ad   Thumb Code    10  stm32f4xx_hal_cortex.o(i.__NVIC_GetPriorityGrouping)
    i.__NVIC_SetPriority                     0x080017bc   Section        0  stm32f4xx_hal_cortex.o(i.__NVIC_SetPriority)
    __NVIC_SetPriority                       0x080017bd   Thumb Code    32  stm32f4xx_hal_cortex.o(i.__NVIC_SetPriority)
    i.__scatterload_copy                     0x080017e4   Section       14  handlers.o(i.__scatterload_copy)
    i.__scatterload_null                     0x080017f2   Section        2  handlers.o(i.__scatterload_null)
    i.__scatterload_zeroinit                 0x080017f4   Section       14  handlers.o(i.__scatterload_zeroinit)
    i._init_box                              0x08001802   Section        0  rt_membox.o(i._init_box)
    i._printf_core                           0x08001848   Section        0  printfb.o(i._printf_core)
    _printf_core                             0x08001849   Thumb Code    34  printfb.o(i._printf_core)
    i.dbg_init                               0x0800186c   Section        0  hal_cm.o(i.dbg_init)
    i.dbg_task_notify                        0x0800189c   Section        0  hal_cm.o(i.dbg_task_notify)
    i.dbg_task_switch                        0x080018bc   Section        0  hal_cm.o(i.dbg_task_switch)
    i.display_thread                         0x080018cc   Section        0  display_thread.o(i.display_thread)
    i.display_thread_init                    0x080018e0   Section        0  display_thread.o(i.display_thread_init)
    i.fputc                                  0x080018fc   Section        0  retarget_io.o(i.fputc)
    i.isrMessageGet                          0x0800191c   Section        0  rt_cmsis.o(i.isrMessageGet)
    i.isrMessagePut                          0x08001946   Section        0  rt_cmsis.o(i.isrMessagePut)
    i.isrSignalSet                           0x08001972   Section        0  rt_cmsis.o(i.isrSignalSet)
    i.isr_evt_set                            0x08001998   Section        0  rt_event.o(i.isr_evt_set)
    i.isr_mbx_receive                        0x080019c0   Section        0  rt_mailbox.o(i.isr_mbx_receive)
    i.isr_mbx_send                           0x08001a16   Section        0  rt_mailbox.o(i.isr_mbx_send)
    i.led_thread                             0x08001a24   Section        0  led_thread.o(i.led_thread)
    i.led_thread_init                        0x08001a48   Section        0  led_thread.o(i.led_thread_init)
    i.main                                   0x08001a64   Section        0  main.o(i.main)
    i.osDelay                                0x08001aa8   Section        0  rt_cmsis.o(i.osDelay)
    i.osKernelInitialize                     0x08001ac0   Section        0  rt_cmsis.o(i.osKernelInitialize)
    i.osKernelStart                          0x08001ae4   Section        0  rt_cmsis.o(i.osKernelStart)
    i.osMessageGet                           0x08001b50   Section        0  rt_cmsis.o(i.osMessageGet)
    i.osSignalSet                            0x08001b68   Section        0  rt_cmsis.o(i.osSignalSet)
    i.osSignalWait                           0x08001b80   Section        0  rt_cmsis.o(i.osSignalWait)
    i.osThreadCreate                         0x08001b98   Section        0  rt_cmsis.o(i.osThreadCreate)
    i.osThreadExit                           0x08001bc8   Section        0  rt_cmsis.o(i.osThreadExit)
    i.osTimerCall                            0x08001be0   Section        0  rt_cmsis.o(i.osTimerCall)
    i.osTimerThread                          0x08001bec   Section        0  rt_cmsis.o(i.osTimerThread)
    i.os_error                               0x08001c18   Section        0  rtx_conf_cm.o(i.os_error)
    i.os_idle_demon                          0x08001c3a   Section        0  rtx_conf_cm.o(i.os_idle_demon)
    i.os_tick_init                           0x08001c40   Section        0  rt_system.o(i.os_tick_init)
    i.os_tick_irqack                         0x08001c68   Section        0  rt_system.o(i.os_tick_irqack)
    i.rt_alloc_box                           0x08001c6a   Section        0  rt_membox.o(i.rt_alloc_box)
    i.rt_alloc_mem                           0x08001c84   Section        0  rt_memory.o(i.rt_alloc_mem)
    i.rt_block                               0x08001cc4   Section        0  rt_task.o(i.rt_block)
    i.rt_chk_robin                           0x08001cfc   Section        0  rt_robin.o(i.rt_chk_robin)
    i.rt_dec_dly                             0x08001d44   Section        0  rt_list.o(i.rt_dec_dly)
    i.rt_dispatch                            0x08001db4   Section        0  rt_task.o(i.rt_dispatch)
    i.rt_dly_wait                            0x08001df8   Section        0  rt_time.o(i.rt_dly_wait)
    i.rt_evt_psh                             0x08001e00   Section        0  rt_event.o(i.rt_evt_psh)
    i.rt_evt_set                             0x08001e50   Section        0  rt_event.o(i.rt_evt_set)
    i.rt_evt_wait                            0x08001eac   Section        0  rt_event.o(i.rt_evt_wait)
    i.rt_free_box                            0x08001ee8   Section        0  rt_membox.o(i.rt_free_box)
    i.rt_free_mem                            0x08001f14   Section        0  rt_memory.o(i.rt_free_mem)
    i.rt_get_first                           0x08001f3c   Section        0  rt_list.o(i.rt_get_first)
    i.rt_id2obj                              0x08001f64   Section        0  rt_cmsis.o(i.rt_id2obj)
    rt_id2obj                                0x08001f65   Thumb Code     8  rt_cmsis.o(i.rt_id2obj)
    i.rt_init_context                        0x08001f6c   Section        0  rt_task.o(i.rt_init_context)
    rt_init_context                          0x08001f6d   Thumb Code    66  rt_task.o(i.rt_init_context)
    i.rt_init_mem                            0x08001fb4   Section        0  rt_memory.o(i.rt_init_mem)
    i.rt_init_robin                          0x08001fd0   Section        0  rt_robin.o(i.rt_init_robin)
    i.rt_init_stack                          0x08001fe8   Section        0  hal_cm.o(i.rt_init_stack)
    i.rt_mbx_check                           0x08002068   Section        0  rt_mailbox.o(i.rt_mbx_check)
    i.rt_mbx_init                            0x08002070   Section        0  rt_mailbox.o(i.rt_mbx_init)
    i.rt_mbx_psh                             0x0800208c   Section        0  rt_mailbox.o(i.rt_mbx_psh)
    i.rt_mbx_wait                            0x0800217c   Section        0  rt_mailbox.o(i.rt_mbx_wait)
    i.rt_ms2tick                             0x08002230   Section        0  rt_cmsis.o(i.rt_ms2tick)
    rt_ms2tick                               0x08002231   Thumb Code    58  rt_cmsis.o(i.rt_ms2tick)
    i.rt_pop_req                             0x08002274   Section        0  rt_system.o(i.rt_pop_req)
    i.rt_psh_req                             0x080022f0   Section        0  rt_system.o(i.rt_psh_req)
    i.rt_psq_enq                             0x08002310   Section        0  rt_list.o(i.rt_psq_enq)
    i.rt_put_dly                             0x0800236c   Section        0  rt_list.o(i.rt_put_dly)
    i.rt_put_prio                            0x080023b4   Section        0  rt_list.o(i.rt_put_prio)
    i.rt_put_rdy_first                       0x080023ec   Section        0  rt_list.o(i.rt_put_rdy_first)
    i.rt_resort_prio                         0x08002400   Section        0  rt_list.o(i.rt_resort_prio)
    i.rt_ret_regs                            0x08002434   Section        0  hal_cm.o(i.rt_ret_regs)
    rt_ret_regs                              0x08002435   Thumb Code    16  hal_cm.o(i.rt_ret_regs)
    i.rt_ret_val                             0x08002444   Section        0  hal_cm.o(i.rt_ret_val)
    i.rt_ret_val2                            0x08002450   Section        0  hal_cm.o(i.rt_ret_val2)
    i.rt_rmv_dly                             0x08002460   Section        0  rt_list.o(i.rt_rmv_dly)
    i.rt_rmv_list                            0x08002488   Section        0  rt_list.o(i.rt_rmv_list)
    i.rt_sem_psh                             0x080024b8   Section        0  rt_semaphore.o(i.rt_sem_psh)
    i.rt_stk_check                           0x080024ec   Section        0  rt_system.o(i.rt_stk_check)
    i.rt_switch_req                          0x08002510   Section        0  rt_task.o(i.rt_switch_req)
    i.rt_sys_init                            0x08002538   Section        0  rt_task.o(i.rt_sys_init)
    i.rt_sys_start                           0x08002604   Section        0  rt_task.o(i.rt_sys_start)
    i.rt_systick                             0x0800267c   Section        0  rt_system.o(i.rt_systick)
    i.rt_tid2ptcb                            0x080026bc   Section        0  rt_cmsis.o(i.rt_tid2ptcb)
    rt_tid2ptcb                              0x080026bd   Thumb Code    18  rt_cmsis.o(i.rt_tid2ptcb)
    i.rt_timer_insert                        0x080026d0   Section        0  rt_cmsis.o(i.rt_timer_insert)
    rt_timer_insert                          0x080026d1   Thumb Code    48  rt_cmsis.o(i.rt_timer_insert)
    i.rt_tsk_create                          0x08002704   Section        0  rt_task.o(i.rt_tsk_create)
    i.rt_tsk_delete                          0x0800278c   Section        0  rt_task.o(i.rt_tsk_delete)
    i.rt_tsk_prio                            0x08002908   Section        0  rt_task.o(i.rt_tsk_prio)
    i.rt_tsk_self                            0x08002984   Section        0  rt_task.o(i.rt_tsk_self)
    i.stdout_putchar                         0x08002994   Section        0  retarget_io.o(i.stdout_putchar)
    stdout_putchar                           0x08002995   Thumb Code    12  retarget_io.o(i.stdout_putchar)
    i.svcDelay                               0x080029a0   Section        0  rt_cmsis.o(i.svcDelay)
    i.svcKernelInitialize                    0x080029b4   Section        0  rt_cmsis.o(i.svcKernelInitialize)
    i.svcKernelStart                         0x08002a24   Section        0  rt_cmsis.o(i.svcKernelStart)
    i.svcMessageCreate                       0x08002a6c   Section        0  rt_cmsis.o(i.svcMessageCreate)
    i.svcMessageGet                          0x08002a90   Section        0  rt_cmsis.o(i.svcMessageGet)
    i.svcSignalSet                           0x08002aca   Section        0  rt_cmsis.o(i.svcSignalSet)
    i.svcSignalWait                          0x08002af0   Section        0  rt_cmsis.o(i.svcSignalWait)
    i.svcThreadCreate                        0x08002b44   Section        0  rt_cmsis.o(i.svcThreadCreate)
    i.svcThreadGetId                         0x08002bb4   Section        0  rt_cmsis.o(i.svcThreadGetId)
    i.svcThreadTerminate                     0x08002bd0   Section        0  rt_cmsis.o(i.svcThreadTerminate)
    i.svcTimerCall                           0x08002c08   Section        0  rt_cmsis.o(i.svcTimerCall)
    i.sysTimerTick                           0x08002c20   Section        0  rt_cmsis.o(i.sysTimerTick)
    i.tim2_init                              0x08002c7c   Section        0  hardware_timer.o(i.tim2_init)
    i.tim3_init                              0x08002cec   Section        0  hardware_timer.o(i.tim3_init)
    i.tim4_init                              0x08002d64   Section        0  hardware_timer.o(i.tim4_init)
    i.transceiver_thread                     0x08002dd8   Section        0  transceiver_thread.o(i.transceiver_thread)
    i.transceiver_thread_init                0x08002dec   Section        0  transceiver_thread.o(i.transceiver_thread_init)
    .constdata                               0x08002e08   Section       16  display_thread.o(.constdata)
    .constdata                               0x08002e18   Section       16  led_thread.o(.constdata)
    .constdata                               0x08002e28   Section       16  transceiver_thread.o(.constdata)
    .constdata                               0x08002e38   Section      104  rtx_conf_cm.o(.constdata)
    __tagsym$$used                           0x08002e54   Number         0  rtx_conf_cm.o(.constdata)
    __tagsym$$used                           0x08002e58   Number         0  rtx_conf_cm.o(.constdata)
    __tagsym$$used                           0x08002e5c   Number         0  rtx_conf_cm.o(.constdata)
    __tagsym$$used                           0x08002e60   Number         0  rtx_conf_cm.o(.constdata)
    .constdata                               0x08002ea0   Section       16  stm32f4xx_hal_rcc.o(.constdata)
    .data                                    0x20000000   Section       77  cc2500.o(.data)
    value                                    0x2000004c   Data           1  cc2500.o(.data)
    .data                                    0x20000050   Section        4  display_thread.o(.data)
    .data                                    0x20000054   Section        4  led_thread.o(.data)
    .data                                    0x20000058   Section        4  transceiver_thread.o(.data)
    .data                                    0x2000005c   Section       16  rtx_conf_cm.o(.data)
    .data                                    0x2000006c   Section        4  stm32f4xx_hal.o(.data)
    .data                                    0x20000070   Section        4  system_stm32f4xx.o(.data)
    .data                                    0x20000074   Section        8  rt_cmsis.o(.data)
    .data                                    0x2000007c   Section        8  rt_task.o(.data)
    .data                                    0x20000084   Section        8  rt_system.o(.data)
    os_lock                                  0x20000084   Data           1  rt_system.o(.data)
    os_psh_flag                              0x20000085   Data           1  rt_system.o(.data)
    pend_flags                               0x20000086   Data           1  rt_system.o(.data)
    .data                                    0x2000008c   Section        4  rt_time.o(.data)
    .data                                    0x20000090   Section        1  hal_cm.o(.data)
    .data                                    0x20000094   Section        8  rt_robin.o(.data)
    .data                                    0x2000009c   Section        4  stdout.o(.data)
    .bss                                     0x200000a0   Section      180  hardware_timer.o(.bss)
    .bss                                     0x20000154   Section       88  cc2500.o(.bss)
    .bss                                     0x200001b0   Section     6416  rtx_conf_cm.o(.bss)
    .bss                                     0x20001ac0   Section       52  rt_task.o(.bss)
    .bss                                     0x20001af4   Section       48  rt_list.o(.bss)
    STACK                                    0x20001b28   Section     1024  startup_stm32f407xx.o(STACK)

    Global Symbols

    Symbol Name                              Value     Ov Type        Size  Object(Section)

    BuildAttributes$$THM_ISAv4$E$P$D$K$B$S$7EM$VFPi3$EXTD16$VFPS$VFMA$PE$A:L22UL41UL21$X:L11$S22US41US21$IEEE1$IW$USESV6$~STKCKD$USESV7$~SHL$OSPACE$ROPI$EBA8$MICROLIB$REQ8$PRES8$EABIv2 0x00000000   Number         0  anon$$obj.o ABSOLUTE
    __ARM_use_no_argv                        0x00000000   Number         0  main.o ABSOLUTE
    __cpp_initialize__aeabi_                  - Undefined Weak Reference
    __cxa_finalize                            - Undefined Weak Reference
    __decompress                              - Undefined Weak Reference
    _clock_init                               - Undefined Weak Reference
    _microlib_exit                            - Undefined Weak Reference
    __Vectors_Size                           0x00000188   Number         0  startup_stm32f407xx.o ABSOLUTE
    __RL_RTX_VER                             0x00000481   Number         0  rt_system.o ABSOLUTE
    __Vectors                                0x08000000   Data           4  startup_stm32f407xx.o(RESET)
    __Vectors_End                            0x08000188   Data           0  startup_stm32f407xx.o(RESET)
    __main                                   0x08000189   Thumb Code     0  entry.o(.ARM.Collect$$$$00000000)
    _main_stk                                0x08000189   Thumb Code     0  entry2.o(.ARM.Collect$$$$00000001)
    _main_scatterload                        0x0800018d   Thumb Code     0  entry5.o(.ARM.Collect$$$$00000004)
    __main_after_scatterload                 0x08000191   Thumb Code     0  entry5.o(.ARM.Collect$$$$00000004)
    __rt_final_cpp                           0x08000191   Thumb Code     0  entry10a.o(.ARM.Collect$$$$0000000D)
    __rt_final_exit                          0x08000191   Thumb Code     0  entry11a.o(.ARM.Collect$$$$0000000F)
    _main_clock                              0x08000191   Thumb Code     0  entry7b.o(.ARM.Collect$$$$00000008)
    _main_cpp_init                           0x08000191   Thumb Code     0  entry8b.o(.ARM.Collect$$$$0000000A)
    _main_init                               0x08000191   Thumb Code    18  rtx_conf_cm.o(.ARM.Collect$$$$000000FF)
    rt_set_PSP                               0x080001ad   Thumb Code     6  hal_cm4.o(.emb_text)
    rt_get_PSP                               0x080001b3   Thumb Code     6  hal_cm4.o(.emb_text)
    os_set_env                               0x080001b9   Thumb Code    24  hal_cm4.o(.emb_text)
    _alloc_box                               0x080001d5   Thumb Code    28  hal_cm4.o(.emb_text)
    _free_box                                0x080001f5   Thumb Code    28  hal_cm4.o(.emb_text)
    SVC_Handler                              0x08000215   Thumb Code   168  hal_cm4.o(.emb_text)
    PendSV_Handler                           0x080002cd   Thumb Code    96  hal_cm4.o(.emb_text)
    SysTick_Handler                          0x08000331   Thumb Code     8  hal_cm4.o(.emb_text)
    OS_Tick_Handler                          0x08000339   Thumb Code    12  hal_cm4.o(.emb_text)
    Reset_Handler                            0x08000345   Thumb Code     8  startup_stm32f407xx.o(.text)
    ADC_IRQHandler                           0x0800035f   Thumb Code     0  startup_stm32f407xx.o(.text)
    CAN1_RX0_IRQHandler                      0x0800035f   Thumb Code     0  startup_stm32f407xx.o(.text)
    CAN1_RX1_IRQHandler                      0x0800035f   Thumb Code     0  startup_stm32f407xx.o(.text)
    CAN1_SCE_IRQHandler                      0x0800035f   Thumb Code     0  startup_stm32f407xx.o(.text)
    CAN1_TX_IRQHandler                       0x0800035f   Thumb Code     0  startup_stm32f407xx.o(.text)
    CAN2_RX0_IRQHandler                      0x0800035f   Thumb Code     0  startup_stm32f407xx.o(.text)
    CAN2_RX1_IRQHandler                      0x0800035f   Thumb Code     0  startup_stm32f407xx.o(.text)
    CAN2_SCE_IRQHandler                      0x0800035f   Thumb Code     0  startup_stm32f407xx.o(.text)
    CAN2_TX_IRQHandler                       0x0800035f   Thumb Code     0  startup_stm32f407xx.o(.text)
    DCMI_IRQHandler                          0x0800035f   Thumb Code     0  startup_stm32f407xx.o(.text)
    DMA1_Stream0_IRQHandler                  0x0800035f   Thumb Code     0  startup_stm32f407xx.o(.text)
    DMA1_Stream1_IRQHandler                  0x0800035f   Thumb Code     0  startup_stm32f407xx.o(.text)
    DMA1_Stream2_IRQHandler                  0x0800035f   Thumb Code     0  startup_stm32f407xx.o(.text)
    DMA1_Stream3_IRQHandler                  0x0800035f   Thumb Code     0  startup_stm32f407xx.o(.text)
    DMA1_Stream4_IRQHandler                  0x0800035f   Thumb Code     0  startup_stm32f407xx.o(.text)
    DMA1_Stream5_IRQHandler                  0x0800035f   Thumb Code     0  startup_stm32f407xx.o(.text)
    DMA1_Stream6_IRQHandler                  0x0800035f   Thumb Code     0  startup_stm32f407xx.o(.text)
    DMA1_Stream7_IRQHandler                  0x0800035f   Thumb Code     0  startup_stm32f407xx.o(.text)
    DMA2_Stream0_IRQHandler                  0x0800035f   Thumb Code     0  startup_stm32f407xx.o(.text)
    DMA2_Stream1_IRQHandler                  0x0800035f   Thumb Code     0  startup_stm32f407xx.o(.text)
    DMA2_Stream2_IRQHandler                  0x0800035f   Thumb Code     0  startup_stm32f407xx.o(.text)
    DMA2_Stream3_IRQHandler                  0x0800035f   Thumb Code     0  startup_stm32f407xx.o(.text)
    DMA2_Stream4_IRQHandler                  0x0800035f   Thumb Code     0  startup_stm32f407xx.o(.text)
    DMA2_Stream5_IRQHandler                  0x0800035f   Thumb Code     0  startup_stm32f407xx.o(.text)
    DMA2_Stream6_IRQHandler                  0x0800035f   Thumb Code     0  startup_stm32f407xx.o(.text)
    DMA2_Stream7_IRQHandler                  0x0800035f   Thumb Code     0  startup_stm32f407xx.o(.text)
    ETH_IRQHandler                           0x0800035f   Thumb Code     0  startup_stm32f407xx.o(.text)
    ETH_WKUP_IRQHandler                      0x0800035f   Thumb Code     0  startup_stm32f407xx.o(.text)
    EXTI15_10_IRQHandler                     0x0800035f   Thumb Code     0  startup_stm32f407xx.o(.text)
    EXTI1_IRQHandler                         0x0800035f   Thumb Code     0  startup_stm32f407xx.o(.text)
    EXTI2_IRQHandler                         0x0800035f   Thumb Code     0  startup_stm32f407xx.o(.text)
    EXTI3_IRQHandler                         0x0800035f   Thumb Code     0  startup_stm32f407xx.o(.text)
    EXTI4_IRQHandler                         0x0800035f   Thumb Code     0  startup_stm32f407xx.o(.text)
    EXTI9_5_IRQHandler                       0x0800035f   Thumb Code     0  startup_stm32f407xx.o(.text)
    FLASH_IRQHandler                         0x0800035f   Thumb Code     0  startup_stm32f407xx.o(.text)
    FMC_IRQHandler                           0x0800035f   Thumb Code     0  startup_stm32f407xx.o(.text)
    FPU_IRQHandler                           0x0800035f   Thumb Code     0  startup_stm32f407xx.o(.text)
    HASH_RNG_IRQHandler                      0x0800035f   Thumb Code     0  startup_stm32f407xx.o(.text)
    I2C1_ER_IRQHandler                       0x0800035f   Thumb Code     0  startup_stm32f407xx.o(.text)
    I2C1_EV_IRQHandler                       0x0800035f   Thumb Code     0  startup_stm32f407xx.o(.text)
    I2C2_ER_IRQHandler                       0x0800035f   Thumb Code     0  startup_stm32f407xx.o(.text)
    I2C2_EV_IRQHandler                       0x0800035f   Thumb Code     0  startup_stm32f407xx.o(.text)
    I2C3_ER_IRQHandler                       0x0800035f   Thumb Code     0  startup_stm32f407xx.o(.text)
    I2C3_EV_IRQHandler                       0x0800035f   Thumb Code     0  startup_stm32f407xx.o(.text)
    OTG_FS_IRQHandler                        0x0800035f   Thumb Code     0  startup_stm32f407xx.o(.text)
    OTG_FS_WKUP_IRQHandler                   0x0800035f   Thumb Code     0  startup_stm32f407xx.o(.text)
    OTG_HS_EP1_IN_IRQHandler                 0x0800035f   Thumb Code     0  startup_stm32f407xx.o(.text)
    OTG_HS_EP1_OUT_IRQHandler                0x0800035f   Thumb Code     0  startup_stm32f407xx.o(.text)
    OTG_HS_IRQHandler                        0x0800035f   Thumb Code     0  startup_stm32f407xx.o(.text)
    OTG_HS_WKUP_IRQHandler                   0x0800035f   Thumb Code     0  startup_stm32f407xx.o(.text)
    PVD_IRQHandler                           0x0800035f   Thumb Code     0  startup_stm32f407xx.o(.text)
    RCC_IRQHandler                           0x0800035f   Thumb Code     0  startup_stm32f407xx.o(.text)
    RTC_Alarm_IRQHandler                     0x0800035f   Thumb Code     0  startup_stm32f407xx.o(.text)
    RTC_WKUP_IRQHandler                      0x0800035f   Thumb Code     0  startup_stm32f407xx.o(.text)
    SDIO_IRQHandler                          0x0800035f   Thumb Code     0  startup_stm32f407xx.o(.text)
    SPI1_IRQHandler                          0x0800035f   Thumb Code     0  startup_stm32f407xx.o(.text)
    SPI2_IRQHandler                          0x0800035f   Thumb Code     0  startup_stm32f407xx.o(.text)
    SPI3_IRQHandler                          0x0800035f   Thumb Code     0  startup_stm32f407xx.o(.text)
    TAMP_STAMP_IRQHandler                    0x0800035f   Thumb Code     0  startup_stm32f407xx.o(.text)
    TIM1_BRK_TIM9_IRQHandler                 0x0800035f   Thumb Code     0  startup_stm32f407xx.o(.text)
    TIM1_CC_IRQHandler                       0x0800035f   Thumb Code     0  startup_stm32f407xx.o(.text)
    TIM1_TRG_COM_TIM11_IRQHandler            0x0800035f   Thumb Code     0  startup_stm32f407xx.o(.text)
    TIM1_UP_TIM10_IRQHandler                 0x0800035f   Thumb Code     0  startup_stm32f407xx.o(.text)
    TIM5_IRQHandler                          0x0800035f   Thumb Code     0  startup_stm32f407xx.o(.text)
    TIM6_DAC_IRQHandler                      0x0800035f   Thumb Code     0  startup_stm32f407xx.o(.text)
    TIM7_IRQHandler                          0x0800035f   Thumb Code     0  startup_stm32f407xx.o(.text)
    TIM8_BRK_TIM12_IRQHandler                0x0800035f   Thumb Code     0  startup_stm32f407xx.o(.text)
    TIM8_CC_IRQHandler                       0x0800035f   Thumb Code     0  startup_stm32f407xx.o(.text)
    TIM8_TRG_COM_TIM14_IRQHandler            0x0800035f   Thumb Code     0  startup_stm32f407xx.o(.text)
    TIM8_UP_TIM13_IRQHandler                 0x0800035f   Thumb Code     0  startup_stm32f407xx.o(.text)
    UART4_IRQHandler                         0x0800035f   Thumb Code     0  startup_stm32f407xx.o(.text)
    UART5_IRQHandler                         0x0800035f   Thumb Code     0  startup_stm32f407xx.o(.text)
    USART1_IRQHandler                        0x0800035f   Thumb Code     0  startup_stm32f407xx.o(.text)
    USART2_IRQHandler                        0x0800035f   Thumb Code     0  startup_stm32f407xx.o(.text)
    USART3_IRQHandler                        0x0800035f   Thumb Code     0  startup_stm32f407xx.o(.text)
    USART6_IRQHandler                        0x0800035f   Thumb Code     0  startup_stm32f407xx.o(.text)
    WWDG_IRQHandler                          0x0800035f   Thumb Code     0  startup_stm32f407xx.o(.text)
    __scatterload                            0x08000369   Thumb Code    28  init.o(.text)
    __scatterload_rt2                        0x08000369   Thumb Code     0  init.o(.text)
    SVC_Count                                0x0800038c   Data           4  svc_table.o(SVC_TABLE)
    BusFault_Handler                         0x08000391   Thumb Code     4  stm32f4xx_it.o(i.BusFault_Handler)
    SVC_Table                                0x08000390   Data           0  svc_table.o(SVC_TABLE)
    CC2500_Init                              0x08000395   Thumb Code   280  cc2500.o(i.CC2500_Init)
    CC2500_Read                              0x080004e1   Thumb Code    72  cc2500.o(i.CC2500_Read)
    CC2500_Reset                             0x0800052d   Thumb Code    78  cc2500.o(i.CC2500_Reset)
    CC2500_TIMEOUT_UserCallback              0x080005f9   Thumb Code     4  cc2500.o(i.CC2500_TIMEOUT_UserCallback)
    CC2500_Write                             0x080005fd   Thumb Code    64  cc2500.o(i.CC2500_Write)
    CC2500_get_state                         0x08000641   Thumb Code    10  cc2500.o(i.CC2500_get_state)
    CC2500_read_one                          0x0800064b   Thumb Code    20  cc2500.o(i.CC2500_read_one)
    CC2500_write_one                         0x0800065f   Thumb Code    18  cc2500.o(i.CC2500_write_one)
    DebugMon_Handler                         0x08000671   Thumb Code     2  stm32f4xx_it.o(i.DebugMon_Handler)
    EXTI0_IRQHandler                         0x08000673   Thumb Code    10  stm32f4xx_it.o(i.EXTI0_IRQHandler)
    Error_Handler                            0x0800067d   Thumb Code    78  supporting_functions.o(i.Error_Handler)
    HAL_GPIO_EXTI_Callback                   0x080007fd   Thumb Code     2  stm32f4xx_hal_gpio.o(i.HAL_GPIO_EXTI_Callback)
    HAL_GPIO_EXTI_IRQHandler                 0x08000801   Thumb Code    24  stm32f4xx_hal_gpio.o(i.HAL_GPIO_EXTI_IRQHandler)
    HAL_GPIO_Init                            0x0800081d   Thumb Code   476  stm32f4xx_hal_gpio.o(i.HAL_GPIO_Init)
    HAL_GPIO_TogglePin                       0x08000a29   Thumb Code     8  stm32f4xx_hal_gpio.o(i.HAL_GPIO_TogglePin)
    HAL_GPIO_WritePin                        0x08000a31   Thumb Code    12  stm32f4xx_hal_gpio.o(i.HAL_GPIO_WritePin)
    HAL_GetTick                              0x08000a3d   Thumb Code     6  stm32f4xx_hal.o(i.HAL_GetTick)
    HAL_Init                                 0x08000a49   Thumb Code    54  stm32f4xx_hal.o(i.HAL_Init)
    HAL_InitTick                             0x08000a85   Thumb Code    36  stm32f4xx_hal.o(i.HAL_InitTick)
    HAL_MspInit                              0x08000aad   Thumb Code     2  stm32f4xx_hal.o(i.HAL_MspInit)
    HAL_NVIC_EnableIRQ                       0x08000aaf   Thumb Code    32  stm32f4xx_hal_cortex.o(i.HAL_NVIC_EnableIRQ)
    HAL_NVIC_SetPriority                     0x08000acf   Thumb Code   124  stm32f4xx_hal_cortex.o(i.HAL_NVIC_SetPriority)
    HAL_NVIC_SetPriorityGrouping             0x08000b4d   Thumb Code    32  stm32f4xx_hal_cortex.o(i.HAL_NVIC_SetPriorityGrouping)
    HAL_RCC_ClockConfig                      0x08000b75   Thumb Code   446  stm32f4xx_hal_rcc.o(i.HAL_RCC_ClockConfig)
    HAL_RCC_GetHCLKFreq                      0x08000d45   Thumb Code     6  stm32f4xx_hal_rcc.o(i.HAL_RCC_GetHCLKFreq)
    HAL_RCC_GetSysClockFreq                  0x08000d51   Thumb Code   168  stm32f4xx_hal_rcc.o(i.HAL_RCC_GetSysClockFreq)
    HAL_RCC_OscConfig                        0x08000e05   Thumb Code   914  stm32f4xx_hal_rcc.o(i.HAL_RCC_OscConfig)
    HAL_SPI_DeInit                           0x080011a9   Thumb Code    54  stm32f4xx_hal_spi.o(i.HAL_SPI_DeInit)
    HAL_SPI_Init                             0x080011df   Thumb Code   140  stm32f4xx_hal_spi.o(i.HAL_SPI_Init)
    HAL_SPI_MspDeInit                        0x0800126b   Thumb Code     2  stm32f4xx_hal_spi.o(i.HAL_SPI_MspDeInit)
    HAL_SPI_MspInit                          0x0800126d   Thumb Code     2  stm32f4xx_hal_spi.o(i.HAL_SPI_MspInit)
    HAL_SYSTICK_CLKSourceConfig              0x0800126f   Thumb Code    40  stm32f4xx_hal_cortex.o(i.HAL_SYSTICK_CLKSourceConfig)
    HAL_SYSTICK_Config                       0x08001297   Thumb Code    52  stm32f4xx_hal_cortex.o(i.HAL_SYSTICK_Config)
    HAL_TIMEx_BreakCallback                  0x080012cb   Thumb Code     2  stm32f4xx_hal_tim_ex.o(i.HAL_TIMEx_BreakCallback)
    HAL_TIMEx_CommutationCallback            0x080012cd   Thumb Code     2  stm32f4xx_hal_tim_ex.o(i.HAL_TIMEx_CommutationCallback)
    HAL_TIM_Base_Init                        0x080012cf   Thumb Code    52  stm32f4xx_hal_tim.o(i.HAL_TIM_Base_Init)
    HAL_TIM_Base_MspInit                     0x08001303   Thumb Code     2  stm32f4xx_hal_tim.o(i.HAL_TIM_Base_MspInit)
    HAL_TIM_Base_Start_IT                    0x08001305   Thumb Code    30  stm32f4xx_hal_tim.o(i.HAL_TIM_Base_Start_IT)
    HAL_TIM_IC_CaptureCallback               0x08001323   Thumb Code     2  stm32f4xx_hal_tim.o(i.HAL_TIM_IC_CaptureCallback)
    HAL_TIM_IRQHandler                       0x08001325   Thumb Code   406  stm32f4xx_hal_tim.o(i.HAL_TIM_IRQHandler)
    HAL_TIM_OC_DelayElapsedCallback          0x080014bb   Thumb Code     2  stm32f4xx_hal_tim.o(i.HAL_TIM_OC_DelayElapsedCallback)
    HAL_TIM_PWM_PulseFinishedCallback        0x080014bd   Thumb Code     2  stm32f4xx_hal_tim.o(i.HAL_TIM_PWM_PulseFinishedCallback)
    HAL_TIM_PeriodElapsedCallback            0x080014c1   Thumb Code    54  hardware_timer.o(i.HAL_TIM_PeriodElapsedCallback)
    HAL_TIM_TriggerCallback                  0x08001509   Thumb Code     2  stm32f4xx_hal_tim.o(i.HAL_TIM_TriggerCallback)
    HardFault_Handler                        0x0800150b   Thumb Code     4  stm32f4xx_it.o(i.HardFault_Handler)
    ITM_SendChar                             0x08001511   Thumb Code    42  retarget_io.o(i.ITM_SendChar)
    MemManage_Handler                        0x08001541   Thumb Code     4  stm32f4xx_it.o(i.MemManage_Handler)
    NMI_Handler                              0x08001545   Thumb Code     2  stm32f4xx_it.o(i.NMI_Handler)
    SPI_CC2500_ReceiveData                   0x08001547   Thumb Code    10  cc2500.o(i.SPI_CC2500_ReceiveData)
    SPI_CC2500_SendData                      0x08001551   Thumb Code     6  cc2500.o(i.SPI_CC2500_SendData)
    SystemClock_Config                       0x08001559   Thumb Code   192  sysclk_config.o(i.SystemClock_Config)
    SystemInit                               0x08001621   Thumb Code    82  system_stm32f4xx.o(i.SystemInit)
    TIM2_IRQHandler                          0x08001685   Thumb Code    10  stm32f4xx_it.o(i.TIM2_IRQHandler)
    TIM3_IRQHandler                          0x08001695   Thumb Code    10  stm32f4xx_it.o(i.TIM3_IRQHandler)
    TIM4_IRQHandler                          0x080016a5   Thumb Code    10  stm32f4xx_it.o(i.TIM4_IRQHandler)
    TIM_Base_SetConfig                       0x080016b5   Thumb Code   184  stm32f4xx_hal_tim.o(i.TIM_Base_SetConfig)
    UsageFault_Handler                       0x08001799   Thumb Code     4  stm32f4xx_it.o(i.UsageFault_Handler)
    __0printf$bare                           0x0800179d   Thumb Code     8  printfb.o(i.__0printf$bare)
    __1printf$bare                           0x0800179d   Thumb Code     0  printfb.o(i.__0printf$bare)
    __2printf                                0x0800179d   Thumb Code     0  printfb.o(i.__0printf$bare)
    __scatterload_copy                       0x080017e5   Thumb Code    14  handlers.o(i.__scatterload_copy)
    __scatterload_null                       0x080017f3   Thumb Code     2  handlers.o(i.__scatterload_null)
    __scatterload_zeroinit                   0x080017f5   Thumb Code    14  handlers.o(i.__scatterload_zeroinit)
    _init_box                                0x08001803   Thumb Code    70  rt_membox.o(i._init_box)
    dbg_init                                 0x0800186d   Thumb Code    34  hal_cm.o(i.dbg_init)
    dbg_task_notify                          0x0800189d   Thumb Code    32  hal_cm.o(i.dbg_task_notify)
    dbg_task_switch                          0x080018bd   Thumb Code    16  hal_cm.o(i.dbg_task_switch)
    display_thread                           0x080018cd   Thumb Code    20  display_thread.o(i.display_thread)
    display_thread_init                      0x080018e1   Thumb Code    18  display_thread.o(i.display_thread_init)
    fputc                                    0x080018fd   Thumb Code    26  retarget_io.o(i.fputc)
    isrMessageGet                            0x0800191d   Thumb Code    42  rt_cmsis.o(i.isrMessageGet)
    isrMessagePut                            0x08001947   Thumb Code    44  rt_cmsis.o(i.isrMessagePut)
    isrSignalSet                             0x08001973   Thumb Code    36  rt_cmsis.o(i.isrSignalSet)
    isr_evt_set                              0x08001999   Thumb Code    34  rt_event.o(i.isr_evt_set)
    isr_mbx_receive                          0x080019c1   Thumb Code    86  rt_mailbox.o(i.isr_mbx_receive)
    isr_mbx_send                             0x08001a17   Thumb Code    14  rt_mailbox.o(i.isr_mbx_send)
    led_thread                               0x08001a25   Thumb Code    30  led_thread.o(i.led_thread)
    led_thread_init                          0x08001a49   Thumb Code    18  led_thread.o(i.led_thread_init)
    main                                     0x08001a65   Thumb Code    68  main.o(i.main)
    osDelay                                  0x08001aa9   Thumb Code    18  rt_cmsis.o(i.osDelay)
    osKernelInitialize                       0x08001ac1   Thumb Code    30  rt_cmsis.o(i.osKernelInitialize)
    osKernelStart                            0x08001ae5   Thumb Code    98  rt_cmsis.o(i.osKernelStart)
    osMessageGet                             0x08001b51   Thumb Code    18  rt_cmsis.o(i.osMessageGet)
    osSignalSet                              0x08001b69   Thumb Code    18  rt_cmsis.o(i.osSignalSet)
    osSignalWait                             0x08001b81   Thumb Code    18  rt_cmsis.o(i.osSignalWait)
    osThreadCreate                           0x08001b99   Thumb Code    38  rt_cmsis.o(i.osThreadCreate)
    osThreadExit                             0x08001bc9   Thumb Code    14  rt_cmsis.o(i.osThreadExit)
    osTimerCall                              0x08001be1   Thumb Code     8  rt_cmsis.o(i.osTimerCall)
    osTimerThread                            0x08001bed   Thumb Code    38  rt_cmsis.o(i.osTimerThread)
    os_error                                 0x08001c19   Thumb Code    34  rtx_conf_cm.o(i.os_error)
    os_idle_demon                            0x08001c3b   Thumb Code     4  rtx_conf_cm.o(i.os_idle_demon)
    os_tick_init                             0x08001c41   Thumb Code    32  rt_system.o(i.os_tick_init)
    os_tick_irqack                           0x08001c69   Thumb Code     2  rt_system.o(i.os_tick_irqack)
    rt_alloc_box                             0x08001c6b   Thumb Code    26  rt_membox.o(i.rt_alloc_box)
    rt_alloc_mem                             0x08001c85   Thumb Code    62  rt_memory.o(i.rt_alloc_mem)
    rt_block                                 0x08001cc5   Thumb Code    48  rt_task.o(i.rt_block)
    rt_chk_robin                             0x08001cfd   Thumb Code    60  rt_robin.o(i.rt_chk_robin)
    rt_dec_dly                               0x08001d45   Thumb Code   102  rt_list.o(i.rt_dec_dly)
    rt_dispatch                              0x08001db5   Thumb Code    60  rt_task.o(i.rt_dispatch)
    rt_dly_wait                              0x08001df9   Thumb Code     6  rt_time.o(i.rt_dly_wait)
    rt_evt_psh                               0x08001e01   Thumb Code    76  rt_event.o(i.rt_evt_psh)
    rt_evt_set                               0x08001e51   Thumb Code    88  rt_event.o(i.rt_evt_set)
    rt_evt_wait                              0x08001ead   Thumb Code    56  rt_event.o(i.rt_evt_wait)
    rt_free_box                              0x08001ee9   Thumb Code    44  rt_membox.o(i.rt_free_box)
    rt_free_mem                              0x08001f15   Thumb Code    40  rt_memory.o(i.rt_free_mem)
    rt_get_first                             0x08001f3d   Thumb Code    40  rt_list.o(i.rt_get_first)
    rt_init_mem                              0x08001fb5   Thumb Code    26  rt_memory.o(i.rt_init_mem)
    rt_init_robin                            0x08001fd1   Thumb Code    14  rt_robin.o(i.rt_init_robin)
    rt_init_stack                            0x08001fe9   Thumb Code   118  hal_cm.o(i.rt_init_stack)
    rt_mbx_check                             0x08002069   Thumb Code     8  rt_mailbox.o(i.rt_mbx_check)
    rt_mbx_init                              0x08002071   Thumb Code    26  rt_mailbox.o(i.rt_mbx_init)
    rt_mbx_psh                               0x0800208d   Thumb Code   236  rt_mailbox.o(i.rt_mbx_psh)
    rt_mbx_wait                              0x0800217d   Thumb Code   174  rt_mailbox.o(i.rt_mbx_wait)
    rt_pop_req                               0x08002275   Thumb Code   112  rt_system.o(i.rt_pop_req)
    rt_psh_req                               0x080022f1   Thumb Code    22  rt_system.o(i.rt_psh_req)
    rt_psq_enq                               0x08002311   Thumb Code    88  rt_list.o(i.rt_psq_enq)
    rt_put_dly                               0x0800236d   Thumb Code    68  rt_list.o(i.rt_put_dly)
    rt_put_prio                              0x080023b5   Thumb Code    54  rt_list.o(i.rt_put_prio)
    rt_put_rdy_first                         0x080023ed   Thumb Code    14  rt_list.o(i.rt_put_rdy_first)
    rt_resort_prio                           0x08002401   Thumb Code    46  rt_list.o(i.rt_resort_prio)
    rt_ret_val                               0x08002445   Thumb Code    12  hal_cm.o(i.rt_ret_val)
    rt_ret_val2                              0x08002451   Thumb Code    16  hal_cm.o(i.rt_ret_val2)
    rt_rmv_dly                               0x08002461   Thumb Code    40  rt_list.o(i.rt_rmv_dly)
    rt_rmv_list                              0x08002489   Thumb Code    44  rt_list.o(i.rt_rmv_list)
    rt_sem_psh                               0x080024b9   Thumb Code    48  rt_semaphore.o(i.rt_sem_psh)
    rt_stk_check                             0x080024ed   Thumb Code    28  rt_system.o(i.rt_stk_check)
    rt_switch_req                            0x08002511   Thumb Code    30  rt_task.o(i.rt_switch_req)
    rt_sys_init                              0x08002539   Thumb Code   138  rt_task.o(i.rt_sys_init)
    rt_sys_start                             0x08002605   Thumb Code   110  rt_task.o(i.rt_sys_start)
    rt_systick                               0x0800267d   Thumb Code    50  rt_system.o(i.rt_systick)
    rt_tsk_create                            0x08002705   Thumb Code   118  rt_task.o(i.rt_tsk_create)
    rt_tsk_delete                            0x0800278d   Thumb Code   352  rt_task.o(i.rt_tsk_delete)
    rt_tsk_prio                              0x08002909   Thumb Code   108  rt_task.o(i.rt_tsk_prio)
    rt_tsk_self                              0x08002985   Thumb Code    12  rt_task.o(i.rt_tsk_self)
    svcDelay                                 0x080029a1   Thumb Code    18  rt_cmsis.o(i.svcDelay)
    svcKernelInitialize                      0x080029b5   Thumb Code    80  rt_cmsis.o(i.svcKernelInitialize)
    svcKernelStart                           0x08002a25   Thumb Code    62  rt_cmsis.o(i.svcKernelStart)
    svcMessageCreate                         0x08002a6d   Thumb Code    36  rt_cmsis.o(i.svcMessageCreate)
    svcMessageGet                            0x08002a91   Thumb Code    58  rt_cmsis.o(i.svcMessageGet)
    svcSignalSet                             0x08002acb   Thumb Code    36  rt_cmsis.o(i.svcSignalSet)
    svcSignalWait                            0x08002af1   Thumb Code    80  rt_cmsis.o(i.svcSignalWait)
    svcThreadCreate                          0x08002b45   Thumb Code   100  rt_cmsis.o(i.svcThreadCreate)
    svcThreadGetId                           0x08002bb5   Thumb Code    22  rt_cmsis.o(i.svcThreadGetId)
    svcThreadTerminate                       0x08002bd1   Thumb Code    50  rt_cmsis.o(i.svcThreadTerminate)
    svcTimerCall                             0x08002c09   Thumb Code    24  rt_cmsis.o(i.svcTimerCall)
    sysTimerTick                             0x08002c21   Thumb Code    84  rt_cmsis.o(i.sysTimerTick)
    tim2_init                                0x08002c7d   Thumb Code   104  hardware_timer.o(i.tim2_init)
    tim3_init                                0x08002ced   Thumb Code   106  hardware_timer.o(i.tim3_init)
    tim4_init                                0x08002d65   Thumb Code   104  hardware_timer.o(i.tim4_init)
    transceiver_thread                       0x08002dd9   Thumb Code    20  transceiver_thread.o(i.transceiver_thread)
    transceiver_thread_init                  0x08002ded   Thumb Code    18  transceiver_thread.o(i.transceiver_thread_init)
    os_thread_def_display_thread             0x08002e08   Data          16  display_thread.o(.constdata)
    os_thread_def_led_thread                 0x08002e18   Data          16  led_thread.o(.constdata)
    os_thread_def_transceiver_thread         0x08002e28   Data          16  transceiver_thread.o(.constdata)
    os_maxtaskrun                            0x08002e38   Data           2  rtx_conf_cm.o(.constdata)
    os_stackinfo                             0x08002e3c   Data           4  rtx_conf_cm.o(.constdata)
    os_rrobin                                0x08002e40   Data           4  rtx_conf_cm.o(.constdata)
    os_tickfreq                              0x08002e44   Data           4  rtx_conf_cm.o(.constdata)
    os_tickus_i                              0x08002e48   Data           2  rtx_conf_cm.o(.constdata)
    os_tickus_f                              0x08002e4a   Data           2  rtx_conf_cm.o(.constdata)
    os_trv                                   0x08002e4c   Data           4  rtx_conf_cm.o(.constdata)
    os_flags                                 0x08002e50   Data           1  rtx_conf_cm.o(.constdata)
    CMSIS_RTOS_API_Version                   0x08002e54   Data           4  rtx_conf_cm.o(.constdata)
    CMSIS_RTOS_RTX_Version                   0x08002e58   Data           4  rtx_conf_cm.o(.constdata)
    os_clockrate                             0x08002e5c   Data           4  rtx_conf_cm.o(.constdata)
    os_timernum                              0x08002e60   Data           4  rtx_conf_cm.o(.constdata)
    mp_tcb_size                              0x08002e64   Data           2  rtx_conf_cm.o(.constdata)
    mp_stk_size                              0x08002e68   Data           4  rtx_conf_cm.o(.constdata)
    os_stack_sz                              0x08002e6c   Data           4  rtx_conf_cm.o(.constdata)
    os_fifo_size                             0x08002e70   Data           1  rtx_conf_cm.o(.constdata)
    os_thread_def_osTimerThread              0x08002e74   Data          16  rtx_conf_cm.o(.constdata)
    os_messageQ_def_osTimerMessageQ          0x08002e84   Data           8  rtx_conf_cm.o(.constdata)
    mp_tmr_size                              0x08002e8c   Data           2  rtx_conf_cm.o(.constdata)
    os_thread_def_main                       0x08002e90   Data          16  rtx_conf_cm.o(.constdata)
    APBAHBPrescTable                         0x08002ea0   Data          16  stm32f4xx_hal_rcc.o(.constdata)
    Region$$Table$$Base                      0x08002eb0   Number         0  anon$$obj.o(Region$$Table)
    Region$$Table$$Limit                     0x08002ed0   Number         0  anon$$obj.o(Region$$Table)
    cc2500_initial_configuration             0x20000000   Data          72  cc2500.o(.data)
    CC2500Timeout                            0x20000048   Data           4  cc2500.o(.data)
    display_thread_ID                        0x20000050   Data           4  display_thread.o(.data)
    led_thread_ID                            0x20000054   Data           4  led_thread.o(.data)
    transceiver_thread_ID                    0x20000058   Data           4  transceiver_thread.o(.data)
    osThreadId_osTimerThread                 0x2000005c   Data           4  rtx_conf_cm.o(.data)
    osMessageQId_osTimerMessageQ             0x20000060   Data           4  rtx_conf_cm.o(.data)
    os_tmr                                   0x20000064   Data           4  rtx_conf_cm.o(.data)
    m_tmr                                    0x20000068   Data           4  rtx_conf_cm.o(.data)
    uwTick                                   0x2000006c   Data           4  stm32f4xx_hal.o(.data)
    SystemCoreClock                          0x20000070   Data           4  system_stm32f4xx.o(.data)
    os_initialized                           0x20000074   Data           1  rt_cmsis.o(.data)
    os_running                               0x20000075   Data           1  rt_cmsis.o(.data)
    os_timer_head                            0x20000078   Data           4  rt_cmsis.o(.data)
    os_tsk                                   0x2000007c   Data           8  rt_task.o(.data)
    os_tick_irqn                             0x20000088   Data           4  rt_system.o(.data)
    os_time                                  0x2000008c   Data           4  rt_time.o(.data)
    dbg_msg                                  0x20000090   Data           1  hal_cm.o(.data)
    os_robin                                 0x20000094   Data           8  rt_robin.o(.data)
    __stdout                                 0x2000009c   Data           4  stdout.o(.data)
    TIM_Handle3                              0x200000a0   Data          60  hardware_timer.o(.bss)
    TIM_Handle4                              0x200000dc   Data          60  hardware_timer.o(.bss)
    TIM_Handle2                              0x20000118   Data          60  hardware_timer.o(.bss)
    SpiHandle_CC2500                         0x20000154   Data          88  cc2500.o(.bss)
    mp_tcb                                   0x200001b0   Data         376  rtx_conf_cm.o(.bss)
    mp_stk                                   0x20000328   Data        4816  rtx_conf_cm.o(.bss)
    os_stack_mem                             0x200015f8   Data        1032  rtx_conf_cm.o(.bss)
    os_fifo                                  0x20001a00   Data         132  rtx_conf_cm.o(.bss)
    os_active_TCB                            0x20001a84   Data          28  rtx_conf_cm.o(.bss)
    os_messageQ_q_osTimerMessageQ            0x20001aa0   Data          32  rtx_conf_cm.o(.bss)
    os_idle_TCB                              0x20001ac0   Data          52  rt_task.o(.bss)
    os_rdy                                   0x20001af4   Data          24  rt_list.o(.bss)
    os_dly                                   0x20001b0c   Data          24  rt_list.o(.bss)
    __initial_sp                             0x20001f28   Data           0  startup_stm32f407xx.o(STACK)



==============================================================================

Memory Map of the image

  Image Entry point : 0x08000345

  Load Region LR_1 (Base: 0x08000000, Size: 0x00002f70, Max: 0xffffffff, ABSOLUTE)

    Execution Region ER_RO (Base: 0x08000000, Size: 0x00002ed0, Max: 0xffffffff, ABSOLUTE)

    Base Addr    Size         Type   Attr      Idx    E Section Name        Object

    0x08000000   0x00000188   Data   RO         5126    RESET               startup_stm32f407xx.o
    0x08000188   0x00000000   Code   RO         6387  * .ARM.Collect$$$$00000000  mc_w.l(entry.o)
    0x08000188   0x00000004   Code   RO         6658    .ARM.Collect$$$$00000001  mc_w.l(entry2.o)
    0x0800018c   0x00000004   Code   RO         6661    .ARM.Collect$$$$00000004  mc_w.l(entry5.o)
    0x08000190   0x00000000   Code   RO         6663    .ARM.Collect$$$$00000008  mc_w.l(entry7b.o)
    0x08000190   0x00000000   Code   RO         6665    .ARM.Collect$$$$0000000A  mc_w.l(entry8b.o)
    0x08000190   0x00000000   Code   RO         6666    .ARM.Collect$$$$0000000D  mc_w.l(entry10a.o)
    0x08000190   0x00000000   Code   RO         6668    .ARM.Collect$$$$0000000F  mc_w.l(entry11a.o)
    0x08000190   0x00000018   Code   RO          762    .ARM.Collect$$$$000000FF  rtx_conf_cm.o
    0x080001a8   0x00000004   Code   RO         6659    .ARM.Collect$$$$00002712  mc_w.l(entry2.o)
    0x080001ac   0x00000198   Code   RO         6374    .emb_text           RTX_CM4.lib(hal_cm4.o)
    0x08000344   0x00000024   Code   RO         5127  * .text               startup_stm32f407xx.o
    0x08000368   0x00000024   Code   RO         6687    .text               mc_w.l(init.o)
    0x0800038c   0x00000004   Code   RO         6384    SVC_TABLE           RTX_CM4.lib(svc_table.o)
    0x08000390   0x00000004   Code   RO          392    i.BusFault_Handler  stm32f4xx_it.o
    0x08000394   0x0000014c   Code   RO          509    i.CC2500_Init       cc2500.o
    0x080004e0   0x0000004c   Code   RO          510    i.CC2500_Read       cc2500.o
    0x0800052c   0x00000058   Code   RO          511    i.CC2500_Reset      cc2500.o
    0x08000584   0x00000074   Code   RO          512    i.CC2500_SendByte   cc2500.o
    0x080005f8   0x00000004   Code   RO          513    i.CC2500_TIMEOUT_UserCallback  cc2500.o
    0x080005fc   0x00000044   Code   RO          514    i.CC2500_Write      cc2500.o
    0x08000640   0x0000000a   Code   RO          582    i.CC2500_get_state  cc2500.o
    0x0800064a   0x00000014   Code   RO          572    i.CC2500_read_one   cc2500.o
    0x0800065e   0x00000012   Code   RO          577    i.CC2500_write_one  cc2500.o
    0x08000670   0x00000002   Code   RO          393    i.DebugMon_Handler  stm32f4xx_it.o
    0x08000672   0x0000000a   Code   RO          394    i.EXTI0_IRQHandler  stm32f4xx_it.o
    0x0800067c   0x00000180   Code   RO          470    i.Error_Handler     supporting_functions.o
    0x080007fc   0x00000002   Code   RO         1790    i.HAL_GPIO_EXTI_Callback  stm32f4xx_hal_gpio.o
    0x080007fe   0x00000002   PAD
    0x08000800   0x0000001c   Code   RO         1791    i.HAL_GPIO_EXTI_IRQHandler  stm32f4xx_hal_gpio.o
    0x0800081c   0x0000020c   Code   RO         1792    i.HAL_GPIO_Init     stm32f4xx_hal_gpio.o
    0x08000a28   0x00000008   Code   RO         1795    i.HAL_GPIO_TogglePin  stm32f4xx_hal_gpio.o
    0x08000a30   0x0000000c   Code   RO         1796    i.HAL_GPIO_WritePin  stm32f4xx_hal_gpio.o
    0x08000a3c   0x0000000c   Code   RO          882    i.HAL_GetTick       stm32f4xx_hal.o
    0x08000a48   0x0000003c   Code   RO          884    i.HAL_Init          stm32f4xx_hal.o
    0x08000a84   0x00000028   Code   RO          885    i.HAL_InitTick      stm32f4xx_hal.o
    0x08000aac   0x00000002   Code   RO          887    i.HAL_MspInit       stm32f4xx_hal.o
    0x08000aae   0x00000020   Code   RO         1294    i.HAL_NVIC_EnableIRQ  stm32f4xx_hal_cortex.o
    0x08000ace   0x0000007c   Code   RO         1300    i.HAL_NVIC_SetPriority  stm32f4xx_hal_cortex.o
    0x08000b4a   0x00000002   PAD
    0x08000b4c   0x00000028   Code   RO         1301    i.HAL_NVIC_SetPriorityGrouping  stm32f4xx_hal_cortex.o
    0x08000b74   0x000001d0   Code   RO         2733    i.HAL_RCC_ClockConfig  stm32f4xx_hal_rcc.o
    0x08000d44   0x0000000c   Code   RO         2738    i.HAL_RCC_GetHCLKFreq  stm32f4xx_hal_rcc.o
    0x08000d50   0x000000b4   Code   RO         2742    i.HAL_RCC_GetSysClockFreq  stm32f4xx_hal_rcc.o
    0x08000e04   0x000003a4   Code   RO         2745    i.HAL_RCC_OscConfig  stm32f4xx_hal_rcc.o
    0x080011a8   0x00000036   Code   RO         3240    i.HAL_SPI_DeInit    stm32f4xx_hal_spi.o
    0x080011de   0x0000008c   Code   RO         3245    i.HAL_SPI_Init      stm32f4xx_hal_spi.o
    0x0800126a   0x00000002   Code   RO         3246    i.HAL_SPI_MspDeInit  stm32f4xx_hal_spi.o
    0x0800126c   0x00000002   Code   RO         3247    i.HAL_SPI_MspInit   stm32f4xx_hal_spi.o
    0x0800126e   0x00000028   Code   RO         1303    i.HAL_SYSTICK_CLKSourceConfig  stm32f4xx_hal_cortex.o
    0x08001296   0x00000034   Code   RO         1305    i.HAL_SYSTICK_Config  stm32f4xx_hal_cortex.o
    0x080012ca   0x00000002   Code   RO         4267    i.HAL_TIMEx_BreakCallback  stm32f4xx_hal_tim_ex.o
    0x080012cc   0x00000002   Code   RO         4268    i.HAL_TIMEx_CommutationCallback  stm32f4xx_hal_tim_ex.o
    0x080012ce   0x00000034   Code   RO         3628    i.HAL_TIM_Base_Init  stm32f4xx_hal_tim.o
    0x08001302   0x00000002   Code   RO         3630    i.HAL_TIM_Base_MspInit  stm32f4xx_hal_tim.o
    0x08001304   0x0000001e   Code   RO         3633    i.HAL_TIM_Base_Start_IT  stm32f4xx_hal_tim.o
    0x08001322   0x00000002   Code   RO         3657    i.HAL_TIM_IC_CaptureCallback  stm32f4xx_hal_tim.o
    0x08001324   0x00000196   Code   RO         3670    i.HAL_TIM_IRQHandler  stm32f4xx_hal_tim.o
    0x080014ba   0x00000002   Code   RO         3673    i.HAL_TIM_OC_DelayElapsedCallback  stm32f4xx_hal_tim.o
    0x080014bc   0x00000002   Code   RO         3700    i.HAL_TIM_PWM_PulseFinishedCallback  stm32f4xx_hal_tim.o
    0x080014be   0x00000002   PAD
    0x080014c0   0x00000048   Code   RO          276    i.HAL_TIM_PeriodElapsedCallback  hardware_timer.o
    0x08001508   0x00000002   Code   RO         3711    i.HAL_TIM_TriggerCallback  stm32f4xx_hal_tim.o
    0x0800150a   0x00000004   Code   RO          395    i.HardFault_Handler  stm32f4xx_it.o
    0x0800150e   0x00000002   PAD
    0x08001510   0x00000030   Code   RO          801    i.ITM_SendChar      retarget_io.o
    0x08001540   0x00000004   Code   RO          396    i.MemManage_Handler  stm32f4xx_it.o
    0x08001544   0x00000002   Code   RO          397    i.NMI_Handler       stm32f4xx_it.o
    0x08001546   0x0000000a   Code   RO          515    i.SPI_CC2500_ReceiveData  cc2500.o
    0x08001550   0x00000006   Code   RO          516    i.SPI_CC2500_SendData  cc2500.o
    0x08001556   0x00000002   PAD
    0x08001558   0x000000c8   Code   RO          485    i.SystemClock_Config  sysclk_config.o
    0x08001620   0x00000064   Code   RO         5135    i.SystemInit        system_stm32f4xx.o
    0x08001684   0x00000010   Code   RO          398    i.TIM2_IRQHandler   stm32f4xx_it.o
    0x08001694   0x00000010   Code   RO          399    i.TIM3_IRQHandler   stm32f4xx_it.o
    0x080016a4   0x00000010   Code   RO          400    i.TIM4_IRQHandler   stm32f4xx_it.o
    0x080016b4   0x000000e4   Code   RO         3712    i.TIM_Base_SetConfig  stm32f4xx_hal_tim.o
    0x08001798   0x00000004   Code   RO          401    i.UsageFault_Handler  stm32f4xx_it.o
    0x0800179c   0x00000010   Code   RO         6399    i.__0printf$bare    mc_w.l(printfb.o)
    0x080017ac   0x00000010   Code   RO         1307    i.__NVIC_GetPriorityGrouping  stm32f4xx_hal_cortex.o
    0x080017bc   0x00000028   Code   RO         1308    i.__NVIC_SetPriority  stm32f4xx_hal_cortex.o
    0x080017e4   0x0000000e   Code   RO         6695    i.__scatterload_copy  mc_w.l(handlers.o)
    0x080017f2   0x00000002   Code   RO         6696    i.__scatterload_null  mc_w.l(handlers.o)
    0x080017f4   0x0000000e   Code   RO         6697    i.__scatterload_zeroinit  mc_w.l(handlers.o)
    0x08001802   0x00000046   Code   RO         6247    i._init_box         RTX_CM4.lib(rt_membox.o)
    0x08001848   0x00000022   Code   RO         6406    i._printf_core      mc_w.l(printfb.o)
    0x0800186a   0x00000002   PAD
    0x0800186c   0x00000030   Code   RO         6300    i.dbg_init          RTX_CM4.lib(hal_cm.o)
    0x0800189c   0x00000020   Code   RO         6301    i.dbg_task_notify   RTX_CM4.lib(hal_cm.o)
    0x080018bc   0x00000010   Code   RO         6302    i.dbg_task_switch   RTX_CM4.lib(hal_cm.o)
    0x080018cc   0x00000014   Code   RO          663    i.display_thread    display_thread.o
    0x080018e0   0x0000001c   Code   RO          664    i.display_thread_init  display_thread.o
    0x080018fc   0x00000020   Code   RO          806    i.fputc             retarget_io.o
    0x0800191c   0x0000002a   Code   RO         5171    i.isrMessageGet     RTX_CM4.lib(rt_cmsis.o)
    0x08001946   0x0000002c   Code   RO         5172    i.isrMessagePut     RTX_CM4.lib(rt_cmsis.o)
    0x08001972   0x00000024   Code   RO         5174    i.isrSignalSet      RTX_CM4.lib(rt_cmsis.o)
    0x08001996   0x00000002   PAD
    0x08001998   0x00000028   Code   RO         5971    i.isr_evt_set       RTX_CM4.lib(rt_event.o)
    0x080019c0   0x00000056   Code   RO         6093    i.isr_mbx_receive   RTX_CM4.lib(rt_mailbox.o)
    0x08001a16   0x0000000e   Code   RO         6094    i.isr_mbx_send      RTX_CM4.lib(rt_mailbox.o)
    0x08001a24   0x00000024   Code   RO          697    i.led_thread        led_thread.o
    0x08001a48   0x0000001c   Code   RO          698    i.led_thread_init   led_thread.o
    0x08001a64   0x00000044   Code   RO            4    i.main              main.o
    0x08001aa8   0x00000018   Code   RO         5175    i.osDelay           RTX_CM4.lib(rt_cmsis.o)
    0x08001ac0   0x00000024   Code   RO         5176    i.osKernelInitialize  RTX_CM4.lib(rt_cmsis.o)
    0x08001ae4   0x0000006c   Code   RO         5178    i.osKernelStart     RTX_CM4.lib(rt_cmsis.o)
    0x08001b50   0x00000018   Code   RO         5187    i.osMessageGet      RTX_CM4.lib(rt_cmsis.o)
    0x08001b68   0x00000018   Code   RO         5202    i.osSignalSet       RTX_CM4.lib(rt_cmsis.o)
    0x08001b80   0x00000018   Code   RO         5203    i.osSignalWait      RTX_CM4.lib(rt_cmsis.o)
    0x08001b98   0x00000030   Code   RO         5204    i.osThreadCreate    RTX_CM4.lib(rt_cmsis.o)
    0x08001bc8   0x00000018   Code   RO         5205    i.osThreadExit      RTX_CM4.lib(rt_cmsis.o)
    0x08001be0   0x0000000c   Code   RO         5211    i.osTimerCall       RTX_CM4.lib(rt_cmsis.o)
    0x08001bec   0x0000002c   Code   RO         5216    i.osTimerThread     RTX_CM4.lib(rt_cmsis.o)
    0x08001c18   0x00000022   Code   RO          763    i.os_error          rtx_conf_cm.o
    0x08001c3a   0x00000004   Code   RO          764    i.os_idle_demon     rtx_conf_cm.o
    0x08001c3e   0x00000002   PAD
    0x08001c40   0x00000028   Code   RO         5881    i.os_tick_init      RTX_CM4.lib(rt_system.o)
    0x08001c68   0x00000002   Code   RO         5882    i.os_tick_irqack    RTX_CM4.lib(rt_system.o)
    0x08001c6a   0x0000001a   Code   RO         6248    i.rt_alloc_box      RTX_CM4.lib(rt_membox.o)
    0x08001c84   0x0000003e   Code   RO         6276    i.rt_alloc_mem      RTX_CM4.lib(rt_memory.o)
    0x08001cc2   0x00000002   PAD
    0x08001cc4   0x00000038   Code   RO         5796    i.rt_block          RTX_CM4.lib(rt_task.o)
    0x08001cfc   0x00000048   Code   RO         6353    i.rt_chk_robin      RTX_CM4.lib(rt_robin.o)
    0x08001d44   0x00000070   Code   RO         6017    i.rt_dec_dly        RTX_CM4.lib(rt_list.o)
    0x08001db4   0x00000044   Code   RO         5797    i.rt_dispatch       RTX_CM4.lib(rt_task.o)
    0x08001df8   0x00000006   Code   RO         6183    i.rt_dly_wait       RTX_CM4.lib(rt_time.o)
    0x08001dfe   0x00000002   PAD
    0x08001e00   0x00000050   Code   RO         5974    i.rt_evt_psh        RTX_CM4.lib(rt_event.o)
    0x08001e50   0x0000005c   Code   RO         5975    i.rt_evt_set        RTX_CM4.lib(rt_event.o)
    0x08001eac   0x0000003c   Code   RO         5976    i.rt_evt_wait       RTX_CM4.lib(rt_event.o)
    0x08001ee8   0x0000002c   Code   RO         6249    i.rt_free_box       RTX_CM4.lib(rt_membox.o)
    0x08001f14   0x00000028   Code   RO         6277    i.rt_free_mem       RTX_CM4.lib(rt_memory.o)
    0x08001f3c   0x00000028   Code   RO         6018    i.rt_get_first      RTX_CM4.lib(rt_list.o)
    0x08001f64   0x00000008   Code   RO         5221    i.rt_id2obj         RTX_CM4.lib(rt_cmsis.o)
    0x08001f6c   0x00000048   Code   RO         5798    i.rt_init_context   RTX_CM4.lib(rt_task.o)
    0x08001fb4   0x0000001a   Code   RO         6278    i.rt_init_mem       RTX_CM4.lib(rt_memory.o)
    0x08001fce   0x00000002   PAD
    0x08001fd0   0x00000018   Code   RO         6354    i.rt_init_robin     RTX_CM4.lib(rt_robin.o)
    0x08001fe8   0x00000080   Code   RO         6303    i.rt_init_stack     RTX_CM4.lib(hal_cm.o)
    0x08002068   0x00000008   Code   RO         6095    i.rt_mbx_check      RTX_CM4.lib(rt_mailbox.o)
    0x08002070   0x0000001a   Code   RO         6096    i.rt_mbx_init       RTX_CM4.lib(rt_mailbox.o)
    0x0800208a   0x00000002   PAD
    0x0800208c   0x000000f0   Code   RO         6097    i.rt_mbx_psh        RTX_CM4.lib(rt_mailbox.o)
    0x0800217c   0x000000b4   Code   RO         6099    i.rt_mbx_wait       RTX_CM4.lib(rt_mailbox.o)
    0x08002230   0x00000044   Code   RO         5222    i.rt_ms2tick        RTX_CM4.lib(rt_cmsis.o)
    0x08002274   0x0000007c   Code   RO         5885    i.rt_pop_req        RTX_CM4.lib(rt_system.o)
    0x080022f0   0x00000020   Code   RO         5886    i.rt_psh_req        RTX_CM4.lib(rt_system.o)
    0x08002310   0x0000005c   Code   RO         6020    i.rt_psq_enq        RTX_CM4.lib(rt_list.o)
    0x0800236c   0x00000048   Code   RO         6021    i.rt_put_dly        RTX_CM4.lib(rt_list.o)
    0x080023b4   0x00000036   Code   RO         6022    i.rt_put_prio       RTX_CM4.lib(rt_list.o)
    0x080023ea   0x00000002   PAD
    0x080023ec   0x00000014   Code   RO         6023    i.rt_put_rdy_first  RTX_CM4.lib(rt_list.o)
    0x08002400   0x00000034   Code   RO         6024    i.rt_resort_prio    RTX_CM4.lib(rt_list.o)
    0x08002434   0x00000010   Code   RO         6304    i.rt_ret_regs       RTX_CM4.lib(hal_cm.o)
    0x08002444   0x0000000c   Code   RO         6305    i.rt_ret_val        RTX_CM4.lib(hal_cm.o)
    0x08002450   0x00000010   Code   RO         6306    i.rt_ret_val2       RTX_CM4.lib(hal_cm.o)
    0x08002460   0x00000028   Code   RO         6025    i.rt_rmv_dly        RTX_CM4.lib(rt_list.o)
    0x08002488   0x00000030   Code   RO         6026    i.rt_rmv_list       RTX_CM4.lib(rt_list.o)
    0x080024b8   0x00000034   Code   RO         6144    i.rt_sem_psh        RTX_CM4.lib(rt_semaphore.o)
    0x080024ec   0x00000024   Code   RO         5888    i.rt_stk_check      RTX_CM4.lib(rt_system.o)
    0x08002510   0x00000028   Code   RO         5799    i.rt_switch_req     RTX_CM4.lib(rt_task.o)
    0x08002538   0x000000cc   Code   RO         5800    i.rt_sys_init       RTX_CM4.lib(rt_task.o)
    0x08002604   0x00000078   Code   RO         5801    i.rt_sys_start      RTX_CM4.lib(rt_task.o)
    0x0800267c   0x00000040   Code   RO         5890    i.rt_systick        RTX_CM4.lib(rt_system.o)
    0x080026bc   0x00000012   Code   RO         5223    i.rt_tid2ptcb       RTX_CM4.lib(rt_cmsis.o)
    0x080026ce   0x00000002   PAD
    0x080026d0   0x00000034   Code   RO         5224    i.rt_timer_insert   RTX_CM4.lib(rt_cmsis.o)
    0x08002704   0x00000088   Code   RO         5802    i.rt_tsk_create     RTX_CM4.lib(rt_task.o)
    0x0800278c   0x0000017c   Code   RO         5803    i.rt_tsk_delete     RTX_CM4.lib(rt_task.o)
    0x08002908   0x0000007c   Code   RO         5805    i.rt_tsk_prio       RTX_CM4.lib(rt_task.o)
    0x08002984   0x00000010   Code   RO         5806    i.rt_tsk_self       RTX_CM4.lib(rt_task.o)
    0x08002994   0x0000000c   Code   RO          807    i.stdout_putchar    retarget_io.o
    0x080029a0   0x00000012   Code   RO         5226    i.svcDelay          RTX_CM4.lib(rt_cmsis.o)
    0x080029b2   0x00000002   PAD
    0x080029b4   0x00000070   Code   RO         5227    i.svcKernelInitialize  RTX_CM4.lib(rt_cmsis.o)
    0x08002a24   0x00000048   Code   RO         5229    i.svcKernelStart    RTX_CM4.lib(rt_cmsis.o)
    0x08002a6c   0x00000024   Code   RO         5232    i.svcMessageCreate  RTX_CM4.lib(rt_cmsis.o)
    0x08002a90   0x0000003a   Code   RO         5233    i.svcMessageGet     RTX_CM4.lib(rt_cmsis.o)
    0x08002aca   0x00000024   Code   RO         5245    i.svcSignalSet      RTX_CM4.lib(rt_cmsis.o)
    0x08002aee   0x00000002   PAD
    0x08002af0   0x00000054   Code   RO         5246    i.svcSignalWait     RTX_CM4.lib(rt_cmsis.o)
    0x08002b44   0x00000070   Code   RO         5247    i.svcThreadCreate   RTX_CM4.lib(rt_cmsis.o)
    0x08002bb4   0x0000001c   Code   RO         5248    i.svcThreadGetId    RTX_CM4.lib(rt_cmsis.o)
    0x08002bd0   0x00000038   Code   RO         5251    i.svcThreadTerminate  RTX_CM4.lib(rt_cmsis.o)
    0x08002c08   0x00000018   Code   RO         5253    i.svcTimerCall      RTX_CM4.lib(rt_cmsis.o)
    0x08002c20   0x0000005c   Code   RO         5262    i.sysTimerTick      RTX_CM4.lib(rt_cmsis.o)
    0x08002c7c   0x00000070   Code   RO          277    i.tim2_init         hardware_timer.o
    0x08002cec   0x00000078   Code   RO          278    i.tim3_init         hardware_timer.o
    0x08002d64   0x00000074   Code   RO          279    i.tim4_init         hardware_timer.o
    0x08002dd8   0x00000014   Code   RO          731    i.transceiver_thread  transceiver_thread.o
    0x08002dec   0x0000001c   Code   RO          732    i.transceiver_thread_init  transceiver_thread.o
    0x08002e08   0x00000010   Data   RO          665    .constdata          display_thread.o
    0x08002e18   0x00000010   Data   RO          699    .constdata          led_thread.o
    0x08002e28   0x00000010   Data   RO          733    .constdata          transceiver_thread.o
    0x08002e38   0x00000068   Data   RO          766    .constdata          rtx_conf_cm.o
    0x08002ea0   0x00000010   Data   RO         2746    .constdata          stm32f4xx_hal_rcc.o
    0x08002eb0   0x00000020   Data   RO         6693    Region$$Table       anon$$obj.o


    Execution Region ER_RW (Base: 0x20000000, Size: 0x000000a0, Max: 0xffffffff, ABSOLUTE)

    Base Addr    Size         Type   Attr      Idx    E Section Name        Object

    0x20000000   0x0000004d   Data   RW          518    .data               cc2500.o
    0x2000004d   0x00000003   PAD
    0x20000050   0x00000004   Data   RW          666    .data               display_thread.o
    0x20000054   0x00000004   Data   RW          700    .data               led_thread.o
    0x20000058   0x00000004   Data   RW          734    .data               transceiver_thread.o
    0x2000005c   0x00000010   Data   RW          767    .data               rtx_conf_cm.o
    0x2000006c   0x00000004   Data   RW          890    .data               stm32f4xx_hal.o
    0x20000070   0x00000004   Data   RW         5137    .data               system_stm32f4xx.o
    0x20000074   0x00000008   Data   RW         5265    .data               RTX_CM4.lib(rt_cmsis.o)
    0x2000007c   0x00000008   Data   RW         5808    .data               RTX_CM4.lib(rt_task.o)
    0x20000084   0x00000008   Data   RW         5893    .data               RTX_CM4.lib(rt_system.o)
    0x2000008c   0x00000004   Data   RW         6187    .data               RTX_CM4.lib(rt_time.o)
    0x20000090   0x00000001   Data   RW         6307    .data               RTX_CM4.lib(hal_cm.o)
    0x20000091   0x00000003   PAD
    0x20000094   0x00000008   Data   RW         6355    .data               RTX_CM4.lib(rt_robin.o)
    0x2000009c   0x00000004   Data   RW         6394    .data               mc_w.l(stdout.o)


    Execution Region ER_ZI (Base: 0x200000a0, Size: 0x00001e88, Max: 0xffffffff, ABSOLUTE)

    Base Addr    Size         Type   Attr      Idx    E Section Name        Object

    0x200000a0   0x000000b4   Zero   RW          280    .bss                hardware_timer.o
    0x20000154   0x00000058   Zero   RW          517    .bss                cc2500.o
    0x200001ac   0x00000004   PAD
    0x200001b0   0x00001910   Zero   RW          765    .bss                rtx_conf_cm.o
    0x20001ac0   0x00000034   Zero   RW         5807    .bss                RTX_CM4.lib(rt_task.o)
    0x20001af4   0x00000030   Zero   RW         6027    .bss                RTX_CM4.lib(rt_list.o)
    0x20001b24   0x00000004   PAD
    0x20001b28   0x00000400   Zero   RW         5124    STACK               startup_stm32f407xx.o


==============================================================================

Image component sizes


      Code (inc. data)   RO Data    RW Data    ZI Data      Debug   Object Name

       748         78          0         77         88       8469   cc2500.o
        48         10         16          4          0       1556   display_thread.o
       420         52          0          0        180       3398   hardware_timer.o
        64         16         16          4          0       1500   led_thread.o
        68          0          0          0          0     314481   main.o
        92         12          0          0          0       1759   retarget_io.o
        62          6        104         16       6416       7656   rtx_conf_cm.o
        36          8        392          0       1024        836   startup_stm32f407xx.o
       114         16          0          4          0       3839   stm32f4xx_hal.o
       344         22          0          0          0      32889   stm32f4xx_hal_cortex.o
       574         52          0          0          0       4473   stm32f4xx_hal_gpio.o
      1588         54         16          0          0       4721   stm32f4xx_hal_rcc.o
       198          0          0          0          0       3130   stm32f4xx_hal_spi.o
       726         44          0          0          0       6658   stm32f4xx_hal_tim.o
         4          0          0          0          0       1730   stm32f4xx_hal_tim_ex.o
        78         18          0          0          0       4470   stm32f4xx_it.o
       384        312          0          0          0        564   supporting_functions.o
       200          8          0          0          0       1113   sysclk_config.o
       100         18          0          4          0       1169   system_stm32f4xx.o
         0          0          0          0          0       1240   transceiver_protocol.o
        48         10         16          4          0       1616   transceiver_thread.o

    ----------------------------------------------------------------------
      5908        736        592        116       7712     407267   Object Totals
         0          0         32          0          0          0   (incl. Generated)
        12          0          0          3          4          0   (incl. Padding)

    ----------------------------------------------------------------------

      Code (inc. data)   RO Data    RW Data    ZI Data      Debug   Library Member Name

       268         24          0          1          0       4452   hal_cm.o
       408         34          0          0          0        816   hal_cm4.o
      1364        162          0          8          0      38474   rt_cmsis.o
       272         18          0          0          0       2810   rt_event.o
       530         34          0          0         48       8597   rt_list.o
       554         10          0          0          0       4189   rt_mailbox.o
       140          0          0          0          0       2045   rt_membox.o
       128          0          0          0          0       2419   rt_memory.o
        96         22          0          8          0       1230   rt_robin.o
        52          4          0          0          0        613   rt_semaphore.o
       298         52          0          8          0       6439   rt_system.o
      1216        174          0          8         52      10025   rt_task.o
         6          0          0          4          0        684   rt_time.o
         4          4          0          0          0        200   svc_table.o
         0          0          0          0          0          0   entry.o
         0          0          0          0          0          0   entry10a.o
         0          0          0          0          0          0   entry11a.o
         8          4          0          0          0          0   entry2.o
         4          0          0          0          0          0   entry5.o
         0          0          0          0          0          0   entry7b.o
         0          0          0          0          0          0   entry8b.o
        30          0          0          0          0          0   handlers.o
        36          8          0          0          0         68   init.o
        50          8          0          0          0        152   printfb.o
         0          0          0          4          0          0   stdout.o

    ----------------------------------------------------------------------
      5484        558          0         44        104      83213   Library Totals
        20          0          0          3          4          0   (incl. Padding)

    ----------------------------------------------------------------------

      Code (inc. data)   RO Data    RW Data    ZI Data      Debug   Library Name

      5336        538          0         37        100      82993   RTX_CM4.lib
       128         20          0          4          0        220   mc_w.l

    ----------------------------------------------------------------------
      5484        558          0         44        104      83213   Library Totals

    ----------------------------------------------------------------------

==============================================================================


      Code (inc. data)   RO Data    RW Data    ZI Data      Debug   

     11392       1294        592        160       7816     475832   Grand Totals
     11392       1294        592        160       7816     475832   ELF Image Totals
     11392       1294        592        160          0          0   ROM Totals

==============================================================================

    Total RO  Size (Code + RO Data)                11984 (  11.70kB)
    Total RW  Size (RW Data + ZI Data)              7976 (   7.79kB)
    Total ROM Size (Code + RO Data + RW Data)      12144 (  11.86kB)

==============================================================================

