Component: ARM Compiler 5.05 update 2 (build 169) Tool: armlink [4d0f33]

==============================================================================

Section Cross References

    main.o(i.main) refers to stm32f4xx_hal.o(i.HAL_Init) for HAL_Init
    main.o(i.main) refers to sysclk_config.o(i.SystemClock_Config) for SystemClock_Config
    main.o(i.main) refers to cc2500.o(i.CC2500_Init) for CC2500_Init
    main.o(i.main) refers to accelerometer.o(i.acc_init) for acc_init
    main.o(i.main) refers to cc2500.o(i.CC2500_get_part_num) for CC2500_get_part_num
    main.o(i.main) refers to printfa.o(i.__0printf) for __2printf
    main.o(i.main) refers to accelerometer.o(i.acc_read) for acc_read
    accelerometer.o(i.HAL_GPIO_EXTI_Callback) refers to rt_cmsis.o(i.osSignalSet) for osSignalSet
    accelerometer.o(i.HAL_GPIO_EXTI_Callback) refers to acc_thread.o(.data) for acc_thread_ID
    accelerometer.o(i.acc_init) refers to lis3dsh.o(i.LIS3DSH_Init) for LIS3DSH_Init
    accelerometer.o(i.acc_init) refers to lis3dsh.o(i.LIS3DSH_DataReadyInterruptConfig) for LIS3DSH_DataReadyInterruptConfig
    accelerometer.o(i.acc_init) refers to stm32f4xx_hal_gpio.o(i.HAL_GPIO_Init) for HAL_GPIO_Init
    accelerometer.o(i.acc_init) refers to stm32f4xx_hal_cortex.o(i.HAL_NVIC_EnableIRQ) for HAL_NVIC_EnableIRQ
    accelerometer.o(i.acc_init) refers to stm32f4xx_hal_cortex.o(i.HAL_NVIC_SetPriority) for HAL_NVIC_SetPriority
    accelerometer.o(i.acc_init) refers to kalman_filter.o(i.kalman_struct_init) for kalman_struct_init
    accelerometer.o(i.acc_init) refers to accelerometer.o(.data) for acc_LIS3DSH_struct
    accelerometer.o(i.acc_init) refers to accelerometer.o(.bss) for acc_GPIO_struct
    accelerometer.o(i.acc_pitch) refers to f2d.o(.text) for __aeabi_f2d
    accelerometer.o(i.acc_pitch) refers to pow.o(i.__hardfp_pow) for __hardfp_pow
    accelerometer.o(i.acc_pitch) refers to dadd.o(.text) for __aeabi_dadd
    accelerometer.o(i.acc_pitch) refers to d2f.o(.text) for __aeabi_d2f
    accelerometer.o(i.acc_pitch) refers to sqrt.o(i.__hardfp_sqrt) for __hardfp_sqrt
    accelerometer.o(i.acc_pitch) refers to ddiv.o(.text) for __aeabi_ddiv
    accelerometer.o(i.acc_pitch) refers to atan.o(i.__hardfp_atan) for __hardfp_atan
    accelerometer.o(i.acc_pitch) refers to accelerometer.o(.bss) for axis_data_struct
    accelerometer.o(i.acc_pitch) refers to accelerometer.o(.data) for temp1
    accelerometer.o(i.acc_read) refers to lis3dsh.o(i.LIS3DSH_Read) for LIS3DSH_Read
    accelerometer.o(i.acc_read) refers to dflti.o(.text) for __aeabi_i2d
    accelerometer.o(i.acc_read) refers to dmul.o(.text) for __aeabi_dmul
    accelerometer.o(i.acc_read) refers to d2f.o(.text) for __aeabi_d2f
    accelerometer.o(i.acc_read) refers to kalman_filter.o(i.kalmanfilter) for kalmanfilter
    accelerometer.o(i.acc_read) refers to f2d.o(.text) for __aeabi_f2d
    accelerometer.o(i.acc_read) refers to printfa.o(i.__0printf) for __2printf
    accelerometer.o(i.acc_read) refers to accelerometer.o(.data) for buffer
    accelerometer.o(i.acc_read) refers to accelerometer.o(.bss) for xks
    accelerometer.o(i.acc_roll) refers to f2d.o(.text) for __aeabi_f2d
    accelerometer.o(i.acc_roll) refers to pow.o(i.__hardfp_pow) for __hardfp_pow
    accelerometer.o(i.acc_roll) refers to dadd.o(.text) for __aeabi_dadd
    accelerometer.o(i.acc_roll) refers to d2f.o(.text) for __aeabi_d2f
    accelerometer.o(i.acc_roll) refers to sqrt.o(i.__hardfp_sqrt) for __hardfp_sqrt
    accelerometer.o(i.acc_roll) refers to ddiv.o(.text) for __aeabi_ddiv
    accelerometer.o(i.acc_roll) refers to atan.o(i.__hardfp_atan) for __hardfp_atan
    accelerometer.o(i.acc_roll) refers to accelerometer.o(.bss) for axis_data_struct
    accelerometer.o(i.acc_roll) refers to accelerometer.o(.data) for temp1
    display.o(i.blink_counter) refers to display.o(.data) for alarm_counter
    display.o(i.display) refers to stm32f4xx_hal_gpio.o(i.HAL_GPIO_WritePin) for HAL_GPIO_WritePin
    display.o(i.display) refers to display.o(i.led_number) for led_number
    display.o(i.display) refers to display.o(i.led_char) for led_char
    display.o(i.display_cycling) refers to display.o(.data) for display_counter
    display.o(i.gpio_led_init) refers to stm32f4xx_hal_gpio.o(i.HAL_GPIO_Init) for HAL_GPIO_Init
    display.o(i.gpio_led_init) refers to stm32f4xx_hal_gpio.o(i.HAL_GPIO_WritePin) for HAL_GPIO_WritePin
    display.o(i.led_char) refers to stm32f4xx_hal_gpio.o(i.HAL_GPIO_WritePin) for HAL_GPIO_WritePin
    display.o(i.led_number) refers to stm32f4xx_hal_gpio.o(i.HAL_GPIO_WritePin) for HAL_GPIO_WritePin
    display.o(i.rgb_led_init) refers to stm32f4xx_hal_gpio.o(i.HAL_GPIO_Init) for HAL_GPIO_Init
    display.o(i.segment_display_init) refers to stm32f4xx_hal_gpio.o(i.HAL_GPIO_Init) for HAL_GPIO_Init
    display.o(i.segment_display_init) refers to stm32f4xx_hal_gpio.o(i.HAL_GPIO_WritePin) for HAL_GPIO_WritePin
[...]
    __lit__00000000                          0x080001a8   Data           4  entry2.o(.ARM.Collect$$$$00002712)
    .emb_text                                0x080001ac   Section      408  hal_cm4.o(.emb_text)
    $v0                                      0x080001ac   Number         0  hal_cm4.o(.emb_text)
    .text                                    0x08000344   Section       36  startup_stm32f407xx.o(.text)
    $v0                                      0x08000344   Number         0  startup_stm32f407xx.o(.text)
    .text                                    0x08000368   Section        0  uldiv.o(.text)
    .text                                    0x080003ca   Section        0  dadd.o(.text)
    .text                                    0x08000518   Section        0  dmul.o(.text)
    .text                                    0x080005fc   Section        0  ddiv.o(.text)
    .text                                    0x080006da   Section        0  dflti.o(.text)
    .text                                    0x080006fc   Section        0  f2d.o(.text)
    .text                                    0x08000722   Section        0  d2f.o(.text)
    .text                                    0x0800075a   Section        0  uidiv.o(.text)
    .text                                    0x08000786   Section        0  llshl.o(.text)
    .text                                    0x080007a4   Section        0  llushr.o(.text)
    .text                                    0x080007c4   Section        0  llsshr.o(.text)
    .text                                    0x080007e8   Section        0  iusefp.o(.text)
    .text                                    0x080007e8   Section        0  fepilogue.o(.text)
    .text                                    0x08000856   Section        0  depilogue.o(.text)
    .text                                    0x08000910   Section        0  dfixul.o(.text)
    .text                                    0x08000940   Section       48  cdrcmple.o(.text)
    .text                                    0x08000970   Section       36  init.o(.text)
    SVC_TABLE                                0x08000994   Section        4  svc_table.o(SVC_TABLE)
    i.BusFault_Handler                       0x08000998   Section        0  stm32f4xx_it.o(i.BusFault_Handler)
    i.CC2500_Init                            0x0800099c   Section        0  cc2500.o(i.CC2500_Init)
    i.CC2500_Read                            0x08000ae8   Section        0  cc2500.o(i.CC2500_Read)
    i.CC2500_SendByte                        0x08000b34   Section        0  cc2500.o(i.CC2500_SendByte)
    CC2500_SendByte                          0x08000b35   Thumb Code   108  cc2500.o(i.CC2500_SendByte)
    i.CC2500_TIMEOUT_UserCallback            0x08000ba8   Section        0  cc2500.o(i.CC2500_TIMEOUT_UserCallback)
    i.CC2500_get_part_num                    0x08000bac   Section        0  cc2500.o(i.CC2500_get_part_num)
    i.CC2500_read_one                        0x08000bb6   Section        0  cc2500.o(i.CC2500_read_one)
    i.DebugMon_Handler                       0x08000bca   Section        0  stm32f4xx_it.o(i.DebugMon_Handler)
    i.EXTI0_IRQHandler                       0x08000bcc   Section        0  stm32f4xx_it.o(i.EXTI0_IRQHandler)
    i.Error_Handler                          0x08000bd8   Section        0  supporting_functions.o(i.Error_Handler)
    i.HAL_GPIO_EXTI_Callback                 0x08000d58   Section        0  accelerometer.o(i.HAL_GPIO_EXTI_Callback)
    i.HAL_GPIO_EXTI_IRQHandler               0x08000d70   Section        0  stm32f4xx_hal_gpio.o(i.HAL_GPIO_EXTI_IRQHandler)
    i.HAL_GPIO_Init                          0x08000d8c   Section        0  stm32f4xx_hal_gpio.o(i.HAL_GPIO_Init)
    i.HAL_GPIO_WritePin                      0x08000f98   Section        0  stm32f4xx_hal_gpio.o(i.HAL_GPIO_WritePin)
    i.HAL_GetTick                            0x08000fa4   Section        0  stm32f4xx_hal.o(i.HAL_GetTick)
    i.HAL_Init                               0x08000fb0   Section        0  stm32f4xx_hal.o(i.HAL_Init)
    i.HAL_InitTick                           0x08000fec   Section        0  stm32f4xx_hal.o(i.HAL_InitTick)
    i.HAL_MspInit                            0x08001014   Section        0  stm32f4xx_hal.o(i.HAL_MspInit)
    i.HAL_NVIC_EnableIRQ                     0x08001016   Section        0  stm32f4xx_hal_cortex.o(i.HAL_NVIC_EnableIRQ)
    i.HAL_NVIC_SetPriority                   0x08001036   Section        0  stm32f4xx_hal_cortex.o(i.HAL_NVIC_SetPriority)
    i.HAL_NVIC_SetPriorityGrouping           0x080010b4   Section        0  stm32f4xx_hal_cortex.o(i.HAL_NVIC_SetPriorityGrouping)
    i.HAL_RCC_ClockConfig                    0x080010dc   Section        0  stm32f4xx_hal_rcc.o(i.HAL_RCC_ClockConfig)
    i.HAL_RCC_GetHCLKFreq                    0x080012ac   Section        0  stm32f4xx_hal_rcc.o(i.HAL_RCC_GetHCLKFreq)
    i.HAL_RCC_GetSysClockFreq                0x080012b8   Section        0  stm32f4xx_hal_rcc.o(i.HAL_RCC_GetSysClockFreq)
    i.HAL_RCC_OscConfig                      0x0800136c   Section        0  stm32f4xx_hal_rcc.o(i.HAL_RCC_OscConfig)
    i.HAL_SPI_DeInit                         0x08001710   Section        0  stm32f4xx_hal_spi.o(i.HAL_SPI_DeInit)
    i.HAL_SPI_Init                           0x08001746   Section        0  stm32f4xx_hal_spi.o(i.HAL_SPI_Init)
    i.HAL_SPI_MspDeInit                      0x080017d2   Section        0  stm32f4xx_hal_spi.o(i.HAL_SPI_MspDeInit)
    i.HAL_SPI_MspInit                        0x080017d4   Section        0  lis3dsh.o(i.HAL_SPI_MspInit)
    i.HAL_SYSTICK_CLKSourceConfig            0x080018c0   Section        0  stm32f4xx_hal_cortex.o(i.HAL_SYSTICK_CLKSourceConfig)
    i.HAL_SYSTICK_Config                     0x080018e8   Section        0  stm32f4xx_hal_cortex.o(i.HAL_SYSTICK_Config)
    i.HAL_TIMEx_BreakCallback                0x0800191c   Section        0  stm32f4xx_hal_tim_ex.o(i.HAL_TIMEx_BreakCallback)
    i.HAL_TIMEx_CommutationCallback          0x0800191e   Section        0  stm32f4xx_hal_tim_ex.o(i.HAL_TIMEx_CommutationCallback)
    i.HAL_TIM_IC_CaptureCallback             0x08001920   Section        0  stm32f4xx_hal_tim.o(i.HAL_TIM_IC_CaptureCallback)
    i.HAL_TIM_IRQHandler                     0x08001922   Section        0  stm32f4xx_hal_tim.o(i.HAL_TIM_IRQHandler)
    i.HAL_TIM_OC_DelayElapsedCallback        0x08001ab8   Section        0  stm32f4xx_hal_tim.o(i.HAL_TIM_OC_DelayElapsedCallback)
    i.HAL_TIM_PWM_PulseFinishedCallback      0x08001aba   Section        0  stm32f4xx_hal_tim.o(i.HAL_TIM_PWM_PulseFinishedCallback)
    i.HAL_TIM_PeriodElapsedCallback          0x08001abc   Section        0  hardware_timer.o(i.HAL_TIM_PeriodElapsedCallback)
    i.HAL_TIM_TriggerCallback                0x08001b10   Section        0  stm32f4xx_hal_tim.o(i.HAL_TIM_TriggerCallback)
    i.HardFault_Handler                      0x08001b12   Section        0  stm32f4xx_it.o(i.HardFault_Handler)
    i.ITM_SendChar                           0x08001b18   Section        0  retarget_io.o(i.ITM_SendChar)
    i.LIS3DSH_DataReadyInterruptConfig       0x08001b48   Section        0  lis3dsh.o(i.LIS3DSH_DataReadyInterruptConfig)
    i.LIS3DSH_Init                           0x08001b74   Section        0  lis3dsh.o(i.LIS3DSH_Init)
    i.LIS3DSH_Read                           0x08001c50   Section        0  lis3dsh.o(i.LIS3DSH_Read)
    i.LIS3DSH_SendByte                       0x08001c9c   Section        0  lis3dsh.o(i.LIS3DSH_SendByte)
    LIS3DSH_SendByte                         0x08001c9d   Thumb Code   108  lis3dsh.o(i.LIS3DSH_SendByte)
    i.LIS3DSH_TIMEOUT_UserCallback           0x08001d10   Section        0  lis3dsh.o(i.LIS3DSH_TIMEOUT_UserCallback)
    i.LIS3DSH_Write                          0x08001d14   Section        0  lis3dsh.o(i.LIS3DSH_Write)
    i.MemManage_Handler                      0x08001d58   Section        0  stm32f4xx_it.o(i.MemManage_Handler)
    i.NMI_Handler                            0x08001d5c   Section        0  stm32f4xx_it.o(i.NMI_Handler)
    i.SPI_ReceiveData                        0x08001d5e   Section        0  lis3dsh.o(i.SPI_ReceiveData)
    i.SPI_ReceiveData_CC2500                 0x08001d68   Section        0  cc2500.o(i.SPI_ReceiveData_CC2500)
    i.SPI_SendData                           0x08001d72   Section        0  lis3dsh.o(i.SPI_SendData)
    i.SPI_SendData_CC2500                    0x08001d78   Section        0  cc2500.o(i.SPI_SendData_CC2500)
    i.SystemClock_Config                     0x08001d80   Section        0  sysclk_config.o(i.SystemClock_Config)
    i.SystemInit                             0x08001e48   Section        0  system_stm32f4xx.o(i.SystemInit)
    i.TIM2_IRQHandler                        0x08001eac   Section        0  stm32f4xx_it.o(i.TIM2_IRQHandler)
    i.TIM3_IRQHandler                        0x08001ebc   Section        0  stm32f4xx_it.o(i.TIM3_IRQHandler)
    i.TIM4_IRQHandler                        0x08001ecc   Section        0  stm32f4xx_it.o(i.TIM4_IRQHandler)
    i.UsageFault_Handler                     0x08001edc   Section        0  stm32f4xx_it.o(i.UsageFault_Handler)
    i.__0printf                              0x08001ee0   Section        0  printfa.o(i.__0printf)
    i.__NVIC_GetPriorityGrouping             0x08001f00   Section        0  stm32f4xx_hal_cortex.o(i.__NVIC_GetPriorityGrouping)
    __NVIC_GetPriorityGrouping               0x08001f01   Thumb Code    10  stm32f4xx_hal_cortex.o(i.__NVIC_GetPriorityGrouping)
    i.__NVIC_SetPriority                     0x08001f10   Section        0  stm32f4xx_hal_cortex.o(i.__NVIC_SetPriority)
    __NVIC_SetPriority                       0x08001f11   Thumb Code    32  stm32f4xx_hal_cortex.o(i.__NVIC_SetPriority)
    i.__scatterload_copy                     0x08001f38   Section       14  handlers.o(i.__scatterload_copy)
    i.__scatterload_null                     0x08001f46   Section        2  handlers.o(i.__scatterload_null)
    i.__scatterload_zeroinit                 0x08001f48   Section       14  handlers.o(i.__scatterload_zeroinit)
    i._fp_digits                             0x08001f58   Section        0  printfa.o(i._fp_digits)
    _fp_digits                               0x08001f59   Thumb Code   334  printfa.o(i._fp_digits)
    i._init_box                              0x080020bc   Section        0  rt_membox.o(i._init_box)
    i._printf_core                           0x08002104   Section        0  printfa.o(i._printf_core)
    _printf_core                             0x08002105   Thumb Code  1744  printfa.o(i._printf_core)
    i._printf_post_padding                   0x080027e0   Section        0  printfa.o(i._printf_post_padding)
    _printf_post_padding                     0x080027e1   Thumb Code    36  printfa.o(i._printf_post_padding)
    i._printf_pre_padding                    0x08002804   Section        0  printfa.o(i._printf_pre_padding)
    _printf_pre_padding                      0x08002805   Thumb Code    46  printfa.o(i._printf_pre_padding)
    i.acc_init                               0x08002834   Section        0  accelerometer.o(i.acc_init)
    i.acc_read                               0x0800294c   Section        0  accelerometer.o(i.acc_read)
    i.dbg_init                               0x08002b80   Section        0  hal_cm.o(i.dbg_init)
    i.dbg_task_notify                        0x08002bb0   Section        0  hal_cm.o(i.dbg_task_notify)
    i.dbg_task_switch                        0x08002bd0   Section        0  hal_cm.o(i.dbg_task_switch)
    i.fputc                                  0x08002be0   Section        0  retarget_io.o(i.fputc)
    i.isrMessageGet                          0x08002c00   Section        0  rt_cmsis.o(i.isrMessageGet)
    i.isrMessagePut                          0x08002c2a   Section        0  rt_cmsis.o(i.isrMessagePut)
    i.isrSignalSet                           0x08002c56   Section        0  rt_cmsis.o(i.isrSignalSet)
    i.isr_evt_set                            0x08002c7c   Section        0  rt_event.o(i.isr_evt_set)
    i.isr_mbx_receive                        0x08002ca4   Section        0  rt_mailbox.o(i.isr_mbx_receive)
    i.isr_mbx_send                           0x08002cfa   Section        0  rt_mailbox.o(i.isr_mbx_send)
    i.kalman_struct_init                     0x08002d08   Section        0  kalman_filter.o(i.kalman_struct_init)
    i.kalmanfilter                           0x08002d26   Section        0  kalman_filter.o(i.kalmanfilter)
    i.main                                   0x08002ddc   Section        0  main.o(i.main)
    i.osKernelInitialize                     0x08002e20   Section        0  rt_cmsis.o(i.osKernelInitialize)
    i.osKernelStart                          0x08002e44   Section        0  rt_cmsis.o(i.osKernelStart)
    i.osMessageGet                           0x08002eb0   Section        0  rt_cmsis.o(i.osMessageGet)
    i.osSignalSet                            0x08002ec8   Section        0  rt_cmsis.o(i.osSignalSet)
    i.osThreadCreate                         0x08002ee0   Section        0  rt_cmsis.o(i.osThreadCreate)
    i.osThreadExit                           0x08002f10   Section        0  rt_cmsis.o(i.osThreadExit)
    i.osTimerCall                            0x08002f28   Section        0  rt_cmsis.o(i.osTimerCall)
    i.osTimerThread                          0x08002f34   Section        0  rt_cmsis.o(i.osTimerThread)
    i.os_error                               0x08002f60   Section        0  rtx_conf_cm.o(i.os_error)
    i.os_idle_demon                          0x08002f82   Section        0  rtx_conf_cm.o(i.os_idle_demon)
    i.os_tick_init                           0x08002f88   Section        0  rt_system.o(i.os_tick_init)
    i.os_tick_irqack                         0x08002fb0   Section        0  rt_system.o(i.os_tick_irqack)
    i.rt_alloc_box                           0x08002fb2   Section        0  rt_membox.o(i.rt_alloc_box)
    i.rt_alloc_mem                           0x08002fcc   Section        0  rt_memory.o(i.rt_alloc_mem)
    i.rt_block                               0x0800300c   Section        0  rt_task.o(i.rt_block)
    i.rt_chk_robin                           0x08003044   Section        0  rt_robin.o(i.rt_chk_robin)
    i.rt_dec_dly                             0x0800308c   Section        0  rt_list.o(i.rt_dec_dly)
    i.rt_dispatch                            0x080030fc   Section        0  rt_task.o(i.rt_dispatch)
    i.rt_evt_psh                             0x08003140   Section        0  rt_event.o(i.rt_evt_psh)
    i.rt_evt_set                             0x08003190   Section        0  rt_event.o(i.rt_evt_set)
    i.rt_free_box                            0x080031ec   Section        0  rt_membox.o(i.rt_free_box)
    i.rt_free_mem                            0x08003218   Section        0  rt_memory.o(i.rt_free_mem)
    i.rt_get_first                           0x08003240   Section        0  rt_list.o(i.rt_get_first)
    i.rt_id2obj                              0x08003268   Section        0  rt_cmsis.o(i.rt_id2obj)
    rt_id2obj                                0x08003269   Thumb Code     8  rt_cmsis.o(i.rt_id2obj)
    i.rt_init_context                        0x08003270   Section        0  rt_task.o(i.rt_init_context)
    rt_init_context                          0x08003271   Thumb Code    66  rt_task.o(i.rt_init_context)
    i.rt_init_mem                            0x080032b8   Section        0  rt_memory.o(i.rt_init_mem)
    i.rt_init_robin                          0x080032d4   Section        0  rt_robin.o(i.rt_init_robin)
    i.rt_init_stack                          0x080032ec   Section        0  hal_cm.o(i.rt_init_stack)
    i.rt_mbx_check                           0x0800336c   Section        0  rt_mailbox.o(i.rt_mbx_check)
    i.rt_mbx_init                            0x08003374   Section        0  rt_mailbox.o(i.rt_mbx_init)
    i.rt_mbx_psh                             0x08003390   Section        0  rt_mailbox.o(i.rt_mbx_psh)
    i.rt_mbx_wait                            0x08003480   Section        0  rt_mailbox.o(i.rt_mbx_wait)
    i.rt_ms2tick                             0x08003534   Section        0  rt_cmsis.o(i.rt_ms2tick)
    rt_ms2tick                               0x08003535   Thumb Code    58  rt_cmsis.o(i.rt_ms2tick)
    i.rt_pop_req                             0x08003578   Section        0  rt_system.o(i.rt_pop_req)
    i.rt_psh_req                             0x080035f4   Section        0  rt_system.o(i.rt_psh_req)
    i.rt_psq_enq                             0x08003614   Section        0  rt_list.o(i.rt_psq_enq)
    i.rt_put_dly                             0x08003670   Section        0  rt_list.o(i.rt_put_dly)
    i.rt_put_prio                            0x080036b8   Section        0  rt_list.o(i.rt_put_prio)
    i.rt_put_rdy_first                       0x080036f0   Section        0  rt_list.o(i.rt_put_rdy_first)
    i.rt_resort_prio                         0x08003704   Section        0  rt_list.o(i.rt_resort_prio)
    i.rt_ret_regs                            0x08003738   Section        0  hal_cm.o(i.rt_ret_regs)
    rt_ret_regs                              0x08003739   Thumb Code    16  hal_cm.o(i.rt_ret_regs)
    i.rt_ret_val                             0x08003748   Section        0  hal_cm.o(i.rt_ret_val)
    i.rt_ret_val2                            0x08003754   Section        0  hal_cm.o(i.rt_ret_val2)
    i.rt_rmv_dly                             0x08003764   Section        0  rt_list.o(i.rt_rmv_dly)
    i.rt_rmv_list                            0x0800378c   Section        0  rt_list.o(i.rt_rmv_list)
    i.rt_sem_psh                             0x080037bc   Section        0  rt_semaphore.o(i.rt_sem_psh)
    i.rt_stk_check                           0x080037f0   Section        0  rt_system.o(i.rt_stk_check)
    i.rt_switch_req                          0x08003814   Section        0  rt_task.o(i.rt_switch_req)
    i.rt_sys_init                            0x0800383c   Section        0  rt_task.o(i.rt_sys_init)
    i.rt_sys_start                           0x08003908   Section        0  rt_task.o(i.rt_sys_start)
    i.rt_systick                             0x08003980   Section        0  rt_system.o(i.rt_systick)
    i.rt_tid2ptcb                            0x080039c0   Section        0  rt_cmsis.o(i.rt_tid2ptcb)
    rt_tid2ptcb                              0x080039c1   Thumb Code    18  rt_cmsis.o(i.rt_tid2ptcb)
    i.rt_timer_insert                        0x080039d4   Section        0  rt_cmsis.o(i.rt_timer_insert)
    rt_timer_insert                          0x080039d5   Thumb Code    48  rt_cmsis.o(i.rt_timer_insert)
    i.rt_tsk_create                          0x08003a08   Section        0  rt_task.o(i.rt_tsk_create)
    i.rt_tsk_delete                          0x08003a90   Section        0  rt_task.o(i.rt_tsk_delete)
    i.rt_tsk_prio                            0x08003c0c   Section        0  rt_task.o(i.rt_tsk_prio)
    i.rt_tsk_self                            0x08003c88   Section        0  rt_task.o(i.rt_tsk_self)
    i.stdout_putchar                         0x08003c98   Section        0  retarget_io.o(i.stdout_putchar)
    stdout_putchar                           0x08003c99   Thumb Code    12  retarget_io.o(i.stdout_putchar)
    i.svcKernelInitialize                    0x08003ca4   Section        0  rt_cmsis.o(i.svcKernelInitialize)
    i.svcKernelStart                         0x08003d14   Section        0  rt_cmsis.o(i.svcKernelStart)
    i.svcMessageCreate                       0x08003d5c   Section        0  rt_cmsis.o(i.svcMessageCreate)
    i.svcMessageGet                          0x08003d80   Section        0  rt_cmsis.o(i.svcMessageGet)
    i.svcSignalSet                           0x08003dba   Section        0  rt_cmsis.o(i.svcSignalSet)
    i.svcThreadCreate                        0x08003de0   Section        0  rt_cmsis.o(i.svcThreadCreate)
    i.svcThreadGetId                         0x08003e50   Section        0  rt_cmsis.o(i.svcThreadGetId)
    i.svcThreadTerminate                     0x08003e6c   Section        0  rt_cmsis.o(i.svcThreadTerminate)
    i.svcTimerCall                           0x08003ea4   Section        0  rt_cmsis.o(i.svcTimerCall)
    i.sysTimerTick                           0x08003ebc   Section        0  rt_cmsis.o(i.sysTimerTick)
    .constdata                               0x08003f18   Section      104  rtx_conf_cm.o(.constdata)
    __tagsym$$used                           0x08003f34   Number         0  rtx_conf_cm.o(.constdata)
    __tagsym$$used                           0x08003f38   Number         0  rtx_conf_cm.o(.constdata)
    __tagsym$$used                           0x08003f3c   Number         0  rtx_conf_cm.o(.constdata)
    __tagsym$$used                           0x08003f40   Number         0  rtx_conf_cm.o(.constdata)
    .constdata                               0x08003f80   Section       16  stm32f4xx_hal_rcc.o(.constdata)
    .data                                    0x20000000   Section       63  accelerometer.o(.data)
    .data                                    0x20000040   Section       77  cc2500.o(.data)
    value                                    0x2000008c   Data           1  cc2500.o(.data)
    .data                                    0x20000090   Section        4  lis3dsh.o(.data)
    .data                                    0x20000094   Section        4  acc_thread.o(.data)
    .data                                    0x20000098   Section        4  display_thread.o(.data)
    .data                                    0x2000009c   Section        4  temp_thread.o(.data)
    .data                                    0x200000a0   Section        4  keypad_thread.o(.data)
    .data                                    0x200000a4   Section       16  rtx_conf_cm.o(.data)
    .data                                    0x200000b4   Section        4  stm32f4xx_hal.o(.data)
    .data                                    0x200000b8   Section        4  system_stm32f4xx.o(.data)
    .data                                    0x200000bc   Section        8  rt_cmsis.o(.data)
    .data                                    0x200000c4   Section        8  rt_task.o(.data)
    .data                                    0x200000cc   Section        8  rt_system.o(.data)
    os_lock                                  0x200000cc   Data           1  rt_system.o(.data)
    os_psh_flag                              0x200000cd   Data           1  rt_system.o(.data)
    pend_flags                               0x200000ce   Data           1  rt_system.o(.data)
    .data                                    0x200000d4   Section        4  rt_time.o(.data)
    .data                                    0x200000d8   Section        1  hal_cm.o(.data)
    .data                                    0x200000dc   Section        8  rt_robin.o(.data)
    .data                                    0x200000e4   Section        4  stdout.o(.data)
    .bss                                     0x200000e8   Section      116  accelerometer.o(.bss)
    .bss                                     0x2000015c   Section      180  hardware_timer.o(.bss)
    .bss                                     0x20000210   Section       88  cc2500.o(.bss)
    .bss                                     0x20000268   Section       88  lis3dsh.o(.bss)
    .bss                                     0x200002c0   Section     6416  rtx_conf_cm.o(.bss)
    .bss                                     0x20001bd0   Section       52  rt_task.o(.bss)
    .bss                                     0x20001c04   Section       48  rt_list.o(.bss)
    STACK                                    0x20001c38   Section     1024  startup_stm32f407xx.o(STACK)

    Global Symbols

    Symbol Name                              Value     Ov Type        Size  Object(Section)

    BuildAttributes$$THM_ISAv4$E$P$D$K$B$S$7EM$VFPi3$EXTD16$VFPS$VFMA$PE$A:L22UL41UL21$X:L11$S22US41US21$IEEE1$IW$USESV6$~STKCKD$USESV7$~SHL$OTIME$ROPI$IEEEX$EBA8$MICROLIB$REQ8$PRES8$EABIv2 0x00000000   Number         0  anon$$obj.o ABSOLUTE
    __ARM_use_no_argv                        0x00000000   Number         0  main.o ABSOLUTE
    _printf_a                                0x00000000   Number         0  stubs.o ABSOLUTE
    _printf_c                                0x00000000   Number         0  stubs.o ABSOLUTE
    _printf_charcount                        0x00000000   Number         0  stubs.o ABSOLUTE
    _printf_d                                0x00000000   Number         0  stubs.o ABSOLUTE
    _printf_e                                0x00000000   Number         0  stubs.o ABSOLUTE
    _printf_f                                0x00000000   Number         0  stubs.o ABSOLUTE
    _printf_flags                            0x00000000   Number         0  stubs.o ABSOLUTE
    _printf_fp_dec                           0x00000000   Number         0  stubs.o ABSOLUTE
    _printf_fp_hex                           0x00000000   Number         0  stubs.o ABSOLUTE
    _printf_g                                0x00000000   Number         0  stubs.o ABSOLUTE
    _printf_i                                0x00000000   Number         0  stubs.o ABSOLUTE
    _printf_int_dec                          0x00000000   Number         0  stubs.o ABSOLUTE
    _printf_l                                0x00000000   Number         0  stubs.o ABSOLUTE
    _printf_lc                               0x00000000   Number         0  stubs.o ABSOLUTE
    _printf_ll                               0x00000000   Number         0  stubs.o ABSOLUTE
    _printf_lld                              0x00000000   Number         0  stubs.o ABSOLUTE
    _printf_lli                              0x00000000   Number         0  stubs.o ABSOLUTE
    _printf_llo                              0x00000000   Number         0  stubs.o ABSOLUTE
    _printf_llu                              0x00000000   Number         0  stubs.o ABSOLUTE
    _printf_llx                              0x00000000   Number         0  stubs.o ABSOLUTE
    _printf_longlong_dec                     0x00000000   Number         0  stubs.o ABSOLUTE
    _printf_longlong_hex                     0x00000000   Number         0  stubs.o ABSOLUTE
    _printf_longlong_oct                     0x00000000   Number         0  stubs.o ABSOLUTE
    _printf_ls                               0x00000000   Number         0  stubs.o ABSOLUTE
    _printf_mbtowc                           0x00000000   Number         0  stubs.o ABSOLUTE
    _printf_n                                0x00000000   Number         0  stubs.o ABSOLUTE
    _printf_o                                0x00000000   Number         0  stubs.o ABSOLUTE
    _printf_p                                0x00000000   Number         0  stubs.o ABSOLUTE
    _printf_percent                          0x00000000   Number         0  stubs.o ABSOLUTE
    _printf_pre_padding                      0x00000000   Number         0  stubs.o ABSOLUTE
    _printf_return_value                     0x00000000   Number         0  stubs.o ABSOLUTE
    _printf_s                                0x00000000   Number         0  stubs.o ABSOLUTE
    _printf_sizespec                         0x00000000   Number         0  stubs.o ABSOLUTE
    _printf_str                              0x00000000   Number         0  stubs.o ABSOLUTE
    _printf_truncate_signed                  0x00000000   Number         0  stubs.o ABSOLUTE
    _printf_truncate_unsigned                0x00000000   Number         0  stubs.o ABSOLUTE
    _printf_u                                0x00000000   Number         0  stubs.o ABSOLUTE
    _printf_wc                               0x00000000   Number         0  stubs.o ABSOLUTE
    _printf_wctomb                           0x00000000   Number         0  stubs.o ABSOLUTE
    _printf_widthprec                        0x00000000   Number         0  stubs.o ABSOLUTE
    _printf_x                                0x00000000   Number         0  stubs.o ABSOLUTE
    __cpp_initialize__aeabi_                  - Undefined Weak Reference
    __cxa_finalize                            - Undefined Weak Reference
    __decompress                              - Undefined Weak Reference
    _clock_init                               - Undefined Weak Reference
    _microlib_exit                            - Undefined Weak Reference
    __Vectors_Size                           0x00000188   Number         0  startup_stm32f407xx.o ABSOLUTE
    __RL_RTX_VER                             0x00000481   Number         0  rt_system.o ABSOLUTE
    __Vectors                                0x08000000   Data           4  startup_stm32f407xx.o(RESET)
    __Vectors_End                            0x08000188   Data           0  startup_stm32f407xx.o(RESET)
    __main                                   0x08000189   Thumb Code     0  entry.o(.ARM.Collect$$$$00000000)
    _main_stk                                0x08000189   Thumb Code     0  entry2.o(.ARM.Collect$$$$00000001)
    _main_scatterload                        0x0800018d   Thumb Code     0  entry5.o(.ARM.Collect$$$$00000004)
    __main_after_scatterload                 0x08000191   Thumb Code     0  entry5.o(.ARM.Collect$$$$00000004)
    __rt_final_cpp                           0x08000191   Thumb Code     0  entry10a.o(.ARM.Collect$$$$0000000D)
    __rt_final_exit                          0x08000191   Thumb Code     0  entry11a.o(.ARM.Collect$$$$0000000F)
    _main_clock                              0x08000191   Thumb Code     0  entry7b.o(.ARM.Collect$$$$00000008)
    _main_cpp_init                           0x08000191   Thumb Code     0  entry8b.o(.ARM.Collect$$$$0000000A)
    _main_init                               0x08000191   Thumb Code    18  rtx_conf_cm.o(.ARM.Collect$$$$000000FF)
    rt_set_PSP                               0x080001ad   Thumb Code     6  hal_cm4.o(.emb_text)
    rt_get_PSP                               0x080001b3   Thumb Code     6  hal_cm4.o(.emb_text)
    os_set_env                               0x080001b9   Thumb Code    24  hal_cm4.o(.emb_text)
    _alloc_box                               0x080001d5   Thumb Code    28  hal_cm4.o(.emb_text)
    _free_box                                0x080001f5   Thumb Code    28  hal_cm4.o(.emb_text)
    SVC_Handler                              0x08000215   Thumb Code   168  hal_cm4.o(.emb_text)
    PendSV_Handler                           0x080002cd   Thumb Code    96  hal_cm4.o(.emb_text)
    SysTick_Handler                          0x08000331   Thumb Code     8  hal_cm4.o(.emb_text)
    OS_Tick_Handler                          0x08000339   Thumb Code    12  hal_cm4.o(.emb_text)
    Reset_Handler                            0x08000345   Thumb Code     8  startup_stm32f407xx.o(.text)
    ADC_IRQHandler                           0x0800035f   Thumb Code     0  startup_stm32f407xx.o(.text)
    CAN1_RX0_IRQHandler                      0x0800035f   Thumb Code     0  startup_stm32f407xx.o(.text)
    CAN1_RX1_IRQHandler                      0x0800035f   Thumb Code     0  startup_stm32f407xx.o(.text)
    CAN1_SCE_IRQHandler                      0x0800035f   Thumb Code     0  startup_stm32f407xx.o(.text)
    CAN1_TX_IRQHandler                       0x0800035f   Thumb Code     0  startup_stm32f407xx.o(.text)
    CAN2_RX0_IRQHandler                      0x0800035f   Thumb Code     0  startup_stm32f407xx.o(.text)
    CAN2_RX1_IRQHandler                      0x0800035f   Thumb Code     0  startup_stm32f407xx.o(.text)
    CAN2_SCE_IRQHandler                      0x0800035f   Thumb Code     0  startup_stm32f407xx.o(.text)
    CAN2_TX_IRQHandler                       0x0800035f   Thumb Code     0  startup_stm32f407xx.o(.text)
    DCMI_IRQHandler                          0x0800035f   Thumb Code     0  startup_stm32f407xx.o(.text)
    DMA1_Stream0_IRQHandler                  0x0800035f   Thumb Code     0  startup_stm32f407xx.o(.text)
    DMA1_Stream1_IRQHandler                  0x0800035f   Thumb Code     0  startup_stm32f407xx.o(.text)
    DMA1_Stream2_IRQHandler                  0x0800035f   Thumb Code     0  startup_stm32f407xx.o(.text)
    DMA1_Stream3_IRQHandler                  0x0800035f   Thumb Code     0  startup_stm32f407xx.o(.text)
    DMA1_Stream4_IRQHandler                  0x0800035f   Thumb Code     0  startup_stm32f407xx.o(.text)
    DMA1_Stream5_IRQHandler                  0x0800035f   Thumb Code     0  startup_stm32f407xx.o(.text)
    DMA1_Stream6_IRQHandler                  0x0800035f   Thumb Code     0  startup_stm32f407xx.o(.text)
    DMA1_Stream7_IRQHandler                  0x0800035f   Thumb Code     0  startup_stm32f407xx.o(.text)
    DMA2_Stream0_IRQHandler                  0x0800035f   Thumb Code     0  startup_stm32f407xx.o(.text)
    DMA2_Stream1_IRQHandler                  0x0800035f   Thumb Code     0  startup_stm32f407xx.o(.text)
    DMA2_Stream2_IRQHandler                  0x0800035f   Thumb Code     0  startup_stm32f407xx.o(.text)
    DMA2_Stream3_IRQHandler                  0x0800035f   Thumb Code     0  startup_stm32f407xx.o(.text)
    DMA2_Stream4_IRQHandler                  0x0800035f   Thumb Code     0  startup_stm32f407xx.o(.text)
    DMA2_Stream5_IRQHandler                  0x0800035f   Thumb Code     0  startup_stm32f407xx.o(.text)
    DMA2_Stream6_IRQHandler                  0x0800035f   Thumb Code     0  startup_stm32f407xx.o(.text)
    DMA2_Stream7_IRQHandler                  0x0800035f   Thumb Code     0  startup_stm32f407xx.o(.text)
    ETH_IRQHandler                           0x0800035f   Thumb Code     0  startup_stm32f407xx.o(.text)
    ETH_WKUP_IRQHandler                      0x0800035f   Thumb Code     0  startup_stm32f407xx.o(.text)
    EXTI15_10_IRQHandler                     0x0800035f   Thumb Code     0  startup_stm32f407xx.o(.text)
    EXTI1_IRQHandler                         0x0800035f   Thumb Code     0  startup_stm32f407xx.o(.text)
    EXTI2_IRQHandler                         0x0800035f   Thumb Code     0  startup_stm32f407xx.o(.text)
    EXTI3_IRQHandler                         0x0800035f   Thumb Code     0  startup_stm32f407xx.o(.text)
    EXTI4_IRQHandler                         0x0800035f   Thumb Code     0  startup_stm32f407xx.o(.text)
    EXTI9_5_IRQHandler                       0x0800035f   Thumb Code     0  startup_stm32f407xx.o(.text)
    FLASH_IRQHandler                         0x0800035f   Thumb Code     0  startup_stm32f407xx.o(.text)
    FMC_IRQHandler                           0x0800035f   Thumb Code     0  startup_stm32f407xx.o(.text)
    FPU_IRQHandler                           0x0800035f   Thumb Code     0  startup_stm32f407xx.o(.text)
    HASH_RNG_IRQHandler                      0x0800035f   Thumb Code     0  startup_stm32f407xx.o(.text)
    I2C1_ER_IRQHandler                       0x0800035f   Thumb Code     0  startup_stm32f407xx.o(.text)
    I2C1_EV_IRQHandler                       0x0800035f   Thumb Code     0  startup_stm32f407xx.o(.text)
    I2C2_ER_IRQHandler                       0x0800035f   Thumb Code     0  startup_stm32f407xx.o(.text)
    I2C2_EV_IRQHandler                       0x0800035f   Thumb Code     0  startup_stm32f407xx.o(.text)
    I2C3_ER_IRQHandler                       0x0800035f   Thumb Code     0  startup_stm32f407xx.o(.text)
    I2C3_EV_IRQHandler                       0x0800035f   Thumb Code     0  startup_stm32f407xx.o(.text)
    OTG_FS_IRQHandler                        0x0800035f   Thumb Code     0  startup_stm32f407xx.o(.text)
    OTG_FS_WKUP_IRQHandler                   0x0800035f   Thumb Code     0  startup_stm32f407xx.o(.text)
    OTG_HS_EP1_IN_IRQHandler                 0x0800035f   Thumb Code     0  startup_stm32f407xx.o(.text)
    OTG_HS_EP1_OUT_IRQHandler                0x0800035f   Thumb Code     0  startup_stm32f407xx.o(.text)
    OTG_HS_IRQHandler                        0x0800035f   Thumb Code     0  startup_stm32f407xx.o(.text)
    OTG_HS_WKUP_IRQHandler                   0x0800035f   Thumb Code     0  startup_stm32f407xx.o(.text)
    PVD_IRQHandler                           0x0800035f   Thumb Code     0  startup_stm32f407xx.o(.text)
    RCC_IRQHandler                           0x0800035f   Thumb Code     0  startup_stm32f407xx.o(.text)
    RTC_Alarm_IRQHandler                     0x0800035f   Thumb Code     0  startup_stm32f407xx.o(.text)
    RTC_WKUP_IRQHandler                      0x0800035f   Thumb Code     0  startup_stm32f407xx.o(.text)
    SDIO_IRQHandler                          0x0800035f   Thumb Code     0  startup_stm32f407xx.o(.text)
    SPI1_IRQHandler                          0x0800035f   Thumb Code     0  startup_stm32f407xx.o(.text)
    SPI2_IRQHandler                          0x0800035f   Thumb Code     0  startup_stm32f407xx.o(.text)
    SPI3_IRQHandler                          0x0800035f   Thumb Code     0  startup_stm32f407xx.o(.text)
    TAMP_STAMP_IRQHandler                    0x0800035f   Thumb Code     0  startup_stm32f407xx.o(.text)
    TIM1_BRK_TIM9_IRQHandler                 0x0800035f   Thumb Code     0  startup_stm32f407xx.o(.text)
    TIM1_CC_IRQHandler                       0x0800035f   Thumb Code     0  startup_stm32f407xx.o(.text)
    TIM1_TRG_COM_TIM11_IRQHandler            0x0800035f   Thumb Code     0  startup_stm32f407xx.o(.text)
    TIM1_UP_TIM10_IRQHandler                 0x0800035f   Thumb Code     0  startup_stm32f407xx.o(.text)
    TIM5_IRQHandler                          0x0800035f   Thumb Code     0  startup_stm32f407xx.o(.text)
    TIM6_DAC_IRQHandler                      0x0800035f   Thumb Code     0  startup_stm32f407xx.o(.text)
    TIM7_IRQHandler                          0x0800035f   Thumb Code     0  startup_stm32f407xx.o(.text)
    TIM8_BRK_TIM12_IRQHandler                0x0800035f   Thumb Code     0  startup_stm32f407xx.o(.text)
    TIM8_CC_IRQHandler                       0x0800035f   Thumb Code     0  startup_stm32f407xx.o(.text)
    TIM8_TRG_COM_TIM14_IRQHandler            0x0800035f   Thumb Code     0  startup_stm32f407xx.o(.text)
    TIM8_UP_TIM13_IRQHandler                 0x0800035f   Thumb Code     0  startup_stm32f407xx.o(.text)
    UART4_IRQHandler                         0x0800035f   Thumb Code     0  startup_stm32f407xx.o(.text)
    UART5_IRQHandler                         0x0800035f   Thumb Code     0  startup_stm32f407xx.o(.text)
    USART1_IRQHandler                        0x0800035f   Thumb Code     0  startup_stm32f407xx.o(.text)
    USART2_IRQHandler                        0x0800035f   Thumb Code     0  startup_stm32f407xx.o(.text)
    USART3_IRQHandler                        0x0800035f   Thumb Code     0  startup_stm32f407xx.o(.text)
    USART6_IRQHandler                        0x0800035f   Thumb Code     0  startup_stm32f407xx.o(.text)
    WWDG_IRQHandler                          0x0800035f   Thumb Code     0  startup_stm32f407xx.o(.text)
    __aeabi_uldivmod                         0x08000369   Thumb Code    98  uldiv.o(.text)
    __aeabi_dadd                             0x080003cb   Thumb Code   322  dadd.o(.text)
    __aeabi_dsub                             0x0800050d   Thumb Code     6  dadd.o(.text)
    __aeabi_drsub                            0x08000513   Thumb Code     6  dadd.o(.text)
    __aeabi_dmul                             0x08000519   Thumb Code   228  dmul.o(.text)
    __aeabi_ddiv                             0x080005fd   Thumb Code   222  ddiv.o(.text)
    __aeabi_i2d                              0x080006db   Thumb Code    34  dflti.o(.text)
    __aeabi_f2d                              0x080006fd   Thumb Code    38  f2d.o(.text)
    __aeabi_d2f                              0x08000723   Thumb Code    56  d2f.o(.text)
    __aeabi_uidiv                            0x0800075b   Thumb Code     0  uidiv.o(.text)
    __aeabi_uidivmod                         0x0800075b   Thumb Code    44  uidiv.o(.text)
    __aeabi_llsl                             0x08000787   Thumb Code    30  llshl.o(.text)
    _ll_shift_l                              0x08000787   Thumb Code     0  llshl.o(.text)
    __aeabi_llsr                             0x080007a5   Thumb Code    32  llushr.o(.text)
    _ll_ushift_r                             0x080007a5   Thumb Code     0  llushr.o(.text)
    __aeabi_lasr                             0x080007c5   Thumb Code    36  llsshr.o(.text)
    _ll_sshift_r                             0x080007c5   Thumb Code     0  llsshr.o(.text)
    __I$use$fp                               0x080007e9   Thumb Code     0  iusefp.o(.text)
    _float_round                             0x080007e9   Thumb Code    18  fepilogue.o(.text)
    _float_epilogue                          0x080007fb   Thumb Code    92  fepilogue.o(.text)
    _double_round                            0x08000857   Thumb Code    30  depilogue.o(.text)
    _double_epilogue                         0x08000875   Thumb Code   156  depilogue.o(.text)
    __aeabi_d2ulz                            0x08000911   Thumb Code    48  dfixul.o(.text)
    __aeabi_cdrcmple                         0x08000941   Thumb Code    48  cdrcmple.o(.text)
    __scatterload                            0x08000971   Thumb Code    28  init.o(.text)
    __scatterload_rt2                        0x08000971   Thumb Code     0  init.o(.text)
    SVC_Count                                0x08000994   Data           4  svc_table.o(SVC_TABLE)
    BusFault_Handler                         0x08000999   Thumb Code     4  stm32f4xx_it.o(i.BusFault_Handler)
    SVC_Table                                0x08000998   Data           0  svc_table.o(SVC_TABLE)
    CC2500_Init                              0x0800099d   Thumb Code   280  cc2500.o(i.CC2500_Init)
    CC2500_Read                              0x08000ae9   Thumb Code    72  cc2500.o(i.CC2500_Read)
    CC2500_TIMEOUT_UserCallback              0x08000ba9   Thumb Code     4  cc2500.o(i.CC2500_TIMEOUT_UserCallback)
    CC2500_get_part_num                      0x08000bad   Thumb Code    10  cc2500.o(i.CC2500_get_part_num)
    CC2500_read_one                          0x08000bb7   Thumb Code    20  cc2500.o(i.CC2500_read_one)
    DebugMon_Handler                         0x08000bcb   Thumb Code     2  stm32f4xx_it.o(i.DebugMon_Handler)
    EXTI0_IRQHandler                         0x08000bcd   Thumb Code    10  stm32f4xx_it.o(i.EXTI0_IRQHandler)
    Error_Handler                            0x08000bd9   Thumb Code    78  supporting_functions.o(i.Error_Handler)
    HAL_GPIO_EXTI_Callback                   0x08000d59   Thumb Code    20  accelerometer.o(i.HAL_GPIO_EXTI_Callback)
    HAL_GPIO_EXTI_IRQHandler                 0x08000d71   Thumb Code    24  stm32f4xx_hal_gpio.o(i.HAL_GPIO_EXTI_IRQHandler)
    HAL_GPIO_Init                            0x08000d8d   Thumb Code   476  stm32f4xx_hal_gpio.o(i.HAL_GPIO_Init)
    HAL_GPIO_WritePin                        0x08000f99   Thumb Code    12  stm32f4xx_hal_gpio.o(i.HAL_GPIO_WritePin)
    HAL_GetTick                              0x08000fa5   Thumb Code     6  stm32f4xx_hal.o(i.HAL_GetTick)
    HAL_Init                                 0x08000fb1   Thumb Code    54  stm32f4xx_hal.o(i.HAL_Init)
    HAL_InitTick                             0x08000fed   Thumb Code    36  stm32f4xx_hal.o(i.HAL_InitTick)
    HAL_MspInit                              0x08001015   Thumb Code     2  stm32f4xx_hal.o(i.HAL_MspInit)
    HAL_NVIC_EnableIRQ                       0x08001017   Thumb Code    32  stm32f4xx_hal_cortex.o(i.HAL_NVIC_EnableIRQ)
    HAL_NVIC_SetPriority                     0x08001037   Thumb Code   124  stm32f4xx_hal_cortex.o(i.HAL_NVIC_SetPriority)
    HAL_NVIC_SetPriorityGrouping             0x080010b5   Thumb Code    32  stm32f4xx_hal_cortex.o(i.HAL_NVIC_SetPriorityGrouping)
    HAL_RCC_ClockConfig                      0x080010dd   Thumb Code   446  stm32f4xx_hal_rcc.o(i.HAL_RCC_ClockConfig)
    HAL_RCC_GetHCLKFreq                      0x080012ad   Thumb Code     6  stm32f4xx_hal_rcc.o(i.HAL_RCC_GetHCLKFreq)
    HAL_RCC_GetSysClockFreq                  0x080012b9   Thumb Code   168  stm32f4xx_hal_rcc.o(i.HAL_RCC_GetSysClockFreq)
    HAL_RCC_OscConfig                        0x0800136d   Thumb Code   914  stm32f4xx_hal_rcc.o(i.HAL_RCC_OscConfig)
    HAL_SPI_DeInit                           0x08001711   Thumb Code    54  stm32f4xx_hal_spi.o(i.HAL_SPI_DeInit)
    HAL_SPI_Init                             0x08001747   Thumb Code   140  stm32f4xx_hal_spi.o(i.HAL_SPI_Init)
    HAL_SPI_MspDeInit                        0x080017d3   Thumb Code     2  stm32f4xx_hal_spi.o(i.HAL_SPI_MspDeInit)
    HAL_SPI_MspInit                          0x080017d5   Thumb Code   218  lis3dsh.o(i.HAL_SPI_MspInit)
    HAL_SYSTICK_CLKSourceConfig              0x080018c1   Thumb Code    40  stm32f4xx_hal_cortex.o(i.HAL_SYSTICK_CLKSourceConfig)
    HAL_SYSTICK_Config                       0x080018e9   Thumb Code    52  stm32f4xx_hal_cortex.o(i.HAL_SYSTICK_Config)
    HAL_TIMEx_BreakCallback                  0x0800191d   Thumb Code     2  stm32f4xx_hal_tim_ex.o(i.HAL_TIMEx_BreakCallback)
    HAL_TIMEx_CommutationCallback            0x0800191f   Thumb Code     2  stm32f4xx_hal_tim_ex.o(i.HAL_TIMEx_CommutationCallback)
    HAL_TIM_IC_CaptureCallback               0x08001921   Thumb Code     2  stm32f4xx_hal_tim.o(i.HAL_TIM_IC_CaptureCallback)
    HAL_TIM_IRQHandler                       0x08001923   Thumb Code   406  stm32f4xx_hal_tim.o(i.HAL_TIM_IRQHandler)
    HAL_TIM_OC_DelayElapsedCallback          0x08001ab9   Thumb Code     2  stm32f4xx_hal_tim.o(i.HAL_TIM_OC_DelayElapsedCallback)
    HAL_TIM_PWM_PulseFinishedCallback        0x08001abb   Thumb Code     2  stm32f4xx_hal_tim.o(i.HAL_TIM_PWM_PulseFinishedCallback)
    HAL_TIM_PeriodElapsedCallback            0x08001abd   Thumb Code    62  hardware_timer.o(i.HAL_TIM_PeriodElapsedCallback)
    HAL_TIM_TriggerCallback                  0x08001b11   Thumb Code     2  stm32f4xx_hal_tim.o(i.HAL_TIM_TriggerCallback)
    HardFault_Handler                        0x08001b13   Thumb Code     4  stm32f4xx_it.o(i.HardFault_Handler)
    ITM_SendChar                             0x08001b19   Thumb Code    42  retarget_io.o(i.ITM_SendChar)
    LIS3DSH_DataReadyInterruptConfig         0x08001b49   Thumb Code    42  lis3dsh.o(i.LIS3DSH_DataReadyInterruptConfig)
    LIS3DSH_Init                             0x08001b75   Thumb Code   170  lis3dsh.o(i.LIS3DSH_Init)
    LIS3DSH_Read                             0x08001c51   Thumb Code    70  lis3dsh.o(i.LIS3DSH_Read)
    LIS3DSH_TIMEOUT_UserCallback             0x08001d11   Thumb Code     4  lis3dsh.o(i.LIS3DSH_TIMEOUT_UserCallback)
    LIS3DSH_Write                            0x08001d15   Thumb Code    62  lis3dsh.o(i.LIS3DSH_Write)
    MemManage_Handler                        0x08001d59   Thumb Code     4  stm32f4xx_it.o(i.MemManage_Handler)
    NMI_Handler                              0x08001d5d   Thumb Code     2  stm32f4xx_it.o(i.NMI_Handler)
    SPI_ReceiveData                          0x08001d5f   Thumb Code    10  lis3dsh.o(i.SPI_ReceiveData)
    SPI_ReceiveData_CC2500                   0x08001d69   Thumb Code    10  cc2500.o(i.SPI_ReceiveData_CC2500)
    SPI_SendData                             0x08001d73   Thumb Code     6  lis3dsh.o(i.SPI_SendData)
    SPI_SendData_CC2500                      0x08001d79   Thumb Code     6  cc2500.o(i.SPI_SendData_CC2500)
    SystemClock_Config                       0x08001d81   Thumb Code   192  sysclk_config.o(i.SystemClock_Config)
    SystemInit                               0x08001e49   Thumb Code    82  system_stm32f4xx.o(i.SystemInit)
    TIM2_IRQHandler                          0x08001ead   Thumb Code    10  stm32f4xx_it.o(i.TIM2_IRQHandler)
    TIM3_IRQHandler                          0x08001ebd   Thumb Code    10  stm32f4xx_it.o(i.TIM3_IRQHandler)
    TIM4_IRQHandler                          0x08001ecd   Thumb Code    10  stm32f4xx_it.o(i.TIM4_IRQHandler)
    UsageFault_Handler                       0x08001edd   Thumb Code     4  stm32f4xx_it.o(i.UsageFault_Handler)
    __0printf                                0x08001ee1   Thumb Code    22  printfa.o(i.__0printf)
    __1printf                                0x08001ee1   Thumb Code     0  printfa.o(i.__0printf)
    __2printf                                0x08001ee1   Thumb Code     0  printfa.o(i.__0printf)
    __c89printf                              0x08001ee1   Thumb Code     0  printfa.o(i.__0printf)
    printf                                   0x08001ee1   Thumb Code     0  printfa.o(i.__0printf)
    __scatterload_copy                       0x08001f39   Thumb Code    14  handlers.o(i.__scatterload_copy)
    __scatterload_null                       0x08001f47   Thumb Code     2  handlers.o(i.__scatterload_null)
    __scatterload_zeroinit                   0x08001f49   Thumb Code    14  handlers.o(i.__scatterload_zeroinit)
    _init_box                                0x080020bd   Thumb Code    70  rt_membox.o(i._init_box)
    acc_init                                 0x08002835   Thumb Code   228  accelerometer.o(i.acc_init)
    acc_read                                 0x0800294d   Thumb Code   452  accelerometer.o(i.acc_read)
    dbg_init                                 0x08002b81   Thumb Code    34  hal_cm.o(i.dbg_init)
    dbg_task_notify                          0x08002bb1   Thumb Code    32  hal_cm.o(i.dbg_task_notify)
    dbg_task_switch                          0x08002bd1   Thumb Code    16  hal_cm.o(i.dbg_task_switch)
    fputc                                    0x08002be1   Thumb Code    26  retarget_io.o(i.fputc)
    isrMessageGet                            0x08002c01   Thumb Code    42  rt_cmsis.o(i.isrMessageGet)
    isrMessagePut                            0x08002c2b   Thumb Code    44  rt_cmsis.o(i.isrMessagePut)
    isrSignalSet                             0x08002c57   Thumb Code    36  rt_cmsis.o(i.isrSignalSet)
    isr_evt_set                              0x08002c7d   Thumb Code    34  rt_event.o(i.isr_evt_set)
    isr_mbx_receive                          0x08002ca5   Thumb Code    86  rt_mailbox.o(i.isr_mbx_receive)
    isr_mbx_send                             0x08002cfb   Thumb Code    14  rt_mailbox.o(i.isr_mbx_send)
    kalman_struct_init                       0x08002d09   Thumb Code    30  kalman_filter.o(i.kalman_struct_init)
    kalmanfilter                             0x08002d27   Thumb Code   180  kalman_filter.o(i.kalmanfilter)
    main                                     0x08002ddd   Thumb Code    38  main.o(i.main)
    osKernelInitialize                       0x08002e21   Thumb Code    30  rt_cmsis.o(i.osKernelInitialize)
    osKernelStart                            0x08002e45   Thumb Code    98  rt_cmsis.o(i.osKernelStart)
    osMessageGet                             0x08002eb1   Thumb Code    18  rt_cmsis.o(i.osMessageGet)
    osSignalSet                              0x08002ec9   Thumb Code    18  rt_cmsis.o(i.osSignalSet)
    osThreadCreate                           0x08002ee1   Thumb Code    38  rt_cmsis.o(i.osThreadCreate)
    osThreadExit                             0x08002f11   Thumb Code    14  rt_cmsis.o(i.osThreadExit)
    osTimerCall                              0x08002f29   Thumb Code     8  rt_cmsis.o(i.osTimerCall)
    osTimerThread                            0x08002f35   Thumb Code    38  rt_cmsis.o(i.osTimerThread)
    os_error                                 0x08002f61   Thumb Code    34  rtx_conf_cm.o(i.os_error)
    os_idle_demon                            0x08002f83   Thumb Code     4  rtx_conf_cm.o(i.os_idle_demon)
    os_tick_init                             0x08002f89   Thumb Code    32  rt_system.o(i.os_tick_init)
    os_tick_irqack                           0x08002fb1   Thumb Code     2  rt_system.o(i.os_tick_irqack)
    rt_alloc_box                             0x08002fb3   Thumb Code    26  rt_membox.o(i.rt_alloc_box)
    rt_alloc_mem                             0x08002fcd   Thumb Code    62  rt_memory.o(i.rt_alloc_mem)
    rt_block                                 0x0800300d   Thumb Code    48  rt_task.o(i.rt_block)
    rt_chk_robin                             0x08003045   Thumb Code    60  rt_robin.o(i.rt_chk_robin)
    rt_dec_dly                               0x0800308d   Thumb Code   102  rt_list.o(i.rt_dec_dly)
    rt_dispatch                              0x080030fd   Thumb Code    60  rt_task.o(i.rt_dispatch)
    rt_evt_psh                               0x08003141   Thumb Code    76  rt_event.o(i.rt_evt_psh)
    rt_evt_set                               0x08003191   Thumb Code    88  rt_event.o(i.rt_evt_set)
    rt_free_box                              0x080031ed   Thumb Code    44  rt_membox.o(i.rt_free_box)
    rt_free_mem                              0x08003219   Thumb Code    40  rt_memory.o(i.rt_free_mem)
    rt_get_first                             0x08003241   Thumb Code    40  rt_list.o(i.rt_get_first)
    rt_init_mem                              0x080032b9   Thumb Code    26  rt_memory.o(i.rt_init_mem)
    rt_init_robin                            0x080032d5   Thumb Code    14  rt_robin.o(i.rt_init_robin)
    rt_init_stack                            0x080032ed   Thumb Code   118  hal_cm.o(i.rt_init_stack)
    rt_mbx_check                             0x0800336d   Thumb Code     8  rt_mailbox.o(i.rt_mbx_check)
    rt_mbx_init                              0x08003375   Thumb Code    26  rt_mailbox.o(i.rt_mbx_init)
    rt_mbx_psh                               0x08003391   Thumb Code   236  rt_mailbox.o(i.rt_mbx_psh)
    rt_mbx_wait                              0x08003481   Thumb Code   174  rt_mailbox.o(i.rt_mbx_wait)
    rt_pop_req                               0x08003579   Thumb Code   112  rt_system.o(i.rt_pop_req)
    rt_psh_req                               0x080035f5   Thumb Code    22  rt_system.o(i.rt_psh_req)
    rt_psq_enq                               0x08003615   Thumb Code    88  rt_list.o(i.rt_psq_enq)
    rt_put_dly                               0x08003671   Thumb Code    68  rt_list.o(i.rt_put_dly)
    rt_put_prio                              0x080036b9   Thumb Code    54  rt_list.o(i.rt_put_prio)
    rt_put_rdy_first                         0x080036f1   Thumb Code    14  rt_list.o(i.rt_put_rdy_first)
    rt_resort_prio                           0x08003705   Thumb Code    46  rt_list.o(i.rt_resort_prio)
    rt_ret_val                               0x08003749   Thumb Code    12  hal_cm.o(i.rt_ret_val)
    rt_ret_val2                              0x08003755   Thumb Code    16  hal_cm.o(i.rt_ret_val2)
    rt_rmv_dly                               0x08003765   Thumb Code    40  rt_list.o(i.rt_rmv_dly)
    rt_rmv_list                              0x0800378d   Thumb Code    44  rt_list.o(i.rt_rmv_list)
    rt_sem_psh                               0x080037bd   Thumb Code    48  rt_semaphore.o(i.rt_sem_psh)
    rt_stk_check                             0x080037f1   Thumb Code    28  rt_system.o(i.rt_stk_check)
    rt_switch_req                            0x08003815   Thumb Code    30  rt_task.o(i.rt_switch_req)
    rt_sys_init                              0x0800383d   Thumb Code   138  rt_task.o(i.rt_sys_init)
    rt_sys_start                             0x08003909   Thumb Code   110  rt_task.o(i.rt_sys_start)
    rt_systick                               0x08003981   Thumb Code    50  rt_system.o(i.rt_systick)
    rt_tsk_create                            0x08003a09   Thumb Code   118  rt_task.o(i.rt_tsk_create)
    rt_tsk_delete                            0x08003a91   Thumb Code   352  rt_task.o(i.rt_tsk_delete)
    rt_tsk_prio                              0x08003c0d   Thumb Code   108  rt_task.o(i.rt_tsk_prio)
    rt_tsk_self                              0x08003c89   Thumb Code    12  rt_task.o(i.rt_tsk_self)
    svcKernelInitialize                      0x08003ca5   Thumb Code    80  rt_cmsis.o(i.svcKernelInitialize)
    svcKernelStart                           0x08003d15   Thumb Code    62  rt_cmsis.o(i.svcKernelStart)
    svcMessageCreate                         0x08003d5d   Thumb Code    36  rt_cmsis.o(i.svcMessageCreate)
    svcMessageGet                            0x08003d81   Thumb Code    58  rt_cmsis.o(i.svcMessageGet)
    svcSignalSet                             0x08003dbb   Thumb Code    36  rt_cmsis.o(i.svcSignalSet)
    svcThreadCreate                          0x08003de1   Thumb Code   100  rt_cmsis.o(i.svcThreadCreate)
    svcThreadGetId                           0x08003e51   Thumb Code    22  rt_cmsis.o(i.svcThreadGetId)
    svcThreadTerminate                       0x08003e6d   Thumb Code    50  rt_cmsis.o(i.svcThreadTerminate)
    svcTimerCall                             0x08003ea5   Thumb Code    24  rt_cmsis.o(i.svcTimerCall)
    sysTimerTick                             0x08003ebd   Thumb Code    84  rt_cmsis.o(i.sysTimerTick)
    os_maxtaskrun                            0x08003f18   Data           2  rtx_conf_cm.o(.constdata)
    os_stackinfo                             0x08003f1c   Data           4  rtx_conf_cm.o(.constdata)
    os_rrobin                                0x08003f20   Data           4  rtx_conf_cm.o(.constdata)
    os_tickfreq                              0x08003f24   Data           4  rtx_conf_cm.o(.constdata)
    os_tickus_i                              0x08003f28   Data           2  rtx_conf_cm.o(.constdata)
    os_tickus_f                              0x08003f2a   Data           2  rtx_conf_cm.o(.constdata)
    os_trv                                   0x08003f2c   Data           4  rtx_conf_cm.o(.constdata)
    os_flags                                 0x08003f30   Data           1  rtx_conf_cm.o(.constdata)
    CMSIS_RTOS_API_Version                   0x08003f34   Data           4  rtx_conf_cm.o(.constdata)
    CMSIS_RTOS_RTX_Version                   0x08003f38   Data           4  rtx_conf_cm.o(.constdata)
    os_clockrate                             0x08003f3c   Data           4  rtx_conf_cm.o(.constdata)
    os_timernum                              0x08003f40   Data           4  rtx_conf_cm.o(.constdata)
    mp_tcb_size                              0x08003f44   Data           2  rtx_conf_cm.o(.constdata)
    mp_stk_size                              0x08003f48   Data           4  rtx_conf_cm.o(.constdata)
    os_stack_sz                              0x08003f4c   Data           4  rtx_conf_cm.o(.constdata)
    os_fifo_size                             0x08003f50   Data           1  rtx_conf_cm.o(.constdata)
    os_thread_def_osTimerThread              0x08003f54   Data          16  rtx_conf_cm.o(.constdata)
    os_messageQ_def_osTimerMessageQ          0x08003f64   Data           8  rtx_conf_cm.o(.constdata)
    mp_tmr_size                              0x08003f6c   Data           2  rtx_conf_cm.o(.constdata)
    os_thread_def_main                       0x08003f70   Data          16  rtx_conf_cm.o(.constdata)
    APBAHBPrescTable                         0x08003f80   Data          16  stm32f4xx_hal_rcc.o(.constdata)
    Region$$Table$$Base                      0x08003f90   Number         0  anon$$obj.o(Region$$Table)
    Region$$Table$$Limit                     0x08003fb0   Number         0  anon$$obj.o(Region$$Table)
    temp1                                    0x20000000   Data           4  accelerometer.o(.data)
    temp2                                    0x20000004   Data           4  accelerometer.o(.data)
    angle                                    0x20000008   Data           4  accelerometer.o(.data)
    acc_lis3dsh                              0x2000000c   Data           4  accelerometer.o(.data)
    x                                        0x20000010   Data           4  accelerometer.o(.data)
    y                                        0x20000014   Data           4  accelerometer.o(.data)
    z                                        0x20000018   Data           4  accelerometer.o(.data)
    filtered_x                               0x2000001c   Data           4  accelerometer.o(.data)
    filtered_y                               0x20000020   Data           4  accelerometer.o(.data)
    filtered_z                               0x20000024   Data           4  accelerometer.o(.data)
    roll                                     0x20000028   Data           4  accelerometer.o(.data)
    pitch                                    0x2000002c   Data           4  accelerometer.o(.data)
    buffer                                   0x20000030   Data           6  accelerometer.o(.data)
    acc_LIS3DSH_struct                       0x20000036   Data           6  accelerometer.o(.data)
    acc_LIS3DSH_DRYInterruptConfig_struct    0x2000003c   Data           3  accelerometer.o(.data)
    cc2500_config                            0x20000040   Data          72  cc2500.o(.data)
    CC2500Timeout                            0x20000088   Data           4  cc2500.o(.data)
    LIS3DSHTimeout                           0x20000090   Data           4  lis3dsh.o(.data)
    acc_thread_ID                            0x20000094   Data           4  acc_thread.o(.data)
    display_thread_ID                        0x20000098   Data           4  display_thread.o(.data)
    temp_thread_ID                           0x2000009c   Data           4  temp_thread.o(.data)
    keypad_thread_ID                         0x200000a0   Data           4  keypad_thread.o(.data)
    osThreadId_osTimerThread                 0x200000a4   Data           4  rtx_conf_cm.o(.data)
    osMessageQId_osTimerMessageQ             0x200000a8   Data           4  rtx_conf_cm.o(.data)
    os_tmr                                   0x200000ac   Data           4  rtx_conf_cm.o(.data)
    m_tmr                                    0x200000b0   Data           4  rtx_conf_cm.o(.data)
    uwTick                                   0x200000b4   Data           4  stm32f4xx_hal.o(.data)
    SystemCoreClock                          0x200000b8   Data           4  system_stm32f4xx.o(.data)
    os_initialized                           0x200000bc   Data           1  rt_cmsis.o(.data)
    os_running                               0x200000bd   Data           1  rt_cmsis.o(.data)
    os_timer_head                            0x200000c0   Data           4  rt_cmsis.o(.data)
    os_tsk                                   0x200000c4   Data           8  rt_task.o(.data)
    os_tick_irqn                             0x200000d0   Data           4  rt_system.o(.data)
    os_time                                  0x200000d4   Data           4  rt_time.o(.data)
    dbg_msg                                  0x200000d8   Data           1  hal_cm.o(.data)
    os_robin                                 0x200000dc   Data           8  rt_robin.o(.data)
    __stdout                                 0x200000e4   Data           4  stdout.o(.data)
    xks                                      0x200000e8   Data          28  accelerometer.o(.bss)
    yks                                      0x20000104   Data          28  accelerometer.o(.bss)
    zks                                      0x20000120   Data          28  accelerometer.o(.bss)
    acc_GPIO_struct                          0x2000013c   Data          20  accelerometer.o(.bss)
    axis_data_struct                         0x20000150   Data          12  accelerometer.o(.bss)
    TIM_Handle3                              0x2000015c   Data          60  hardware_timer.o(.bss)
    TIM_Handle4                              0x20000198   Data          60  hardware_timer.o(.bss)
    TIM_Handle2                              0x200001d4   Data          60  hardware_timer.o(.bss)
    SpiHandle_CC2500                         0x20000210   Data          88  cc2500.o(.bss)
    SpiHandle                                0x20000268   Data          88  lis3dsh.o(.bss)
    mp_tcb                                   0x200002c0   Data         376  rtx_conf_cm.o(.bss)
    mp_stk                                   0x20000438   Data        4816  rtx_conf_cm.o(.bss)
    os_stack_mem                             0x20001708   Data        1032  rtx_conf_cm.o(.bss)
    os_fifo                                  0x20001b10   Data         132  rtx_conf_cm.o(.bss)
    os_active_TCB                            0x20001b94   Data          28  rtx_conf_cm.o(.bss)
    os_messageQ_q_osTimerMessageQ            0x20001bb0   Data          32  rtx_conf_cm.o(.bss)
    os_idle_TCB                              0x20001bd0   Data          52  rt_task.o(.bss)
    os_rdy                                   0x20001c04   Data          24  rt_list.o(.bss)
    os_dly                                   0x20001c1c   Data          24  rt_list.o(.bss)
    __initial_sp                             0x20002038   Data           0  startup_stm32f407xx.o(STACK)



==============================================================================

Memory Map of the image

  Image Entry point : 0x08000345

  Load Region LR_1 (Base: 0x08000000, Size: 0x00004098, Max: 0xffffffff, ABSOLUTE)

    Execution Region ER_RO (Base: 0x08000000, Size: 0x00003fb0, Max: 0xffffffff, ABSOLUTE)

    Base Addr    Size         Type   Attr      Idx    E Section Name        Object

    0x08000000   0x00000188   Data   RO         5507    RESET               startup_stm32f407xx.o
    0x08000188   0x00000000   Code   RO         6808  * .ARM.Collect$$$$00000000  mc_w.l(entry.o)
    0x08000188   0x00000004   Code   RO         7125    .ARM.Collect$$$$00000001  mc_w.l(entry2.o)
    0x0800018c   0x00000004   Code   RO         7128    .ARM.Collect$$$$00000004  mc_w.l(entry5.o)
    0x08000190   0x00000000   Code   RO         7130    .ARM.Collect$$$$00000008  mc_w.l(entry7b.o)
    0x08000190   0x00000000   Code   RO         7132    .ARM.Collect$$$$0000000A  mc_w.l(entry8b.o)
    0x08000190   0x00000000   Code   RO         7133    .ARM.Collect$$$$0000000D  mc_w.l(entry10a.o)
    0x08000190   0x00000000   Code   RO         7135    .ARM.Collect$$$$0000000F  mc_w.l(entry11a.o)
    0x08000190   0x00000018   Code   RO         1143    .ARM.Collect$$$$000000FF  rtx_conf_cm.o
    0x080001a8   0x00000004   Code   RO         7126    .ARM.Collect$$$$00002712  mc_w.l(entry2.o)
    0x080001ac   0x00000198   Code   RO         6755    .emb_text           RTX_CM4.lib(hal_cm4.o)
    0x08000344   0x00000024   Code   RO         5508  * .text               startup_stm32f407xx.o
    0x08000368   0x00000062   Code   RO         6817    .text               mc_w.l(uldiv.o)
    0x080003ca   0x0000014e   Code   RO         7088    .text               mf_w.l(dadd.o)
    0x08000518   0x000000e4   Code   RO         7090    .text               mf_w.l(dmul.o)
    0x080005fc   0x000000de   Code   RO         7092    .text               mf_w.l(ddiv.o)
    0x080006da   0x00000022   Code   RO         7094    .text               mf_w.l(dflti.o)
    0x080006fc   0x00000026   Code   RO         7096    .text               mf_w.l(f2d.o)
    0x08000722   0x00000038   Code   RO         7098    .text               mf_w.l(d2f.o)
    0x0800075a   0x0000002c   Code   RO         7137    .text               mc_w.l(uidiv.o)
    0x08000786   0x0000001e   Code   RO         7139    .text               mc_w.l(llshl.o)
    0x080007a4   0x00000020   Code   RO         7141    .text               mc_w.l(llushr.o)
    0x080007c4   0x00000024   Code   RO         7143    .text               mc_w.l(llsshr.o)
    0x080007e8   0x00000000   Code   RO         7152    .text               mc_w.l(iusefp.o)
    0x080007e8   0x0000006e   Code   RO         7153    .text               mf_w.l(fepilogue.o)
    0x08000856   0x000000ba   Code   RO         7155    .text               mf_w.l(depilogue.o)
    0x08000910   0x00000030   Code   RO         7163    .text               mf_w.l(dfixul.o)
    0x08000940   0x00000030   Code   RO         7167    .text               mf_w.l(cdrcmple.o)
    0x08000970   0x00000024   Code   RO         7169    .text               mc_w.l(init.o)
    0x08000994   0x00000004   Code   RO         6765    SVC_TABLE           RTX_CM4.lib(svc_table.o)
    0x08000998   0x00000004   Code   RO          858    i.BusFault_Handler  stm32f4xx_it.o
    0x0800099c   0x0000014c   Code   RO          502    i.CC2500_Init       cc2500.o
    0x08000ae8   0x0000004c   Code   RO          503    i.CC2500_Read       cc2500.o
    0x08000b34   0x00000074   Code   RO          505    i.CC2500_SendByte   cc2500.o
    0x08000ba8   0x00000004   Code   RO          506    i.CC2500_TIMEOUT_UserCallback  cc2500.o
    0x08000bac   0x0000000a   Code   RO          510    i.CC2500_get_part_num  cc2500.o
    0x08000bb6   0x00000014   Code   RO          514    i.CC2500_read_one   cc2500.o
    0x08000bca   0x00000002   Code   RO          859    i.DebugMon_Handler  stm32f4xx_it.o
    0x08000bcc   0x0000000a   Code   RO          860    i.EXTI0_IRQHandler  stm32f4xx_it.o
    0x08000bd6   0x00000002   PAD
    0x08000bd8   0x00000180   Code   RO          936    i.Error_Handler     supporting_functions.o
    0x08000d58   0x00000018   Code   RO          244    i.HAL_GPIO_EXTI_Callback  accelerometer.o
    0x08000d70   0x0000001c   Code   RO         2172    i.HAL_GPIO_EXTI_IRQHandler  stm32f4xx_hal_gpio.o
    0x08000d8c   0x0000020c   Code   RO         2173    i.HAL_GPIO_Init     stm32f4xx_hal_gpio.o
    0x08000f98   0x0000000c   Code   RO         2177    i.HAL_GPIO_WritePin  stm32f4xx_hal_gpio.o
    0x08000fa4   0x0000000c   Code   RO         1263    i.HAL_GetTick       stm32f4xx_hal.o
    0x08000fb0   0x0000003c   Code   RO         1265    i.HAL_Init          stm32f4xx_hal.o
    0x08000fec   0x00000028   Code   RO         1266    i.HAL_InitTick      stm32f4xx_hal.o
    0x08001014   0x00000002   Code   RO         1268    i.HAL_MspInit       stm32f4xx_hal.o
    0x08001016   0x00000020   Code   RO         1675    i.HAL_NVIC_EnableIRQ  stm32f4xx_hal_cortex.o
    0x08001036   0x0000007c   Code   RO         1681    i.HAL_NVIC_SetPriority  stm32f4xx_hal_cortex.o
    0x080010b2   0x00000002   PAD
    0x080010b4   0x00000028   Code   RO         1682    i.HAL_NVIC_SetPriorityGrouping  stm32f4xx_hal_cortex.o
    0x080010dc   0x000001d0   Code   RO         3114    i.HAL_RCC_ClockConfig  stm32f4xx_hal_rcc.o
    0x080012ac   0x0000000c   Code   RO         3119    i.HAL_RCC_GetHCLKFreq  stm32f4xx_hal_rcc.o
    0x080012b8   0x000000b4   Code   RO         3123    i.HAL_RCC_GetSysClockFreq  stm32f4xx_hal_rcc.o
    0x0800136c   0x000003a4   Code   RO         3126    i.HAL_RCC_OscConfig  stm32f4xx_hal_rcc.o
    0x08001710   0x00000036   Code   RO         3621    i.HAL_SPI_DeInit    stm32f4xx_hal_spi.o
    0x08001746   0x0000008c   Code   RO         3626    i.HAL_SPI_Init      stm32f4xx_hal_spi.o
    0x080017d2   0x00000002   Code   RO         3627    i.HAL_SPI_MspDeInit  stm32f4xx_hal_spi.o
    0x080017d4   0x000000ec   Code   RO          759    i.HAL_SPI_MspInit   lis3dsh.o
    0x080018c0   0x00000028   Code   RO         1684    i.HAL_SYSTICK_CLKSourceConfig  stm32f4xx_hal_cortex.o
    0x080018e8   0x00000034   Code   RO         1686    i.HAL_SYSTICK_Config  stm32f4xx_hal_cortex.o
    0x0800191c   0x00000002   Code   RO         4648    i.HAL_TIMEx_BreakCallback  stm32f4xx_hal_tim_ex.o
    0x0800191e   0x00000002   Code   RO         4649    i.HAL_TIMEx_CommutationCallback  stm32f4xx_hal_tim_ex.o
    0x08001920   0x00000002   Code   RO         4038    i.HAL_TIM_IC_CaptureCallback  stm32f4xx_hal_tim.o
    0x08001922   0x00000196   Code   RO         4051    i.HAL_TIM_IRQHandler  stm32f4xx_hal_tim.o
    0x08001ab8   0x00000002   Code   RO         4054    i.HAL_TIM_OC_DelayElapsedCallback  stm32f4xx_hal_tim.o
    0x08001aba   0x00000002   Code   RO         4081    i.HAL_TIM_PWM_PulseFinishedCallback  stm32f4xx_hal_tim.o
    0x08001abc   0x00000054   Code   RO          375    i.HAL_TIM_PeriodElapsedCallback  hardware_timer.o
    0x08001b10   0x00000002   Code   RO         4092    i.HAL_TIM_TriggerCallback  stm32f4xx_hal_tim.o
    0x08001b12   0x00000004   Code   RO          861    i.HardFault_Handler  stm32f4xx_it.o
    0x08001b16   0x00000002   PAD
    0x08001b18   0x00000030   Code   RO         1182    i.ITM_SendChar      retarget_io.o
    0x08001b48   0x0000002a   Code   RO          761    i.LIS3DSH_DataReadyInterruptConfig  lis3dsh.o
    0x08001b72   0x00000002   PAD
    0x08001b74   0x000000dc   Code   RO          763    i.LIS3DSH_Init      lis3dsh.o
    0x08001c50   0x0000004c   Code   RO          765    i.LIS3DSH_Read      lis3dsh.o
    0x08001c9c   0x00000074   Code   RO          767    i.LIS3DSH_SendByte  lis3dsh.o
    0x08001d10   0x00000004   Code   RO          768    i.LIS3DSH_TIMEOUT_UserCallback  lis3dsh.o
    0x08001d14   0x00000044   Code   RO          769    i.LIS3DSH_Write     lis3dsh.o
    0x08001d58   0x00000004   Code   RO          862    i.MemManage_Handler  stm32f4xx_it.o
    0x08001d5c   0x00000002   Code   RO          863    i.NMI_Handler       stm32f4xx_it.o
    0x08001d5e   0x0000000a   Code   RO          770    i.SPI_ReceiveData   lis3dsh.o
    0x08001d68   0x0000000a   Code   RO          520    i.SPI_ReceiveData_CC2500  cc2500.o
    0x08001d72   0x00000006   Code   RO          771    i.SPI_SendData      lis3dsh.o
    0x08001d78   0x00000006   Code   RO          521    i.SPI_SendData_CC2500  cc2500.o
    0x08001d7e   0x00000002   PAD
    0x08001d80   0x000000c8   Code   RO          951    i.SystemClock_Config  sysclk_config.o
    0x08001e48   0x00000064   Code   RO         5516    i.SystemInit        system_stm32f4xx.o
    0x08001eac   0x00000010   Code   RO          864    i.TIM2_IRQHandler   stm32f4xx_it.o
    0x08001ebc   0x00000010   Code   RO          865    i.TIM3_IRQHandler   stm32f4xx_it.o
    0x08001ecc   0x00000010   Code   RO          866    i.TIM4_IRQHandler   stm32f4xx_it.o
    0x08001edc   0x00000004   Code   RO          867    i.UsageFault_Handler  stm32f4xx_it.o
    0x08001ee0   0x00000020   Code   RO         7060    i.__0printf         mc_w.l(printfa.o)
    0x08001f00   0x00000010   Code   RO         1688    i.__NVIC_GetPriorityGrouping  stm32f4xx_hal_cortex.o
    0x08001f10   0x00000028   Code   RO         1689    i.__NVIC_SetPriority  stm32f4xx_hal_cortex.o
    0x08001f38   0x0000000e   Code   RO         7173    i.__scatterload_copy  mc_w.l(handlers.o)
    0x08001f46   0x00000002   Code   RO         7174    i.__scatterload_null  mc_w.l(handlers.o)
    0x08001f48   0x0000000e   Code   RO         7175    i.__scatterload_zeroinit  mc_w.l(handlers.o)
    0x08001f56   0x00000002   PAD
    0x08001f58   0x00000164   Code   RO         7067    i._fp_digits        mc_w.l(printfa.o)
    0x080020bc   0x00000046   Code   RO         6628    i._init_box         RTX_CM4.lib(rt_membox.o)
    0x08002102   0x00000002   PAD
    0x08002104   0x000006dc   Code   RO         7068    i._printf_core      mc_w.l(printfa.o)
    0x080027e0   0x00000024   Code   RO         7069    i._printf_post_padding  mc_w.l(printfa.o)
    0x08002804   0x0000002e   Code   RO         7070    i._printf_pre_padding  mc_w.l(printfa.o)
    0x08002832   0x00000002   PAD
    0x08002834   0x00000118   Code   RO          245    i.acc_init          accelerometer.o
    0x0800294c   0x00000234   Code   RO          247    i.acc_read          accelerometer.o
    0x08002b80   0x00000030   Code   RO         6681    i.dbg_init          RTX_CM4.lib(hal_cm.o)
    0x08002bb0   0x00000020   Code   RO         6682    i.dbg_task_notify   RTX_CM4.lib(hal_cm.o)
    0x08002bd0   0x00000010   Code   RO         6683    i.dbg_task_switch   RTX_CM4.lib(hal_cm.o)
    0x08002be0   0x00000020   Code   RO         1187    i.fputc             retarget_io.o
    0x08002c00   0x0000002a   Code   RO         5552    i.isrMessageGet     RTX_CM4.lib(rt_cmsis.o)
    0x08002c2a   0x0000002c   Code   RO         5553    i.isrMessagePut     RTX_CM4.lib(rt_cmsis.o)
    0x08002c56   0x00000024   Code   RO         5555    i.isrSignalSet      RTX_CM4.lib(rt_cmsis.o)
    0x08002c7a   0x00000002   PAD
    0x08002c7c   0x00000028   Code   RO         6352    i.isr_evt_set       RTX_CM4.lib(rt_event.o)
    0x08002ca4   0x00000056   Code   RO         6474    i.isr_mbx_receive   RTX_CM4.lib(rt_mailbox.o)
    0x08002cfa   0x0000000e   Code   RO         6475    i.isr_mbx_send      RTX_CM4.lib(rt_mailbox.o)
    0x08002d08   0x0000001e   Code   RO          223    i.kalman_struct_init  kalman_filter.o
    0x08002d26   0x000000b4   Code   RO          224    i.kalmanfilter      kalman_filter.o
    0x08002dda   0x00000002   PAD
    0x08002ddc   0x00000044   Code   RO            4    i.main              main.o
    0x08002e20   0x00000024   Code   RO         5557    i.osKernelInitialize  RTX_CM4.lib(rt_cmsis.o)
    0x08002e44   0x0000006c   Code   RO         5559    i.osKernelStart     RTX_CM4.lib(rt_cmsis.o)
    0x08002eb0   0x00000018   Code   RO         5568    i.osMessageGet      RTX_CM4.lib(rt_cmsis.o)
    0x08002ec8   0x00000018   Code   RO         5583    i.osSignalSet       RTX_CM4.lib(rt_cmsis.o)
    0x08002ee0   0x00000030   Code   RO         5585    i.osThreadCreate    RTX_CM4.lib(rt_cmsis.o)
    0x08002f10   0x00000018   Code   RO         5586    i.osThreadExit      RTX_CM4.lib(rt_cmsis.o)
    0x08002f28   0x0000000c   Code   RO         5592    i.osTimerCall       RTX_CM4.lib(rt_cmsis.o)
    0x08002f34   0x0000002c   Code   RO         5597    i.osTimerThread     RTX_CM4.lib(rt_cmsis.o)
    0x08002f60   0x00000022   Code   RO         1144    i.os_error          rtx_conf_cm.o
    0x08002f82   0x00000004   Code   RO         1145    i.os_idle_demon     rtx_conf_cm.o
    0x08002f86   0x00000002   PAD
    0x08002f88   0x00000028   Code   RO         6262    i.os_tick_init      RTX_CM4.lib(rt_system.o)
    0x08002fb0   0x00000002   Code   RO         6263    i.os_tick_irqack    RTX_CM4.lib(rt_system.o)
    0x08002fb2   0x0000001a   Code   RO         6629    i.rt_alloc_box      RTX_CM4.lib(rt_membox.o)
    0x08002fcc   0x0000003e   Code   RO         6657    i.rt_alloc_mem      RTX_CM4.lib(rt_memory.o)
    0x0800300a   0x00000002   PAD
    0x0800300c   0x00000038   Code   RO         6177    i.rt_block          RTX_CM4.lib(rt_task.o)
    0x08003044   0x00000048   Code   RO         6734    i.rt_chk_robin      RTX_CM4.lib(rt_robin.o)
    0x0800308c   0x00000070   Code   RO         6398    i.rt_dec_dly        RTX_CM4.lib(rt_list.o)
    0x080030fc   0x00000044   Code   RO         6178    i.rt_dispatch       RTX_CM4.lib(rt_task.o)
    0x08003140   0x00000050   Code   RO         6355    i.rt_evt_psh        RTX_CM4.lib(rt_event.o)
    0x08003190   0x0000005c   Code   RO         6356    i.rt_evt_set        RTX_CM4.lib(rt_event.o)
    0x080031ec   0x0000002c   Code   RO         6630    i.rt_free_box       RTX_CM4.lib(rt_membox.o)
    0x08003218   0x00000028   Code   RO         6658    i.rt_free_mem       RTX_CM4.lib(rt_memory.o)
    0x08003240   0x00000028   Code   RO         6399    i.rt_get_first      RTX_CM4.lib(rt_list.o)
    0x08003268   0x00000008   Code   RO         5602    i.rt_id2obj         RTX_CM4.lib(rt_cmsis.o)
    0x08003270   0x00000048   Code   RO         6179    i.rt_init_context   RTX_CM4.lib(rt_task.o)
    0x080032b8   0x0000001a   Code   RO         6659    i.rt_init_mem       RTX_CM4.lib(rt_memory.o)
    0x080032d2   0x00000002   PAD
    0x080032d4   0x00000018   Code   RO         6735    i.rt_init_robin     RTX_CM4.lib(rt_robin.o)
    0x080032ec   0x00000080   Code   RO         6684    i.rt_init_stack     RTX_CM4.lib(hal_cm.o)
    0x0800336c   0x00000008   Code   RO         6476    i.rt_mbx_check      RTX_CM4.lib(rt_mailbox.o)
    0x08003374   0x0000001a   Code   RO         6477    i.rt_mbx_init       RTX_CM4.lib(rt_mailbox.o)
    0x0800338e   0x00000002   PAD
    0x08003390   0x000000f0   Code   RO         6478    i.rt_mbx_psh        RTX_CM4.lib(rt_mailbox.o)
    0x08003480   0x000000b4   Code   RO         6480    i.rt_mbx_wait       RTX_CM4.lib(rt_mailbox.o)
    0x08003534   0x00000044   Code   RO         5603    i.rt_ms2tick        RTX_CM4.lib(rt_cmsis.o)
    0x08003578   0x0000007c   Code   RO         6266    i.rt_pop_req        RTX_CM4.lib(rt_system.o)
    0x080035f4   0x00000020   Code   RO         6267    i.rt_psh_req        RTX_CM4.lib(rt_system.o)
    0x08003614   0x0000005c   Code   RO         6401    i.rt_psq_enq        RTX_CM4.lib(rt_list.o)
    0x08003670   0x00000048   Code   RO         6402    i.rt_put_dly        RTX_CM4.lib(rt_list.o)
    0x080036b8   0x00000036   Code   RO         6403    i.rt_put_prio       RTX_CM4.lib(rt_list.o)
    0x080036ee   0x00000002   PAD
    0x080036f0   0x00000014   Code   RO         6404    i.rt_put_rdy_first  RTX_CM4.lib(rt_list.o)
    0x08003704   0x00000034   Code   RO         6405    i.rt_resort_prio    RTX_CM4.lib(rt_list.o)
    0x08003738   0x00000010   Code   RO         6685    i.rt_ret_regs       RTX_CM4.lib(hal_cm.o)
    0x08003748   0x0000000c   Code   RO         6686    i.rt_ret_val        RTX_CM4.lib(hal_cm.o)
    0x08003754   0x00000010   Code   RO         6687    i.rt_ret_val2       RTX_CM4.lib(hal_cm.o)
    0x08003764   0x00000028   Code   RO         6406    i.rt_rmv_dly        RTX_CM4.lib(rt_list.o)
    0x0800378c   0x00000030   Code   RO         6407    i.rt_rmv_list       RTX_CM4.lib(rt_list.o)
    0x080037bc   0x00000034   Code   RO         6525    i.rt_sem_psh        RTX_CM4.lib(rt_semaphore.o)
    0x080037f0   0x00000024   Code   RO         6269    i.rt_stk_check      RTX_CM4.lib(rt_system.o)
    0x08003814   0x00000028   Code   RO         6180    i.rt_switch_req     RTX_CM4.lib(rt_task.o)
    0x0800383c   0x000000cc   Code   RO         6181    i.rt_sys_init       RTX_CM4.lib(rt_task.o)
    0x08003908   0x00000078   Code   RO         6182    i.rt_sys_start      RTX_CM4.lib(rt_task.o)
    0x08003980   0x00000040   Code   RO         6271    i.rt_systick        RTX_CM4.lib(rt_system.o)
    0x080039c0   0x00000012   Code   RO         5604    i.rt_tid2ptcb       RTX_CM4.lib(rt_cmsis.o)
    0x080039d2   0x00000002   PAD
    0x080039d4   0x00000034   Code   RO         5605    i.rt_timer_insert   RTX_CM4.lib(rt_cmsis.o)
    0x08003a08   0x00000088   Code   RO         6183    i.rt_tsk_create     RTX_CM4.lib(rt_task.o)
    0x08003a90   0x0000017c   Code   RO         6184    i.rt_tsk_delete     RTX_CM4.lib(rt_task.o)
    0x08003c0c   0x0000007c   Code   RO         6186    i.rt_tsk_prio       RTX_CM4.lib(rt_task.o)
    0x08003c88   0x00000010   Code   RO         6187    i.rt_tsk_self       RTX_CM4.lib(rt_task.o)
    0x08003c98   0x0000000c   Code   RO         1188    i.stdout_putchar    retarget_io.o
    0x08003ca4   0x00000070   Code   RO         5608    i.svcKernelInitialize  RTX_CM4.lib(rt_cmsis.o)
    0x08003d14   0x00000048   Code   RO         5610    i.svcKernelStart    RTX_CM4.lib(rt_cmsis.o)
    0x08003d5c   0x00000024   Code   RO         5613    i.svcMessageCreate  RTX_CM4.lib(rt_cmsis.o)
    0x08003d80   0x0000003a   Code   RO         5614    i.svcMessageGet     RTX_CM4.lib(rt_cmsis.o)
    0x08003dba   0x00000024   Code   RO         5626    i.svcSignalSet      RTX_CM4.lib(rt_cmsis.o)
    0x08003dde   0x00000002   PAD
    0x08003de0   0x00000070   Code   RO         5628    i.svcThreadCreate   RTX_CM4.lib(rt_cmsis.o)
    0x08003e50   0x0000001c   Code   RO         5629    i.svcThreadGetId    RTX_CM4.lib(rt_cmsis.o)
    0x08003e6c   0x00000038   Code   RO         5632    i.svcThreadTerminate  RTX_CM4.lib(rt_cmsis.o)
    0x08003ea4   0x00000018   Code   RO         5634    i.svcTimerCall      RTX_CM4.lib(rt_cmsis.o)
    0x08003ebc   0x0000005c   Code   RO         5643    i.sysTimerTick      RTX_CM4.lib(rt_cmsis.o)
    0x08003f18   0x00000068   Data   RO         1147    .constdata          rtx_conf_cm.o
    0x08003f80   0x00000010   Data   RO         3127    .constdata          stm32f4xx_hal_rcc.o
    0x08003f90   0x00000020   Data   RO         7171    Region$$Table       anon$$obj.o


    Execution Region ER_RW (Base: 0x20000000, Size: 0x000000e8, Max: 0xffffffff, ABSOLUTE)

    Base Addr    Size         Type   Attr      Idx    E Section Name        Object

    0x20000000   0x0000003f   Data   RW          250    .data               accelerometer.o
    0x2000003f   0x00000001   PAD
    0x20000040   0x0000004d   Data   RW          523    .data               cc2500.o
    0x2000008d   0x00000003   PAD
    0x20000090   0x00000004   Data   RW          773    .data               lis3dsh.o
    0x20000094   0x00000004   Data   RW          978    .data               acc_thread.o
    0x20000098   0x00000004   Data   RW         1012    .data               display_thread.o
    0x2000009c   0x00000004   Data   RW         1047    .data               temp_thread.o
    0x200000a0   0x00000004   Data   RW         1081    .data               keypad_thread.o
    0x200000a4   0x00000010   Data   RW         1148    .data               rtx_conf_cm.o
    0x200000b4   0x00000004   Data   RW         1271    .data               stm32f4xx_hal.o
    0x200000b8   0x00000004   Data   RW         5518    .data               system_stm32f4xx.o
    0x200000bc   0x00000008   Data   RW         5646    .data               RTX_CM4.lib(rt_cmsis.o)
    0x200000c4   0x00000008   Data   RW         6189    .data               RTX_CM4.lib(rt_task.o)
    0x200000cc   0x00000008   Data   RW         6274    .data               RTX_CM4.lib(rt_system.o)
    0x200000d4   0x00000004   Data   RW         6568    .data               RTX_CM4.lib(rt_time.o)
    0x200000d8   0x00000001   Data   RW         6688    .data               RTX_CM4.lib(hal_cm.o)
    0x200000d9   0x00000003   PAD
    0x200000dc   0x00000008   Data   RW         6736    .data               RTX_CM4.lib(rt_robin.o)
    0x200000e4   0x00000004   Data   RW         6815    .data               mc_w.l(stdout.o)


    Execution Region ER_ZI (Base: 0x200000e8, Size: 0x00001f50, Max: 0xffffffff, ABSOLUTE)

    Base Addr    Size         Type   Attr      Idx    E Section Name        Object

    0x200000e8   0x00000074   Zero   RW          249    .bss                accelerometer.o
    0x2000015c   0x000000b4   Zero   RW          379    .bss                hardware_timer.o
    0x20000210   0x00000058   Zero   RW          522    .bss                cc2500.o
    0x20000268   0x00000058   Zero   RW          772    .bss                lis3dsh.o
    0x200002c0   0x00001910   Zero   RW         1146    .bss                rtx_conf_cm.o
    0x20001bd0   0x00000034   Zero   RW         6188    .bss                RTX_CM4.lib(rt_task.o)
    0x20001c04   0x00000030   Zero   RW         6408    .bss                RTX_CM4.lib(rt_list.o)
    0x20001c34   0x00000004   PAD
    0x20001c38   0x00000400   Zero   RW         5505    STACK               startup_stm32f407xx.o


==============================================================================

Image component sizes


      Code (inc. data)   RO Data    RW Data    ZI Data      Debug   Object Name

         0          0          0          4          0        533   acc_thread.o
       868        168          0         63        116      10714   accelerometer.o
       574         64          0         77         88       6083   cc2500.o
         0          0          0          4          0        610   display_thread.o
        84         22          0          0        180       1698   hardware_timer.o
       210          0          0          0          0       1772   kalman_filter.o
         0          0          0          4          0        551   keypad_thread.o
       778         88          0          4         88       5938   lis3dsh.o
        68         30          0          0          0     322785   main.o
        92         12          0          0          0       1759   retarget_io.o
        62          6        104         16       6416       7680   rtx_conf_cm.o
        36          8        392          0       1024        840   startup_stm32f407xx.o
       114         16          0          4          0       3839   stm32f4xx_hal.o
       344         22          0          0          0      32889   stm32f4xx_hal_cortex.o
       564         52          0          0          0       3207   stm32f4xx_hal_gpio.o
      1588         54         16          0          0       4721   stm32f4xx_hal_rcc.o
       196          0          0          0          0       2532   stm32f4xx_hal_spi.o
       414          0          0          0          0       3902   stm32f4xx_hal_tim.o
         4          0          0          0          0       1730   stm32f4xx_hal_tim_ex.o
        78         18          0          0          0       4546   stm32f4xx_it.o
       384        312          0          0          0        572   supporting_functions.o
       200          8          0          0          0       1129   sysclk_config.o
       100         18          0          4          0       1189   system_stm32f4xx.o
         0          0          0          4          0        539   temp_thread.o
         0          0          0          0          0       1240   wireless.o

    ----------------------------------------------------------------------
      6772        898        544        188       7912     422998   Object Totals
         0          0         32          0          0          0   (incl. Generated)
        14          0          0          4          0          0   (incl. Padding)

    ----------------------------------------------------------------------

      Code (inc. data)   RO Data    RW Data    ZI Data      Debug   Library Member Name

       268         24          0          1          0       4452   hal_cm.o
       408         34          0          0          0        816   hal_cm4.o
      1214        146          0          8          0      35806   rt_cmsis.o
       212         14          0          0          0       2028   rt_event.o
       530         34          0          0         48       8597   rt_list.o
       554         10          0          0          0       4189   rt_mailbox.o
       140          0          0          0          0       2045   rt_membox.o
       128          0          0          0          0       2419   rt_memory.o
        96         22          0          8          0       1230   rt_robin.o
        52          4          0          0          0        613   rt_semaphore.o
       298         52          0          8          0       6439   rt_system.o
      1216        174          0          8         52      10025   rt_task.o
         0          0          0          4          0        206   rt_time.o
         4          4          0          0          0        200   svc_table.o
         0          0          0          0          0          0   entry.o
         0          0          0          0          0          0   entry10a.o
         0          0          0          0          0          0   entry11a.o
         8          4          0          0          0          0   entry2.o
         4          0          0          0          0          0   entry5.o
         0          0          0          0          0          0   entry7b.o
         0          0          0          0          0          0   entry8b.o
        30          0          0          0          0          0   handlers.o
        36          8          0          0          0         68   init.o
         0          0          0          0          0          0   iusefp.o
        30          0          0          0          0         68   llshl.o
        36          0          0          0          0         68   llsshr.o
        32          0          0          0          0         68   llushr.o
      2226         90          0          0          0        444   printfa.o
         0          0          0          4          0          0   stdout.o
        44          0          0          0          0         80   uidiv.o
        98          0          0          0          0         92   uldiv.o
        48          0          0          0          0         68   cdrcmple.o
        56          0          0          0          0         88   d2f.o
       334          0          0          0          0        148   dadd.o
       222          0          0          0          0        100   ddiv.o
       186          0          0          0          0        176   depilogue.o
        48          0          0          0          0         68   dfixul.o
        34          0          0          0          0         76   dflti.o
       228          0          0          0          0         96   dmul.o
        38          0          0          0          0         68   f2d.o
       110          0          0          0          0        168   fepilogue.o

    ----------------------------------------------------------------------
      8988        620          0         44        104      81009   Library Totals
        20          0          0          3          4          0   (incl. Padding)

    ----------------------------------------------------------------------

      Code (inc. data)   RO Data    RW Data    ZI Data      Debug   Library Name

      5120        518          0         37        100      79065   RTX_CM4.lib
      2544        102          0          4          0        888   mc_w.l
      1304          0          0          0          0       1056   mf_w.l

    ----------------------------------------------------------------------
      8988        620          0         44        104      81009   Library Totals

    ----------------------------------------------------------------------

==============================================================================


      Code (inc. data)   RO Data    RW Data    ZI Data      Debug   

     15760       1518        544        232       8016     489775   Grand Totals
     15760       1518        544        232       8016     489775   ELF Image Totals
     15760       1518        544        232          0          0   ROM Totals

==============================================================================

    Total RO  Size (Code + RO Data)                16304 (  15.92kB)
    Total RW  Size (RW Data + ZI Data)              8248 (   8.05kB)
    Total ROM Size (Code + RO Data + RW Data)      16536 (  16.15kB)

==============================================================================

