Component: ARM Compiler 5.05 update 2 (build 169) Tool: armlink [4d0f33]

==============================================================================

Section Cross References

    main.o(i.main) refers to rt_cmsis.o(i.osKernelInitialize) for osKernelInitialize
    main.o(i.main) refers to stm32f4xx_hal.o(i.HAL_Init) for HAL_Init
    main.o(i.main) refers to sysclk_config.o(i.SystemClock_Config) for SystemClock_Config
    main.o(i.main) refers to usbd_core.o(i.USBD_Initialize) for USBD_Initialize
    main.o(i.main) refers to usbd_core.o(i.USBD_Connect) for USBD_Connect
    main.o(i.main) refers to accelerometer_thread.o(i.start_accelerometer_thread) for start_accelerometer_thread
    main.o(i.main) refers to led_thread.o(i.start_LED_thread) for start_LED_thread
    main.o(i.main) refers to mouse_thread.o(i.start_mouse_thread) for start_mouse_thread
    main.o(i.main) refers to rt_cmsis.o(i.osKernelStart) for osKernelStart
    main.o(i.main) refers to rt_cmsis.o(i.osDelay) for osDelay
    supporting_functions.o(i.Error_Handler) refers to printfb.o(i.__0printf$bare) for __2printf
    stm32f4xx_it.o(i.TIM3_IRQHandler) refers to stm32f4xx_hal_tim.o(i.HAL_TIM_IRQHandler) for HAL_TIM_IRQHandler
    stm32f4xx_it.o(i.TIM3_IRQHandler) refers to led_thread.o(.bss) for TIM3_handle
    sysclk_config.o(i.SystemClock_Config) refers to stm32f4xx_hal_rcc.o(i.HAL_RCC_OscConfig) for HAL_RCC_OscConfig
    sysclk_config.o(i.SystemClock_Config) refers to supporting_functions.o(i.Error_Handler) for Error_Handler
    sysclk_config.o(i.SystemClock_Config) refers to stm32f4xx_hal_rcc.o(i.HAL_RCC_ClockConfig) for HAL_RCC_ClockConfig
    led_thread.o(i.HAL_TIM_PeriodElapsedCallback) refers to rt_cmsis.o(i.osSignalSet) for osSignalSet
    led_thread.o(i.HAL_TIM_PeriodElapsedCallback) refers to led_thread.o(.data) for LED_thread_ID
    led_thread.o(i.LED_thread) refers to led_thread.o(i.LED_thread_periph_init) for LED_thread_periph_init
    led_thread.o(i.LED_thread) refers to rt_cmsis.o(i.osSignalWait) for osSignalWait
    led_thread.o(i.LED_thread) refers to stm32f4xx_hal_gpio.o(i.HAL_GPIO_TogglePin) for HAL_GPIO_TogglePin
    led_thread.o(i.LED_thread) refers to printfb.o(i.__0printf$bare) for __2printf
    led_thread.o(i.LED_thread_periph_init) refers to stm32f4xx_hal_gpio.o(i.HAL_GPIO_Init) for HAL_GPIO_Init
    led_thread.o(i.LED_thread_periph_init) refers to stm32f4xx_hal_tim.o(i.HAL_TIM_Base_Init) for HAL_TIM_Base_Init
    led_thread.o(i.LED_thread_periph_init) refers to stm32f4xx_hal_tim.o(i.HAL_TIM_Base_Start_IT) for HAL_TIM_Base_Start_IT
    led_thread.o(i.LED_thread_periph_init) refers to stm32f4xx_hal_cortex.o(i.HAL_NVIC_EnableIRQ) for HAL_NVIC_EnableIRQ
    led_thread.o(i.LED_thread_periph_init) refers to stm32f4xx_hal_cortex.o(i.HAL_NVIC_SetPriority) for HAL_NVIC_SetPriority
    led_thread.o(i.LED_thread_periph_init) refers to led_thread.o(.bss) for TIM3_handle
    led_thread.o(i.start_LED_thread) refers to rt_cmsis.o(i.osThreadCreate) for osThreadCreate
    led_thread.o(i.start_LED_thread) refers to led_thread.o(.constdata) for os_thread_def_LED_thread
    led_thread.o(i.start_LED_thread) refers to led_thread.o(.data) for LED_thread_ID
    led_thread.o(.constdata) refers to led_thread.o(i.LED_thread) for LED_thread
    mouse_thread.o(i.mouse_thread) refers to mouse_thread.o(i.mouse_thread_periph_init) for mouse_thread_periph_init
    mouse_thread.o(i.mouse_thread) refers to stm32f4xx_hal_gpio.o(i.HAL_GPIO_ReadPin) for HAL_GPIO_ReadPin
    mouse_thread.o(i.mouse_thread) refers to usbd_hid.o(i.USBD_HID_GetReportTrigger) for USBD_HID_GetReportTrigger
    mouse_thread.o(i.mouse_thread) refers to rt_cmsis.o(i.osDelay) for osDelay
    mouse_thread.o(i.mouse_thread) refers to mouse_thread.o(.data) for mouse_in_report
    mouse_thread.o(i.mouse_thread_periph_init) refers to stm32f4xx_hal_gpio.o(i.HAL_GPIO_Init) for HAL_GPIO_Init
    mouse_thread.o(i.start_mouse_thread) refers to rt_cmsis.o(i.osThreadCreate) for osThreadCreate
    mouse_thread.o(i.start_mouse_thread) refers to mouse_thread.o(.constdata) for os_thread_def_mouse_thread
    mouse_thread.o(i.start_mouse_thread) refers to mouse_thread.o(.data) for mouse_thread_ID
    mouse_thread.o(.constdata) refers to mouse_thread.o(i.mouse_thread) for mouse_thread
    accelerometer_thread.o(i.AccelConfig) refers to lis3dsh.o(i.LIS3DSH_Init) for LIS3DSH_Init
    accelerometer_thread.o(i.AccelConfig) refers to lis3dsh.o(i.LIS3DSH_DataReadyInterruptConfig) for LIS3DSH_DataReadyInterruptConfig
    accelerometer_thread.o(i.AccelConfig) refers to stm32f4xx_hal_gpio.o(i.HAL_GPIO_Init) for HAL_GPIO_Init
    accelerometer_thread.o(i.AccelConfig) refers to stm32f4xx_hal_cortex.o(i.HAL_NVIC_EnableIRQ) for HAL_NVIC_EnableIRQ
    accelerometer_thread.o(i.AccelConfig) refers to stm32f4xx_hal_cortex.o(i.HAL_NVIC_SetPriority) for HAL_NVIC_SetPriority
    accelerometer_thread.o(i.AccelConfig) refers to accelerometer_thread.o(.data) for AccelInit
[...]
    USBD_Endpoint0_Setup_HID_ReqToIF         0x0800440d   Thumb Code   292  usbd_core_hid.o(i.USBD_Endpoint0_Setup_HID_ReqToIF)
    USBD_Endpoint0_Setup_MSC_ReqToIF         0x08004541   Thumb Code     4  usbd_config_0.o(i.USBD_Endpoint0_Setup_MSC_ReqToIF)
    USBD_EndpointStall                       0x0800492d   Thumb Code    82  usbd_core.o(i.USBD_EndpointStall)
    USBD_EventDisableRemoteWakeup            0x08004d4d   Thumb Code     2  usbd_config_0.o(i.USBD_EventDisableRemoteWakeup)
    USBD_EventEnableRemoteWakeup             0x08004d4f   Thumb Code     2  usbd_config_0.o(i.USBD_EventEnableRemoteWakeup)
    USBD_EventEndpointClearFeatureStall      0x08004d51   Thumb Code     2  usbd_config_0.o(i.USBD_EventEndpointClearFeatureStall)
    USBD_EventEndpointSetFeatureStall        0x08004d53   Thumb Code     2  usbd_config_0.o(i.USBD_EventEndpointSetFeatureStall)
    USBD_EventEndpointStart                  0x08004d55   Thumb Code    62  usbd_config_0.o(i.USBD_EventEndpointStart)
    USBD_EventEndpointStop                   0x08004d99   Thumb Code     2  usbd_config_0.o(i.USBD_EventEndpointStop)
    USBD_EventHighSpeed                      0x08004d9b   Thumb Code     2  usbd_config_0.o(i.USBD_EventHighSpeed)
    USBD_EventPowerOff                       0x08004d9d   Thumb Code     2  usbd_config_0.o(i.USBD_EventPowerOff)
    USBD_EventPowerOn                        0x08004d9f   Thumb Code     2  usbd_config_0.o(i.USBD_EventPowerOn)
    USBD_EventReset                          0x08004da1   Thumb Code    46  usbd_config_0.o(i.USBD_EventReset)
    USBD_EventResume                         0x08004dd9   Thumb Code     2  usbd_config_0.o(i.USBD_EventResume)
    USBD_EventSetConfiguration               0x08004ddd   Thumb Code    38  usbd_config_0.o(i.USBD_EventSetConfiguration)
    USBD_EventSetInterface                   0x08004e09   Thumb Code     2  usbd_config_0.o(i.USBD_EventSetInterface)
    USBD_EventSuspend                        0x08004e0b   Thumb Code     2  usbd_config_0.o(i.USBD_EventSuspend)
    USBD_FS_IRQ                              0x08004e0d   Thumb Code  1546  usbd_fs_stm32f4xx.o(i.USBD_FS_IRQ)
    USBD_HID0_GetProtocol                    0x080054a5   Thumb Code     6  usbd_config_0.o(i.USBD_HID0_GetProtocol)
    USBD_HID0_GetReport                      0x080054ab   Thumb Code    50  usbd_user_hid_mouse_0.o(i.USBD_HID0_GetReport)
    USBD_HID0_Initialize                     0x080054dd   Thumb Code     2  usbd_user_hid_mouse_0.o(i.USBD_HID0_Initialize)
    USBD_HID0_SetProtocol                    0x080054df   Thumb Code     4  usbd_config_0.o(i.USBD_HID0_SetProtocol)
    USBD_HID0_SetReport                      0x080054e3   Thumb Code    26  usbd_user_hid_mouse_0.o(i.USBD_HID0_SetReport)
    USBD_HID0_Thread                         0x080054fd   Thumb Code     6  usbd_hid.o(i.USBD_HID0_Thread)
    USBD_HID0_Uninitialize                   0x08005503   Thumb Code     2  usbd_user_hid_mouse_0.o(i.USBD_HID0_Uninitialize)
    USBD_HID_CheckInstance                   0x08005505   Thumb Code    46  usbd_hid.o(i.USBD_HID_CheckInstance)
    USBD_HID_ClassInitialize                 0x08005541   Thumb Code   118  usbd_hid.o(i.USBD_HID_ClassInitialize)
    USBD_HID_CoreGetIdle                     0x080055d5   Thumb Code    46  usbd_hid.o(i.USBD_HID_CoreGetIdle)
    USBD_HID_CoreGetProtocol                 0x0800560d   Thumb Code    54  usbd_hid.o(i.USBD_HID_CoreGetProtocol)
    USBD_HID_CoreGetReport                   0x08005651   Thumb Code    74  usbd_hid.o(i.USBD_HID_CoreGetReport)
    USBD_HID_CoreSetIdle                     0x080056a9   Thumb Code   114  usbd_hid.o(i.USBD_HID_CoreSetIdle)
    USBD_HID_CoreSetProtocol                 0x08005729   Thumb Code    50  usbd_hid.o(i.USBD_HID_CoreSetProtocol)
    USBD_HID_CoreSetReport                   0x08005769   Thumb Code    82  usbd_hid.o(i.USBD_HID_CoreSetReport)
    USBD_HID_EventEndpointStart              0x080057c9   Thumb Code    44  usbd_hid.o(i.USBD_HID_EventEndpointStart)
    USBD_HID_EventReset                      0x08005a09   Thumb Code    66  usbd_hid.o(i.USBD_HID_EventReset)
    USBD_HID_EventSetConfiguration           0x08005a55   Thumb Code    58  usbd_hid.o(i.USBD_HID_EventSetConfiguration)
    USBD_HID_GetReportTrigger                0x08005a99   Thumb Code   142  usbd_hid.o(i.USBD_HID_GetReportTrigger)
    USBD_HID_Thread                          0x08005b35   Thumb Code    42  usbd_hid.o(i.USBD_HID_Thread)
    USBD_HID_Timer                           0x08005b61   Thumb Code   290  usbd_hid.o(i.USBD_HID_Timer)
    USBD_Initialize                          0x08005cd5   Thumb Code   198  usbd_core.o(i.USBD_Initialize)
    USBD_ReqGetConfiguration                 0x08006145   Thumb Code    30  usbd_core.o(i.USBD_ReqGetConfiguration)
    USBD_ReqGetDescriptor                    0x08006169   Thumb Code   300  usbd_core.o(i.USBD_ReqGetDescriptor)
    USBD_ReqGetInterface                     0x0800629d   Thumb Code    50  usbd_core.o(i.USBD_ReqGetInterface)
    USBD_ReqGetStatus                        0x080062d5   Thumb Code   120  usbd_core.o(i.USBD_ReqGetStatus)
    USBD_ReqSetAddress                       0x08006351   Thumb Code    36  usbd_core.o(i.USBD_ReqSetAddress)
    USBD_ReqSetClrFeature                    0x08006379   Thumb Code   248  usbd_core.o(i.USBD_ReqSetClrFeature)
    USBD_ReqSetConfiguration                 0x08006475   Thumb Code   562  usbd_core.o(i.USBD_ReqSetConfiguration)
    USBD_ReqSetInterface                     0x080066b1   Thumb Code   386  usbd_core.o(i.USBD_ReqSetInterface)
    USBD_ResetCore                           0x08006935   Thumb Code    34  usbd_core.o(i.USBD_ResetCore)
    USBD_SetupStage                          0x0800695d   Thumb Code    18  usbd_core.o(i.USBD_SetupStage)
    USBD_SignalDeviceEvent                   0x08006975   Thumb Code    10  usbd_core.o(i.USBD_SignalDeviceEvent)
    USBD_SignalEndpointEvent                 0x08006985   Thumb Code    56  usbd_core.o(i.USBD_SignalEndpointEvent)
    USBD_StatusInStage                       0x080069c9   Thumb Code    12  usbd_core.o(i.USBD_StatusInStage)
    USBD_StatusInStageDone                   0x080069d5   Thumb Code    18  usbd_core.o(i.USBD_StatusInStageDone)
    USBD_StatusOutStage                      0x080069e7   Thumb Code    12  usbd_core.o(i.USBD_StatusOutStage)
    USBD_StatusOutStageDone                  0x080069f5   Thumb Code    46  usbd_core.o(i.USBD_StatusOutStageDone)
    USBD_SwitchToHighSpeedCore               0x08006a29   Thumb Code    18  usbd_core.o(i.USBD_SwitchToHighSpeedCore)
    UsageFault_Handler                       0x08006b5d   Thumb Code     4  stm32f4xx_it.o(i.UsageFault_Handler)
    __0printf$bare                           0x08006b61   Thumb Code     8  printfb.o(i.__0printf$bare)
    __1printf$bare                           0x08006b61   Thumb Code     0  printfb.o(i.__0printf$bare)
    __2printf                                0x08006b61   Thumb Code     0  printfb.o(i.__0printf$bare)
    __ARM_fpclassify                         0x08006b71   Thumb Code    48  fpclassify.o(i.__ARM_fpclassify)
    __hardfp_atan                            0x08006bd9   Thumb Code   622  atan.o(i.__hardfp_atan)
    __hardfp_sqrt                            0x08006eb1   Thumb Code   122  sqrt_full.o(i.__hardfp_sqrt)
    __kernel_poly                            0x08006f2b   Thumb Code   248  poly.o(i.__kernel_poly)
    __mathlib_dbl_infnan                     0x08007023   Thumb Code    20  dunder.o(i.__mathlib_dbl_infnan)
    __mathlib_dbl_underflow                  0x08007039   Thumb Code    24  dunder.o(i.__mathlib_dbl_underflow)
    __scatterload_copy                       0x08007059   Thumb Code    14  handlers.o(i.__scatterload_copy)
    __scatterload_null                       0x08007067   Thumb Code     2  handlers.o(i.__scatterload_null)
    __scatterload_zeroinit                   0x08007069   Thumb Code    14  handlers.o(i.__scatterload_zeroinit)
    __set_errno                              0x08007079   Thumb Code     6  errno.o(i.__set_errno)
    _init_box                                0x08007085   Thumb Code    70  rt_membox.o(i._init_box)
    dbg_init                                 0x080070ed   Thumb Code    34  hal_cm.o(i.dbg_init)
    dbg_task_notify                          0x0800711d   Thumb Code    32  hal_cm.o(i.dbg_task_notify)
    dbg_task_switch                          0x0800713d   Thumb Code    16  hal_cm.o(i.dbg_task_switch)
    extract_col                              0x0800714d   Thumb Code    42  kalman_filter_funcs.o(i.extract_col)
    fabs                                     0x08007177   Thumb Code    24  fabs.o(i.fabs)
    fill_me_up                               0x0800718f   Thumb Code    28  kalman_filter_funcs.o(i.fill_me_up)
    fputc                                    0x080071ad   Thumb Code    26  retarget_io.o(i.fputc)
    free                                     0x080071cd   Thumb Code    76  malloc.o(i.free)
    initKalman                               0x0800721d   Thumb Code   104  kalman_filter_funcs.o(i.initKalman)
    isrMessageGet                            0x0800728d   Thumb Code    42  rt_cmsis.o(i.isrMessageGet)
    isrMessagePut                            0x080072b7   Thumb Code    44  rt_cmsis.o(i.isrMessagePut)
    isrSemaphoreRelease                      0x080072e3   Thumb Code    40  rt_cmsis.o(i.isrSemaphoreRelease)
    isrSignalSet                             0x0800730b   Thumb Code    36  rt_cmsis.o(i.isrSignalSet)
    isr_evt_set                              0x08007331   Thumb Code    34  rt_event.o(i.isr_evt_set)
    isr_mbx_receive                          0x08007359   Thumb Code    86  rt_mailbox.o(i.isr_mbx_receive)
    isr_mbx_send                             0x080073af   Thumb Code    14  rt_mailbox.o(i.isr_mbx_send)
    isr_sem_send                             0x080073bd   Thumb Code    16  rt_semaphore.o(i.isr_sem_send)
    main                                     0x080073cd   Thumb Code    60  main.o(i.main)
    malloc                                   0x08007409   Thumb Code    92  malloc.o(i.malloc)
    mouse_thread                             0x08007475   Thumb Code    62  mouse_thread.o(i.mouse_thread)
    mouse_thread_periph_init                 0x080074bd   Thumb Code    62  mouse_thread.o(i.mouse_thread_periph_init)
    osDelay                                  0x08007505   Thumb Code    18  rt_cmsis.o(i.osDelay)
    osKernelInitialize                       0x0800751d   Thumb Code    30  rt_cmsis.o(i.osKernelInitialize)
    osKernelStart                            0x08007541   Thumb Code    98  rt_cmsis.o(i.osKernelStart)
    osMessageGet                             0x080075ad   Thumb Code    18  rt_cmsis.o(i.osMessageGet)
    osMutexCreate                            0x080075c5   Thumb Code    38  rt_cmsis.o(i.osMutexCreate)
    osMutexRelease                           0x080075f5   Thumb Code    18  rt_cmsis.o(i.osMutexRelease)
    osMutexWait                              0x0800760d   Thumb Code    18  rt_cmsis.o(i.osMutexWait)
    osSemaphoreCreate                        0x08007625   Thumb Code    38  rt_cmsis.o(i.osSemaphoreCreate)
    osSemaphoreRelease                       0x08007655   Thumb Code    18  rt_cmsis.o(i.osSemaphoreRelease)
    osSemaphoreWait                          0x0800766d   Thumb Code    20  rt_cmsis.o(i.osSemaphoreWait)
    osSignalSet                              0x08007685   Thumb Code    18  rt_cmsis.o(i.osSignalSet)
    osSignalWait                             0x0800769d   Thumb Code    18  rt_cmsis.o(i.osSignalWait)
    osThreadCreate                           0x080076b5   Thumb Code    38  rt_cmsis.o(i.osThreadCreate)
    osThreadExit                             0x080076e5   Thumb Code    14  rt_cmsis.o(i.osThreadExit)
    osTimerCall                              0x080076fd   Thumb Code     8  rt_cmsis.o(i.osTimerCall)
    osTimerCreate                            0x08007709   Thumb Code    44  rt_cmsis.o(i.osTimerCreate)
    osTimerStart                             0x0800773d   Thumb Code    18  rt_cmsis.o(i.osTimerStart)
    osTimerStop                              0x08007755   Thumb Code    18  rt_cmsis.o(i.osTimerStop)
    osTimerThread                            0x0800776d   Thumb Code    38  rt_cmsis.o(i.osTimerThread)
    os_error                                 0x08007799   Thumb Code    34  rtx_conf_cm.o(i.os_error)
    os_idle_demon                            0x080077bb   Thumb Code     4  rtx_conf_cm.o(i.os_idle_demon)
    os_tick_init                             0x080077c1   Thumb Code    32  rt_system.o(i.os_tick_init)
    os_tick_irqack                           0x080077e9   Thumb Code     2  rt_system.o(i.os_tick_irqack)
    rt_alloc_box                             0x080077eb   Thumb Code    26  rt_membox.o(i.rt_alloc_box)
    rt_alloc_mem                             0x08007805   Thumb Code    62  rt_memory.o(i.rt_alloc_mem)
    rt_block                                 0x08007845   Thumb Code    48  rt_task.o(i.rt_block)
    rt_chk_robin                             0x0800787d   Thumb Code    60  rt_robin.o(i.rt_chk_robin)
    rt_dec_dly                               0x080078c5   Thumb Code   102  rt_list.o(i.rt_dec_dly)
    rt_dispatch                              0x08007935   Thumb Code    60  rt_task.o(i.rt_dispatch)
    rt_dly_wait                              0x08007979   Thumb Code     6  rt_time.o(i.rt_dly_wait)
    rt_evt_psh                               0x08007981   Thumb Code    76  rt_event.o(i.rt_evt_psh)
    rt_evt_set                               0x080079d1   Thumb Code    88  rt_event.o(i.rt_evt_set)
    rt_evt_wait                              0x08007a2d   Thumb Code    56  rt_event.o(i.rt_evt_wait)
    rt_free_box                              0x08007a69   Thumb Code    44  rt_membox.o(i.rt_free_box)
    rt_free_mem                              0x08007a95   Thumb Code    40  rt_memory.o(i.rt_free_mem)
    rt_get_first                             0x08007abd   Thumb Code    40  rt_list.o(i.rt_get_first)
    rt_init_mem                              0x08007b35   Thumb Code    26  rt_memory.o(i.rt_init_mem)
    rt_init_robin                            0x08007b51   Thumb Code    14  rt_robin.o(i.rt_init_robin)
    rt_init_stack                            0x08007b69   Thumb Code   118  hal_cm.o(i.rt_init_stack)
    rt_mbx_check                             0x08007be9   Thumb Code     8  rt_mailbox.o(i.rt_mbx_check)
    rt_mbx_init                              0x08007bf1   Thumb Code    26  rt_mailbox.o(i.rt_mbx_init)
    rt_mbx_psh                               0x08007c0d   Thumb Code   236  rt_mailbox.o(i.rt_mbx_psh)
    rt_mbx_wait                              0x08007cfd   Thumb Code   174  rt_mailbox.o(i.rt_mbx_wait)
    rt_mut_init                              0x08007df5   Thumb Code    16  rt_mutex.o(i.rt_mut_init)
    rt_mut_release                           0x08007e05   Thumb Code   208  rt_mutex.o(i.rt_mut_release)
    rt_mut_wait                              0x08007edd   Thumb Code   100  rt_mutex.o(i.rt_mut_wait)
    rt_pop_req                               0x08007f45   Thumb Code   112  rt_system.o(i.rt_pop_req)
    rt_psh_req                               0x08007fc1   Thumb Code    22  rt_system.o(i.rt_psh_req)
    rt_psq_enq                               0x08007fe1   Thumb Code    88  rt_list.o(i.rt_psq_enq)
    rt_put_dly                               0x0800803d   Thumb Code    68  rt_list.o(i.rt_put_dly)
    rt_put_prio                              0x08008085   Thumb Code    54  rt_list.o(i.rt_put_prio)
    rt_put_rdy_first                         0x080080bd   Thumb Code    14  rt_list.o(i.rt_put_rdy_first)
    rt_resort_prio                           0x080080d1   Thumb Code    46  rt_list.o(i.rt_resort_prio)
    rt_ret_val                               0x08008115   Thumb Code    12  hal_cm.o(i.rt_ret_val)
    rt_ret_val2                              0x08008121   Thumb Code    16  hal_cm.o(i.rt_ret_val2)
    rt_rmv_dly                               0x08008131   Thumb Code    40  rt_list.o(i.rt_rmv_dly)
    rt_rmv_list                              0x08008159   Thumb Code    44  rt_list.o(i.rt_rmv_list)
    rt_sem_init                              0x08008189   Thumb Code    12  rt_semaphore.o(i.rt_sem_init)
    rt_sem_psh                               0x08008195   Thumb Code    48  rt_semaphore.o(i.rt_sem_psh)
    rt_sem_send                              0x080081c9   Thumb Code    42  rt_semaphore.o(i.rt_sem_send)
    rt_sem_wait                              0x080081f5   Thumb Code    58  rt_semaphore.o(i.rt_sem_wait)
    rt_stk_check                             0x08008235   Thumb Code    28  rt_system.o(i.rt_stk_check)
    rt_switch_req                            0x08008259   Thumb Code    30  rt_task.o(i.rt_switch_req)
    rt_sys_init                              0x08008281   Thumb Code   138  rt_task.o(i.rt_sys_init)
    rt_sys_start                             0x0800834d   Thumb Code   110  rt_task.o(i.rt_sys_start)
    rt_systick                               0x080083c5   Thumb Code    50  rt_system.o(i.rt_systick)
    rt_tsk_create                            0x08008489   Thumb Code   118  rt_task.o(i.rt_tsk_create)
    rt_tsk_delete                            0x08008511   Thumb Code   352  rt_task.o(i.rt_tsk_delete)
    rt_tsk_prio                              0x0800868d   Thumb Code   108  rt_task.o(i.rt_tsk_prio)
    rt_tsk_self                              0x08008709   Thumb Code    12  rt_task.o(i.rt_tsk_self)
    runKalman                                0x08008719   Thumb Code    34  kalman_filter_funcs.o(i.runKalman)
    start_LED_thread                         0x0800873d   Thumb Code    18  led_thread.o(i.start_LED_thread)
    start_accelerometer_thread               0x08008759   Thumb Code    40  accelerometer_thread.o(i.start_accelerometer_thread)
    start_mouse_thread                       0x080087e9   Thumb Code    18  mouse_thread.o(i.start_mouse_thread)
    svcDelay                                 0x08008811   Thumb Code    18  rt_cmsis.o(i.svcDelay)
    svcKernelInitialize                      0x08008825   Thumb Code    80  rt_cmsis.o(i.svcKernelInitialize)
    svcKernelStart                           0x08008895   Thumb Code    62  rt_cmsis.o(i.svcKernelStart)
    svcMessageCreate                         0x080088dd   Thumb Code    36  rt_cmsis.o(i.svcMessageCreate)
    svcMessageGet                            0x08008901   Thumb Code    58  rt_cmsis.o(i.svcMessageGet)
    svcMutexCreate                           0x0800893b   Thumb Code    28  rt_cmsis.o(i.svcMutexCreate)
    svcMutexRelease                          0x08008957   Thumb Code    34  rt_cmsis.o(i.svcMutexRelease)
    svcMutexWait                             0x08008979   Thumb Code    54  rt_cmsis.o(i.svcMutexWait)
    svcSemaphoreCreate                       0x080089af   Thumb Code    36  rt_cmsis.o(i.svcSemaphoreCreate)
    svcSemaphoreRelease                      0x080089d3   Thumb Code    40  rt_cmsis.o(i.svcSemaphoreRelease)
    svcSemaphoreWait                         0x080089fb   Thumb Code    50  rt_cmsis.o(i.svcSemaphoreWait)
    svcSignalSet                             0x08008a2d   Thumb Code    36  rt_cmsis.o(i.svcSignalSet)
    svcSignalWait                            0x08008a51   Thumb Code    80  rt_cmsis.o(i.svcSignalWait)
    svcThreadCreate                          0x08008aa5   Thumb Code   100  rt_cmsis.o(i.svcThreadCreate)
    svcThreadGetId                           0x08008b15   Thumb Code    22  rt_cmsis.o(i.svcThreadGetId)
    svcThreadTerminate                       0x08008b31   Thumb Code    50  rt_cmsis.o(i.svcThreadTerminate)
    svcTimerCall                             0x08008b69   Thumb Code    24  rt_cmsis.o(i.svcTimerCall)
    svcTimerCreate                           0x08008b81   Thumb Code    52  rt_cmsis.o(i.svcTimerCreate)
    svcTimerStart                            0x08008bb9   Thumb Code    96  rt_cmsis.o(i.svcTimerStart)
    svcTimerStop                             0x08008c1d   Thumb Code    36  rt_cmsis.o(i.svcTimerStop)
    sysTimerTick                             0x08008c41   Thumb Code    84  rt_cmsis.o(i.sysTimerTick)
    update_col                               0x08008c9d   Thumb Code    42  kalman_filter_funcs.o(i.update_col)
    os_thread_def_LED_thread                 0x08008cc8   Data          16  led_thread.o(.constdata)
    os_thread_def_mouse_thread               0x08008cd8   Data          16  mouse_thread.o(.constdata)
    os_thread_def_Thread_Accelerometer       0x08008ce8   Data          16  accelerometer_thread.o(.constdata)
    usbd_hid0_report_descriptor              0x08008cf8   Data          52  usbd_user_hid_mouse_0.o(.constdata)
    os_maxtaskrun                            0x08008d2c   Data           2  rtx_conf_cm.o(.constdata)
    os_stackinfo                             0x08008d30   Data           4  rtx_conf_cm.o(.constdata)
    os_rrobin                                0x08008d34   Data           4  rtx_conf_cm.o(.constdata)
    os_tickfreq                              0x08008d38   Data           4  rtx_conf_cm.o(.constdata)
    os_tickus_i                              0x08008d3c   Data           2  rtx_conf_cm.o(.constdata)
    os_tickus_f                              0x08008d3e   Data           2  rtx_conf_cm.o(.constdata)
    os_trv                                   0x08008d40   Data           4  rtx_conf_cm.o(.constdata)
    os_flags                                 0x08008d44   Data           1  rtx_conf_cm.o(.constdata)
    CMSIS_RTOS_API_Version                   0x08008d48   Data           4  rtx_conf_cm.o(.constdata)
    CMSIS_RTOS_RTX_Version                   0x08008d4c   Data           4  rtx_conf_cm.o(.constdata)
    os_clockrate                             0x08008d50   Data           4  rtx_conf_cm.o(.constdata)
    os_timernum                              0x08008d54   Data           4  rtx_conf_cm.o(.constdata)
    mp_tcb_size                              0x08008d58   Data           2  rtx_conf_cm.o(.constdata)
    mp_stk_size                              0x08008d5c   Data           4  rtx_conf_cm.o(.constdata)
    os_stack_sz                              0x08008d60   Data           4  rtx_conf_cm.o(.constdata)
    os_fifo_size                             0x08008d64   Data           1  rtx_conf_cm.o(.constdata)
    os_thread_def_osTimerThread              0x08008d68   Data          16  rtx_conf_cm.o(.constdata)
    os_messageQ_def_osTimerMessageQ          0x08008d78   Data           8  rtx_conf_cm.o(.constdata)
    mp_tmr_size                              0x08008d80   Data           2  rtx_conf_cm.o(.constdata)
    os_thread_def_main                       0x08008d84   Data          16  rtx_conf_cm.o(.constdata)
    Driver_USBD0                             0x08008d9c   Data          72  usbd_fs_stm32f4xx.o(.constdata)
    APBAHBPrescTable                         0x08008de4   Data          16  stm32f4xx_hal_rcc.o(.constdata)
    os_thread_def_USBD0_Core_Thread          0x08008df4   Data          16  usbd_config_0.o(.constdata)
    usbd0_dev                                0x08008e04   Data          24  usbd_config_0.o(.constdata)
    os_semaphore_def_usbd0_driver_semaphore_def 0x08008e1c   Data           4  usbd_config_0.o(.constdata)
    os_semaphore_def_usbd0_driver_ep0out_semaphore_def 0x08008e20   Data           4  usbd_config_0.o(.constdata)
    os_semaphore_def_usbd0_driver_ep0in_semaphore_def 0x08008e24   Data           4  usbd_config_0.o(.constdata)
    os_semaphore_def_usbd0_driver_ep1out_semaphore_def 0x08008e28   Data           4  usbd_config_0.o(.constdata)
    os_semaphore_def_usbd0_driver_ep1in_semaphore_def 0x08008e2c   Data           4  usbd_config_0.o(.constdata)
    os_semaphore_def_usbd0_driver_ep2out_semaphore_def 0x08008e30   Data           4  usbd_config_0.o(.constdata)
    os_semaphore_def_usbd0_driver_ep2in_semaphore_def 0x08008e34   Data           4  usbd_config_0.o(.constdata)
    os_semaphore_def_usbd0_driver_ep3out_semaphore_def 0x08008e38   Data           4  usbd_config_0.o(.constdata)
    os_semaphore_def_usbd0_driver_ep3in_semaphore_def 0x08008e3c   Data           4  usbd_config_0.o(.constdata)
    os_semaphore_def_usbd0_driver_ep4out_semaphore_def 0x08008e40   Data           4  usbd_config_0.o(.constdata)
    os_semaphore_def_usbd0_driver_ep4in_semaphore_def 0x08008e44   Data           4  usbd_config_0.o(.constdata)
    os_semaphore_def_usbd0_driver_ep5out_semaphore_def 0x08008e48   Data           4  usbd_config_0.o(.constdata)
    os_semaphore_def_usbd0_driver_ep5in_semaphore_def 0x08008e4c   Data           4  usbd_config_0.o(.constdata)
    os_semaphore_def_usbd0_driver_ep6out_semaphore_def 0x08008e50   Data           4  usbd_config_0.o(.constdata)
    os_semaphore_def_usbd0_driver_ep6in_semaphore_def 0x08008e54   Data           4  usbd_config_0.o(.constdata)
    os_semaphore_def_usbd0_driver_ep7out_semaphore_def 0x08008e58   Data           4  usbd_config_0.o(.constdata)
    os_semaphore_def_usbd0_driver_ep7in_semaphore_def 0x08008e5c   Data           4  usbd_config_0.o(.constdata)
    os_semaphore_def_usbd0_driver_ep8out_semaphore_def 0x08008e60   Data           4  usbd_config_0.o(.constdata)
    os_semaphore_def_usbd0_driver_ep8in_semaphore_def 0x08008e64   Data           4  usbd_config_0.o(.constdata)
    os_semaphore_def_usbd0_driver_ep9out_semaphore_def 0x08008e68   Data           4  usbd_config_0.o(.constdata)
    os_semaphore_def_usbd0_driver_ep9in_semaphore_def 0x08008e6c   Data           4  usbd_config_0.o(.constdata)
    os_semaphore_def_usbd0_driver_ep10out_semaphore_def 0x08008e70   Data           4  usbd_config_0.o(.constdata)
    os_semaphore_def_usbd0_driver_ep10in_semaphore_def 0x08008e74   Data           4  usbd_config_0.o(.constdata)
    os_semaphore_def_usbd0_driver_ep11out_semaphore_def 0x08008e78   Data           4  usbd_config_0.o(.constdata)
    os_semaphore_def_usbd0_driver_ep11in_semaphore_def 0x08008e7c   Data           4  usbd_config_0.o(.constdata)
    os_semaphore_def_usbd0_driver_ep12out_semaphore_def 0x08008e80   Data           4  usbd_config_0.o(.constdata)
    os_semaphore_def_usbd0_driver_ep12in_semaphore_def 0x08008e84   Data           4  usbd_config_0.o(.constdata)
    os_semaphore_def_usbd0_driver_ep13out_semaphore_def 0x08008e88   Data           4  usbd_config_0.o(.constdata)
    os_semaphore_def_usbd0_driver_ep13in_semaphore_def 0x08008e8c   Data           4  usbd_config_0.o(.constdata)
    os_semaphore_def_usbd0_driver_ep14out_semaphore_def 0x08008e90   Data           4  usbd_config_0.o(.constdata)
    os_semaphore_def_usbd0_driver_ep14in_semaphore_def 0x08008e94   Data           4  usbd_config_0.o(.constdata)
    os_semaphore_def_usbd0_driver_ep15out_semaphore_def 0x08008e98   Data           4  usbd_config_0.o(.constdata)
    os_semaphore_def_usbd0_driver_ep15in_semaphore_def 0x08008e9c   Data           4  usbd_config_0.o(.constdata)
    usbd_driver_semaphore_def_ptr            0x08008ea0   Data           4  usbd_config_0.o(.constdata)
    usbd_driver_ep_semaphore_def_ptr         0x08008ea4   Data         128  usbd_config_0.o(.constdata)
    usbd_dev_num                             0x08008f24   Data           1  usbd_config_0.o(.constdata)
    usbd_dev_ptr                             0x08008f28   Data           4  usbd_config_0.o(.constdata)
    os_thread_def_USBD_HID0_Thread           0x08008f2c   Data          16  usbd_config_0.o(.constdata)
    usbd_hid_thread_def_ptr                  0x08008f3c   Data           4  usbd_config_0.o(.constdata)
    os_timer_def_usbd_hid0_timer             0x08008f40   Data           8  usbd_config_0.o(.constdata)
    usbd_hid_timer_def_ptr                   0x08008f48   Data           4  usbd_config_0.o(.constdata)
    os_mutex_def_usbd_hid0_mutex             0x08008f4c   Data           4  usbd_config_0.o(.constdata)
    usbd_hid_mutex_def_ptr                   0x08008f50   Data           4  usbd_config_0.o(.constdata)
    usbd_hid_num                             0x08008f54   Data           1  usbd_config_0.o(.constdata)
    usbd_hid                                 0x08008f58   Data          56  usbd_config_0.o(.constdata)
    usbd_ep_max_num                          0x08008f90   Data           1  usbd_config_0.o(.constdata)
    usbd_core_thread_def_ptr                 0x08008f94   Data           4  usbd_config_0.o(.constdata)
    usbd_cb_device_event_ptr                 0x08008f98   Data           4  usbd_config_0.o(.constdata)
    usbd_cb_endpoint_event_ptr               0x08008f9c   Data           4  usbd_config_0.o(.constdata)
    USBD_HID_Initialize                      0x08008fa0   Data           4  usbd_config_0.o(.constdata)
    USBD_HID_Uninitialize                    0x08008fa4   Data           4  usbd_config_0.o(.constdata)
    USBD_HID_GetReport                       0x08008fa8   Data           4  usbd_config_0.o(.constdata)
    USBD_HID_SetReport                       0x08008fac   Data           4  usbd_config_0.o(.constdata)
    USBD_HID_GetProtocol                     0x08008fb0   Data           4  usbd_config_0.o(.constdata)
    USBD_HID_SetProtocol                     0x08008fb4   Data           4  usbd_config_0.o(.constdata)
    USBD_Device_Initialize                   0x08008fb8   Data           4  usbd_config_0.o(.constdata)
    USBD_Device_Uninitialize                 0x08008fbc   Data           4  usbd_config_0.o(.constdata)
    USBD_Device_EventReset                   0x08008fc0   Data           4  usbd_config_0.o(.constdata)
    USBD_Device_Endpoint0_SetupPacketReceived 0x08008fc4   Data           4  usbd_config_0.o(.constdata)
    USBD_Device_Endpoint0_SetupPacketProcessed 0x08008fc8   Data           4  usbd_config_0.o(.constdata)
    USBD_Device_Endpoint0_OutDataReceived    0x08008fcc   Data           4  usbd_config_0.o(.constdata)
    USBD_Device_Endpoint0_InDataSent         0x08008fd0   Data           4  usbd_config_0.o(.constdata)
    usbd_hid_desc_ptr                        0x08008fd4   Data           4  usbd_config_0.o(.constdata)
    usbd0_ep0_descriptor                     0x08008fd8   Data           7  usbd_config_0.o(.constdata)
    usbd0_device_descriptor                  0x08008fdf   Data          18  usbd_config_0.o(.constdata)
    usbd0_config_descriptor_fs               0x08008ff1   Data          42  usbd_config_0.o(.constdata)
    usbd0_device_qualifier_fs                0x0800901b   Data           1  usbd_config_0.o(.constdata)
    usbd0_device_qualifier_hs                0x0800901c   Data           1  usbd_config_0.o(.constdata)
    usbd0_config_descriptor_hs               0x0800901d   Data           1  usbd_config_0.o(.constdata)
    usbd0_other_speed_config_descriptor_fs   0x0800901e   Data           1  usbd_config_0.o(.constdata)
    usbd0_other_speed_config_descriptor_hs   0x0800901f   Data           1  usbd_config_0.o(.constdata)
    usbd0_string_descriptor                  0x08009020   Data          98  usbd_config_0.o(.constdata)
    INTERVAL_HS                              0x08009082   Data          32  usbd_hid.o(.constdata)
    Region$$Table$$Base                      0x08009140   Number         0  anon$$obj.o(Region$$Table)
    Region$$Table$$Limit                     0x08009160   Number         0  anon$$obj.o(Region$$Table)
    LED_thread_ID                            0x20000000   Data           4  led_thread.o(.data)
    mouse_thread_ID                          0x20000004   Data           4  mouse_thread.o(.data)
    mouse_in_report                          0x20000008   Data           4  mouse_thread.o(.data)
    AccelInit                                0x2000000c   Data           6  accelerometer_thread.o(.data)
    AccelInterrupt                           0x20000012   Data           3  accelerometer_thread.o(.data)
    tid_Thread_Accelerometer                 0x20000018   Data           4  accelerometer_thread.o(.data)
    segment_thread_ID                        0x2000001c   Data           4  segment_display.o(.data)
    selected_mode                            0x20000020   Data           4  segment_display.o(.data)
    filteredTemp                             0x20000024   Data           4  segment_display.o(.data)
    displayed_angle                          0x20000028   Data           4  segment_display.o(.data)
    segment_mutex                            0x2000002c   Data           4  segment_display.o(.data)
    LIS3DSHTimeout                           0x20000030   Data           4  lis3dsh.o(.data)
    osThreadId_osTimerThread                 0x20000034   Data           4  rtx_conf_cm.o(.data)
    osMessageQId_osTimerMessageQ             0x20000038   Data           4  rtx_conf_cm.o(.data)
    os_tmr                                   0x2000003c   Data           4  rtx_conf_cm.o(.data)
    m_tmr                                    0x20000040   Data           4  rtx_conf_cm.o(.data)
    otg_fs_role                              0x20000044   Data           1  otg_fs_stm32f4xx.o(.data)
    uwTick                                   0x20000068   Data           4  stm32f4xx_hal.o(.data)
    SystemCoreClock                          0x2000006c   Data           4  system_stm32f4xx.o(.data)
    usbd0_alt_setting                        0x20000070   Data           1  usbd_config_0.o(.data)
    usbd0_ep0_buf                            0x20000074   Data           8  usbd_config_0.o(.data)
    usbd_core_thread_id                      0x2000007c   Data           4  usbd_config_0.o(.data)
    usbd_driver_semaphore_id                 0x20000080   Data           4  usbd_config_0.o(.data)
    os_semaphore_cb_usbd0_driver_semaphore_def 0x20000084   Data           8  usbd_config_0.o(.data)
    os_semaphore_cb_usbd0_driver_ep0out_semaphore_def 0x2000008c   Data           8  usbd_config_0.o(.data)
    os_semaphore_cb_usbd0_driver_ep0in_semaphore_def 0x20000094   Data           8  usbd_config_0.o(.data)
    os_semaphore_cb_usbd0_driver_ep1out_semaphore_def 0x2000009c   Data           8  usbd_config_0.o(.data)
    os_semaphore_cb_usbd0_driver_ep1in_semaphore_def 0x200000a4   Data           8  usbd_config_0.o(.data)
    os_semaphore_cb_usbd0_driver_ep2out_semaphore_def 0x200000ac   Data           8  usbd_config_0.o(.data)
    os_semaphore_cb_usbd0_driver_ep2in_semaphore_def 0x200000b4   Data           8  usbd_config_0.o(.data)
    os_semaphore_cb_usbd0_driver_ep3out_semaphore_def 0x200000bc   Data           8  usbd_config_0.o(.data)
    os_semaphore_cb_usbd0_driver_ep3in_semaphore_def 0x200000c4   Data           8  usbd_config_0.o(.data)
    os_semaphore_cb_usbd0_driver_ep4out_semaphore_def 0x200000cc   Data           8  usbd_config_0.o(.data)
    os_semaphore_cb_usbd0_driver_ep4in_semaphore_def 0x200000d4   Data           8  usbd_config_0.o(.data)
    os_semaphore_cb_usbd0_driver_ep5out_semaphore_def 0x200000dc   Data           8  usbd_config_0.o(.data)
    os_semaphore_cb_usbd0_driver_ep5in_semaphore_def 0x200000e4   Data           8  usbd_config_0.o(.data)
    os_semaphore_cb_usbd0_driver_ep6out_semaphore_def 0x200000ec   Data           8  usbd_config_0.o(.data)
    os_semaphore_cb_usbd0_driver_ep6in_semaphore_def 0x200000f4   Data           8  usbd_config_0.o(.data)
    os_semaphore_cb_usbd0_driver_ep7out_semaphore_def 0x200000fc   Data           8  usbd_config_0.o(.data)
    os_semaphore_cb_usbd0_driver_ep7in_semaphore_def 0x20000104   Data           8  usbd_config_0.o(.data)
    os_semaphore_cb_usbd0_driver_ep8out_semaphore_def 0x2000010c   Data           8  usbd_config_0.o(.data)
    os_semaphore_cb_usbd0_driver_ep8in_semaphore_def 0x20000114   Data           8  usbd_config_0.o(.data)
    os_semaphore_cb_usbd0_driver_ep9out_semaphore_def 0x2000011c   Data           8  usbd_config_0.o(.data)
    os_semaphore_cb_usbd0_driver_ep9in_semaphore_def 0x20000124   Data           8  usbd_config_0.o(.data)
    os_semaphore_cb_usbd0_driver_ep10out_semaphore_def 0x2000012c   Data           8  usbd_config_0.o(.data)
    os_semaphore_cb_usbd0_driver_ep10in_semaphore_def 0x20000134   Data           8  usbd_config_0.o(.data)
    os_semaphore_cb_usbd0_driver_ep11out_semaphore_def 0x2000013c   Data           8  usbd_config_0.o(.data)
    os_semaphore_cb_usbd0_driver_ep11in_semaphore_def 0x20000144   Data           8  usbd_config_0.o(.data)
    os_semaphore_cb_usbd0_driver_ep12out_semaphore_def 0x2000014c   Data           8  usbd_config_0.o(.data)
    os_semaphore_cb_usbd0_driver_ep12in_semaphore_def 0x20000154   Data           8  usbd_config_0.o(.data)
    os_semaphore_cb_usbd0_driver_ep13out_semaphore_def 0x2000015c   Data           8  usbd_config_0.o(.data)
    os_semaphore_cb_usbd0_driver_ep13in_semaphore_def 0x20000164   Data           8  usbd_config_0.o(.data)
    os_semaphore_cb_usbd0_driver_ep14out_semaphore_def 0x2000016c   Data           8  usbd_config_0.o(.data)
    os_semaphore_cb_usbd0_driver_ep14in_semaphore_def 0x20000174   Data           8  usbd_config_0.o(.data)
    os_semaphore_cb_usbd0_driver_ep15out_semaphore_def 0x2000017c   Data           8  usbd_config_0.o(.data)
    os_semaphore_cb_usbd0_driver_ep15in_semaphore_def 0x20000184   Data           8  usbd_config_0.o(.data)
    usbd_hid_thread_id                       0x2000018c   Data           4  usbd_config_0.o(.data)
    usbd_hid_timer_id                        0x20000190   Data           4  usbd_config_0.o(.data)
    usbd_hid_mutex_id                        0x20000194   Data           4  usbd_config_0.o(.data)
    usbd_hid0_idle_count                     0x20000198   Data           2  usbd_config_0.o(.data)
    usbd_hid0_idle_reload                    0x2000019a   Data           2  usbd_config_0.o(.data)
    usbd_hid0_idle_set                       0x2000019c   Data           1  usbd_config_0.o(.data)
    usbd_hid0_in_report                      0x200001a0   Data           5  usbd_config_0.o(.data)
    usbd_hid0_out_report                     0x200001a8   Data           1  usbd_config_0.o(.data)
    usbd_hid0_feat_report                    0x200001ac   Data           1  usbd_config_0.o(.data)
    usbd_hid_ptr                             0x200001b0   Data           4  usbd_config_0.o(.data)
    usbd_ep_thread_id_ptr                    0x200001b4   Data           8  usbd_config_0.o(.data)
    usbd_drv_version                         0x200001bc   Data           4  usbd_config_0.o(.data)
    usbd_capabilities                        0x200001c0   Data           4  usbd_config_0.o(.data)
    usbd_hid0_desc                           0x200001c4   Data           8  usbd_config_0.o(.data)
    usbd0_desc                               0x200001cc   Data          36  usbd_config_0.o(.data)
    usbd_desc_ptr                            0x200001f0   Data           4  usbd_config_0.o(.data)
    os_initialized                           0x200001f4   Data           1  rt_cmsis.o(.data)
    os_running                               0x200001f5   Data           1  rt_cmsis.o(.data)
    os_timer_head                            0x200001f8   Data           4  rt_cmsis.o(.data)
    os_tsk                                   0x200001fc   Data           8  rt_task.o(.data)
    os_tick_irqn                             0x20000208   Data           4  rt_system.o(.data)
    os_time                                  0x2000020c   Data           4  rt_time.o(.data)
    dbg_msg                                  0x20000210   Data           1  hal_cm.o(.data)
    os_robin                                 0x20000214   Data           8  rt_robin.o(.data)
    __stdout                                 0x2000021c   Data           4  stdout.o(.data)
    __microlib_freelist                      0x20000220   Data           4  mvars.o(.data)
    __microlib_freelist_initialised          0x20000224   Data           4  mvars.o(.data)
    TIM3_handle                              0x2000022c   Data          60  led_thread.o(.bss)
    AccelGPIO                                0x20000268   Data          20  accelerometer_thread.o(.bss)
    kalman1                                  0x2000027c   Data          28  accelerometer_thread.o(.bss)
    kalman2                                  0x20000298   Data          28  accelerometer_thread.o(.bss)
    kalman3                                  0x200002b4   Data          28  accelerometer_thread.o(.bss)
    SpiHandle                                0x200002d0   Data          88  lis3dsh.o(.bss)
    mp_tcb                                   0x20000328   Data         584  rtx_conf_cm.o(.bss)
    mp_stk                                   0x20000570   Data        3088  rtx_conf_cm.o(.bss)
    os_stack_mem                             0x20001180   Data        2824  rtx_conf_cm.o(.bss)
    os_fifo                                  0x20001c88   Data         132  rtx_conf_cm.o(.bss)
    os_active_TCB                            0x20001d0c   Data          44  rtx_conf_cm.o(.bss)
    os_messageQ_q_osTimerMessageQ            0x20001d38   Data          32  rtx_conf_cm.o(.bss)
    usbd0_data                               0x20001df8   Data          80  usbd_config_0.o(.bss)
    usbd_driver_ep_semaphore_id              0x20001e48   Data         128  usbd_config_0.o(.bss)
    os_timer_cb_usbd_hid0_timer              0x20001ec8   Data          24  usbd_config_0.o(.bss)
    os_mutex_cb_usbd_hid0_mutex              0x20001ee0   Data          16  usbd_config_0.o(.bss)
    usbd_hid_data                            0x20001ef0   Data          36  usbd_config_0.o(.bss)
    os_idle_TCB                              0x20001f14   Data          52  rt_task.o(.bss)
    os_rdy                                   0x20001f48   Data          24  rt_list.o(.bss)
    os_dly                                   0x20001f60   Data          24  rt_list.o(.bss)
    __heap_base                              0x20001f78   Data           0  startup_stm32f407xx.o(HEAP)
    __heap_limit                             0x20002178   Data           0  startup_stm32f407xx.o(HEAP)
    __initial_sp                             0x20002578   Data           0  startup_stm32f407xx.o(STACK)



==============================================================================

Memory Map of the image

  Image Entry point : 0x08000345

  Load Region LR_1 (Base: 0x08000000, Size: 0x0000938c, Max: 0xffffffff, ABSOLUTE, COMPRESSED[0x000091a0])

    Execution Region ER_RO (Base: 0x08000000, Size: 0x00009160, Max: 0xffffffff, ABSOLUTE)

    Base Addr    Size         Type   Attr      Idx    E Section Name        Object

    0x08000000   0x00000188   Data   RO         4839    RESET               startup_stm32f407xx.o
    0x08000188   0x00000000   Code   RO         6901  * .ARM.Collect$$$$00000000  mc_w.l(entry.o)
    0x08000188   0x00000004   Code   RO         7245    .ARM.Collect$$$$00000001  mc_w.l(entry2.o)
    0x0800018c   0x00000004   Code   RO         7248    .ARM.Collect$$$$00000004  mc_w.l(entry5.o)
    0x08000190   0x00000000   Code   RO         7250    .ARM.Collect$$$$00000008  mc_w.l(entry7b.o)
    0x08000190   0x00000000   Code   RO         7252    .ARM.Collect$$$$0000000A  mc_w.l(entry8b.o)
    0x08000190   0x00000000   Code   RO         7253    .ARM.Collect$$$$0000000D  mc_w.l(entry10a.o)
    0x08000190   0x00000000   Code   RO         7255    .ARM.Collect$$$$0000000F  mc_w.l(entry11a.o)
    0x08000190   0x00000018   Code   RO         1148    .ARM.Collect$$$$000000FF  rtx_conf_cm.o
    0x080001a8   0x00000004   Code   RO         7246    .ARM.Collect$$$$00002712  mc_w.l(entry2.o)
    0x080001ac   0x00000198   Code   RO         6836    .emb_text           RTX_CM4.lib(hal_cm4.o)
    0x08000344   0x00000024   Code   RO         4840  * .text               startup_stm32f407xx.o
    0x08000368   0x00000108   Code   RO         5182    .text               arm_cortexM4lf_math.lib(arm_mat_add_f32.o)
    0x08000470   0x00000008   Code   RO         5234    .text               arm_cortexM4lf_math.lib(arm_mat_init_f32.o)
    0x08000478   0x00000530   Code   RO         5258    .text               arm_cortexM4lf_math.lib(arm_mat_inverse_f32.o)
    0x080009a8   0x0000013c   Code   RO         5282    .text               arm_cortexM4lf_math.lib(arm_mat_mult_f32.o)
    0x08000ae4   0x00000108   Code   RO         5306    .text               arm_cortexM4lf_math.lib(arm_mat_sub_f32.o)
    0x08000bec   0x00000114   Code   RO         5330    .text               arm_cortexM4lf_math.lib(arm_mat_trans_f32.o)
    0x08000d00   0x00000084   Code   RO         5405    .text               arm_cortexM4lf_math.lib(arm_copy_f32.o)
    0x08000d84   0x00000062   Code   RO         6910    .text               mc_w.l(uldiv.o)
    0x08000de6   0x00000024   Code   RO         6912    .text               mc_w.l(memcpya.o)
    0x08000e0a   0x00000024   Code   RO         6914    .text               mc_w.l(memseta.o)
    0x08000e2e   0x0000014e   Code   RO         7206    .text               mf_w.l(dadd.o)
    0x08000f7c   0x000000e4   Code   RO         7208    .text               mf_w.l(dmul.o)
    0x08001060   0x000000de   Code   RO         7210    .text               mf_w.l(ddiv.o)
    0x0800113e   0x00000026   Code   RO         7216    .text               mf_w.l(f2d.o)
    0x08001164   0x00000038   Code   RO         7218    .text               mf_w.l(d2f.o)
    0x0800119c   0x0000001e   Code   RO         7259    .text               mc_w.l(llshl.o)
    0x080011ba   0x00000020   Code   RO         7261    .text               mc_w.l(llushr.o)
    0x080011da   0x00000024   Code   RO         7263    .text               mc_w.l(llsshr.o)
    0x080011fe   0x00000000   Code   RO         7274    .text               mc_w.l(iusefp.o)
    0x080011fe   0x0000006e   Code   RO         7275    .text               mf_w.l(fepilogue.o)
    0x0800126c   0x000000ba   Code   RO         7277    .text               mf_w.l(depilogue.o)
    0x08001326   0x000000a2   Code   RO         7283    .text               mf_w.l(dsqrt.o)
    0x080013c8   0x00000024   Code   RO         7293    .text               mc_w.l(init.o)
    0x080013ec   0x00000056   Code   RO         7302    .text               mc_w.l(__dczerorl2.o)
    0x08001442   0x00000002   PAD
    0x08001444   0x00000004   Code   RO         6846    SVC_TABLE           RTX_CM4.lib(svc_table.o)
    0x08001448   0x00000094   Code   RO          515    i.AccelConfig       accelerometer_thread.o
    0x080014dc   0x00000004   Code   RO          334    i.BusFault_Handler  stm32f4xx_it.o
    0x080014e0   0x00000002   Code   RO          335    i.DebugMon_Handler  stm32f4xx_it.o
    0x080014e2   0x00000002   PAD
    0x080014e4   0x00000184   Code   RO         1186    i.Enable_GPIO_Clock  otg_fs_stm32f4xx.o
    0x08001668   0x00000180   Code   RO          319    i.Error_Handler     supporting_functions.o
    0x080017e8   0x00000174   Code   RO         2185    i.HAL_GPIO_DeInit   stm32f4xx_hal_gpio.o
    0x0800195c   0x0000020c   Code   RO         2188    i.HAL_GPIO_Init     stm32f4xx_hal_gpio.o
    0x08001b68   0x00000010   Code   RO         2190    i.HAL_GPIO_ReadPin  stm32f4xx_hal_gpio.o
    0x08001b78   0x00000008   Code   RO         2191    i.HAL_GPIO_TogglePin  stm32f4xx_hal_gpio.o
    0x08001b80   0x0000000c   Code   RO         2192    i.HAL_GPIO_WritePin  stm32f4xx_hal_gpio.o
    0x08001b8c   0x0000000c   Code   RO         1501    i.HAL_GetTick       stm32f4xx_hal.o
    0x08001b98   0x0000003c   Code   RO         1503    i.HAL_Init          stm32f4xx_hal.o
    0x08001bd4   0x00000028   Code   RO         1504    i.HAL_InitTick      stm32f4xx_hal.o
    0x08001bfc   0x00000002   Code   RO         1506    i.HAL_MspInit       stm32f4xx_hal.o
    0x08001bfe   0x00000020   Code   RO         1913    i.HAL_NVIC_EnableIRQ  stm32f4xx_hal_cortex.o
    0x08001c1e   0x0000007c   Code   RO         1919    i.HAL_NVIC_SetPriority  stm32f4xx_hal_cortex.o
    0x08001c9a   0x00000002   PAD
    0x08001c9c   0x00000028   Code   RO         1920    i.HAL_NVIC_SetPriorityGrouping  stm32f4xx_hal_cortex.o
    0x08001cc4   0x000001d0   Code   RO         2426    i.HAL_RCC_ClockConfig  stm32f4xx_hal_rcc.o
    0x08001e94   0x000000b4   Code   RO         2435    i.HAL_RCC_GetSysClockFreq  stm32f4xx_hal_rcc.o
    0x08001f48   0x0000039c   Code   RO         2438    i.HAL_RCC_OscConfig  stm32f4xx_hal_rcc.o
    0x080022e4   0x00000036   Code   RO         2933    i.HAL_SPI_DeInit    stm32f4xx_hal_spi.o
    0x0800231a   0x000000a0   Code   RO         2938    i.HAL_SPI_Init      stm32f4xx_hal_spi.o
    0x080023ba   0x00000002   Code   RO         2939    i.HAL_SPI_MspDeInit  stm32f4xx_hal_spi.o
    0x080023bc   0x000000ec   Code   RO         1019    i.HAL_SPI_MspInit   lis3dsh.o
    0x080024a8   0x00000034   Code   RO         1924    i.HAL_SYSTICK_Config  stm32f4xx_hal_cortex.o
    0x080024dc   0x00000002   Code   RO         3980    i.HAL_TIMEx_BreakCallback  stm32f4xx_hal_tim_ex.o
    0x080024de   0x00000002   Code   RO         3981    i.HAL_TIMEx_CommutationCallback  stm32f4xx_hal_tim_ex.o
    0x080024e0   0x00000034   Code   RO         3341    i.HAL_TIM_Base_Init  stm32f4xx_hal_tim.o
    0x08002514   0x00000002   Code   RO         3343    i.HAL_TIM_Base_MspInit  stm32f4xx_hal_tim.o
    0x08002516   0x0000001e   Code   RO         3346    i.HAL_TIM_Base_Start_IT  stm32f4xx_hal_tim.o
    0x08002534   0x00000002   Code   RO         3370    i.HAL_TIM_IC_CaptureCallback  stm32f4xx_hal_tim.o
    0x08002536   0x00000196   Code   RO         3383    i.HAL_TIM_IRQHandler  stm32f4xx_hal_tim.o
    0x080026cc   0x00000002   Code   RO         3386    i.HAL_TIM_OC_DelayElapsedCallback  stm32f4xx_hal_tim.o
    0x080026ce   0x00000002   Code   RO         3413    i.HAL_TIM_PWM_PulseFinishedCallback  stm32f4xx_hal_tim.o
    0x080026d0   0x00000020   Code   RO          425    i.HAL_TIM_PeriodElapsedCallback  led_thread.o
    0x080026f0   0x00000002   Code   RO         3424    i.HAL_TIM_TriggerCallback  stm32f4xx_hal_tim.o
    0x080026f2   0x00000004   Code   RO          336    i.HardFault_Handler  stm32f4xx_it.o
    0x080026f6   0x00000002   PAD
    0x080026f8   0x00000030   Code   RO         1420    i.ITM_SendChar      retarget_io.o
    0x08002728   0x00000482   Code   RO          597    i.Kalmanfilter_C    kalman_filter_funcs.o
    0x08002baa   0x00000002   PAD
    0x08002bac   0x0000003c   Code   RO          426    i.LED_thread        led_thread.o
    0x08002be8   0x000000b0   Code   RO          427    i.LED_thread_periph_init  led_thread.o
    0x08002c98   0x0000002a   Code   RO         1021    i.LIS3DSH_DataReadyInterruptConfig  lis3dsh.o
    0x08002cc2   0x00000002   PAD
    0x08002cc4   0x000000dc   Code   RO         1023    i.LIS3DSH_Init      lis3dsh.o
    0x08002da0   0x0000004c   Code   RO         1025    i.LIS3DSH_Read      lis3dsh.o
    0x08002dec   0x000001c0   Code   RO         1026    i.LIS3DSH_ReadACC   lis3dsh.o
    0x08002fac   0x00000074   Code   RO         1027    i.LIS3DSH_SendByte  lis3dsh.o
    0x08003020   0x00000004   Code   RO         1028    i.LIS3DSH_TIMEOUT_UserCallback  lis3dsh.o
    0x08003024   0x00000044   Code   RO         1029    i.LIS3DSH_Write     lis3dsh.o
    0x08003068   0x00000004   Code   RO          337    i.MemManage_Handler  stm32f4xx_it.o
    0x0800306c   0x00000002   Code   RO          338    i.NMI_Handler       stm32f4xx_it.o
    0x0800306e   0x0000001a   Code   RO         1187    i.OTG_FS_IRQHandler  otg_fs_stm32f4xx.o
    0x08003088   0x000000b8   Code   RO         1190    i.OTG_FS_PinsConfigure  otg_fs_stm32f4xx.o
    0x08003140   0x00000054   Code   RO         1191    i.OTG_FS_PinsUnconfigure  otg_fs_stm32f4xx.o
    0x08003194   0x0000000a   Code   RO         1030    i.SPI_ReceiveData   lis3dsh.o
    0x0800319e   0x00000006   Code   RO         1031    i.SPI_SendData      lis3dsh.o
    0x080031a4   0x00000034   Code   RO          807    i.SevenSegment_SetDisplayValue_Angle  segment_display.o
    0x080031d8   0x000000a8   Code   RO          401    i.SystemClock_Config  sysclk_config.o
    0x08003280   0x00000064   Code   RO         4848    i.SystemInit        system_stm32f4xx.o
    0x080032e4   0x00000010   Code   RO          339    i.TIM3_IRQHandler   stm32f4xx_it.o
    0x080032f4   0x000000e4   Code   RO         3425    i.TIM_Base_SetConfig  stm32f4xx_hal_tim.o
    0x080033d8   0x00000294   Code   RO          517    i.Thread_Accelerometer  accelerometer_thread.o
    0x0800366c   0x00000006   Code   RO         6055    i.USBD0_Core_Thread  USB_CM3_L.lib(usbd_core.o)
    0x08003672   0x00000008   Code   RO         4881    i.USBD0_SignalDeviceEvent  usbd_config_0.o
    0x0800367a   0x0000000a   Code   RO         4882    i.USBD0_SignalEndpointEvent  usbd_config_0.o
    0x08003684   0x0000002c   Code   RO         6059    i.USBD_CheckDevice  USB_CM3_L.lib(usbd_core.o)
    0x080036b0   0x00000038   Code   RO         4883    i.USBD_ClassInitialize  usbd_config_0.o
    0x080036e8   0x00000004   Code   RO         4885    i.USBD_Class_Endpoint0_InDataSent  usbd_config_0.o
    0x080036ec   0x00000004   Code   RO         4886    i.USBD_Class_Endpoint0_OutDataReceived  usbd_config_0.o
    0x080036f0   0x00000002   Code   RO         4887    i.USBD_Class_Endpoint0_SetupPacketProcessed  usbd_config_0.o
    0x080036f2   0x00000004   Code   RO         4888    i.USBD_Class_Endpoint0_SetupPacketReceived  usbd_config_0.o
    0x080036f6   0x00000002   PAD
    0x080036f8   0x00000040   Code   RO         6060    i.USBD_ConfigureEndpoint0  USB_CM3_L.lib(usbd_core.o)
    0x08003738   0x00000018   Code   RO         6062    i.USBD_Connect      USB_CM3_L.lib(usbd_core.o)
    0x08003750   0x0000006e   Code   RO         6063    i.USBD_Core         USB_CM3_L.lib(usbd_core.o)
    0x080037be   0x00000002   PAD
    0x080037c0   0x00000040   Code   RO         6801    i.USBD_Core_Endpoint0_InDataSent  USB_CM3_L.lib(usbd_core_custom_device.o)
    0x08003800   0x00000040   Code   RO         6802    i.USBD_Core_Endpoint0_OutDataReceived  USB_CM3_L.lib(usbd_core_custom_device.o)
    0x08003840   0x0000003c   Code   RO         6803    i.USBD_Core_Endpoint0_SetupPacketProcessed  USB_CM3_L.lib(usbd_core_custom_device.o)
    0x0800387c   0x00000048   Code   RO         6804    i.USBD_Core_Endpoint0_SetupPacketReceived  USB_CM3_L.lib(usbd_core_custom_device.o)
    0x080038c4   0x0000008c   Code   RO         6064    i.USBD_Core_Thread  USB_CM3_L.lib(usbd_core.o)
    0x08003950   0x00000050   Code   RO         6065    i.USBD_DataInStage  USB_CM3_L.lib(usbd_core.o)
    0x080039a0   0x0000002c   Code   RO         6066    i.USBD_DataOutStage  USB_CM3_L.lib(usbd_core.o)
    0x080039cc   0x00000004   Code   RO         4889    i.USBD_Device0_Endpoint0_InDataSent  usbd_config_0.o
    0x080039d0   0x00000004   Code   RO         4890    i.USBD_Device0_Endpoint0_OutDataReceived  usbd_config_0.o
    0x080039d4   0x00000002   Code   RO         4891    i.USBD_Device0_Endpoint0_SetupPacketProcessed  usbd_config_0.o
    0x080039d6   0x00000004   Code   RO         4892    i.USBD_Device0_Endpoint0_SetupPacketReceived  usbd_config_0.o
    0x080039da   0x00000002   Code   RO         4893    i.USBD_Device0_EventReset  usbd_config_0.o
    0x080039dc   0x00000002   Code   RO         4894    i.USBD_Device0_Initialize  usbd_config_0.o
    0x080039de   0x00000002   Code   RO         4895    i.USBD_Device0_Uninitialize  usbd_config_0.o
    0x080039e0   0x00000034   Code   RO         1263    i.USBD_DeviceConnect  usbd_fs_stm32f4xx.o
    0x08003a14   0x00000034   Code   RO         1264    i.USBD_DeviceDisconnect  usbd_fs_stm32f4xx.o
    0x08003a48   0x0000000c   Code   RO         1265    i.USBD_DeviceGetState  usbd_fs_stm32f4xx.o
    0x08003a54   0x00000038   Code   RO         1266    i.USBD_DeviceRemoteWakeup  usbd_fs_stm32f4xx.o
    0x08003a8c   0x00000028   Code   RO         1267    i.USBD_DeviceSetAddress  usbd_fs_stm32f4xx.o
    0x08003ab4   0x00000050   Code   RO         6068    i.USBD_DriverDeviceConnect  USB_CM3_L.lib(usbd_core.o)
    0x08003b04   0x0000005c   Code   RO         6072    i.USBD_DriverDeviceSetAddress  USB_CM3_L.lib(usbd_core.o)
    0x08003b60   0x0000009c   Code   RO         6073    i.USBD_DriverEndpointConfigure  USB_CM3_L.lib(usbd_core.o)
    0x08003bfc   0x00000094   Code   RO         6074    i.USBD_DriverEndpointStall  USB_CM3_L.lib(usbd_core.o)
    0x08003c90   0x000000c8   Code   RO         6075    i.USBD_DriverEndpointTransfer  USB_CM3_L.lib(usbd_core.o)
    0x08003d58   0x00000088   Code   RO         6076    i.USBD_DriverEndpointTransferAbort  USB_CM3_L.lib(usbd_core.o)
    0x08003de0   0x00000064   Code   RO         6077    i.USBD_DriverEndpointTransferGetResult  USB_CM3_L.lib(usbd_core.o)
    0x08003e44   0x00000094   Code   RO         6078    i.USBD_DriverEndpointUnconfigure  USB_CM3_L.lib(usbd_core.o)
    0x08003ed8   0x00000010   Code   RO         6079    i.USBD_DriverGetCapabilities  USB_CM3_L.lib(usbd_core.o)
    0x08003ee8   0x00000010   Code   RO         6081    i.USBD_DriverGetVersion  USB_CM3_L.lib(usbd_core.o)
    0x08003ef8   0x00000060   Code   RO         6082    i.USBD_DriverInitialize  USB_CM3_L.lib(usbd_core.o)
    0x08003f58   0x0000005c   Code   RO         6083    i.USBD_DriverPowerControl  USB_CM3_L.lib(usbd_core.o)
    0x08003fb4   0x0000005c   Code   RO         6084    i.USBD_DriverReadSetupPacket  USB_CM3_L.lib(usbd_core.o)
    0x08004010   0x00000290   Code   RO         6086    i.USBD_Endpoint0    USB_CM3_L.lib(usbd_core.o)
    0x080042a0   0x00000004   Code   RO         4896    i.USBD_Endpoint0_Out_ADC_ReqToEP  usbd_config_0.o
    0x080042a4   0x00000004   Code   RO         4897    i.USBD_Endpoint0_Out_ADC_ReqToIF  usbd_config_0.o
    0x080042a8   0x00000004   Code   RO         4898    i.USBD_Endpoint0_Out_CDC_ReqToIF  usbd_config_0.o
    0x080042ac   0x00000064   Code   RO         6789    i.USBD_Endpoint0_Out_HID_ReqToIF  USB_CM3_L.lib(usbd_core_hid.o)
    0x08004310   0x000000f0   Code   RO         6790    i.USBD_Endpoint0_ReqGetDescriptor_HID  USB_CM3_L.lib(usbd_core_hid.o)
    0x08004400   0x00000004   Code   RO         4899    i.USBD_Endpoint0_Setup_ADC_ReqToEP  usbd_config_0.o
    0x08004404   0x00000004   Code   RO         4900    i.USBD_Endpoint0_Setup_ADC_ReqToIF  usbd_config_0.o
    0x08004408   0x00000004   Code   RO         4901    i.USBD_Endpoint0_Setup_CDC_ReqToIF  usbd_config_0.o
    0x0800440c   0x00000134   Code   RO         6791    i.USBD_Endpoint0_Setup_HID_ReqToIF  USB_CM3_L.lib(usbd_core_hid.o)
    0x08004540   0x00000004   Code   RO         4902    i.USBD_Endpoint0_Setup_MSC_ReqToIF  usbd_config_0.o
    0x08004544   0x0000017c   Code   RO         1268    i.USBD_EndpointConfigure  usbd_fs_stm32f4xx.o
    0x080046c0   0x000000bc   Code   RO         1269    i.USBD_EndpointReadSet  usbd_fs_stm32f4xx.o
    0x0800477c   0x000001b0   Code   RO         1270    i.USBD_EndpointStall  usbd_fs_stm32f4xx.o
    0x0800492c   0x00000058   Code   RO         6090    i.USBD_EndpointStall  USB_CM3_L.lib(usbd_core.o)
    0x08004984   0x000000d8   Code   RO         1271    i.USBD_EndpointTransfer  usbd_fs_stm32f4xx.o
    0x08004a5c   0x000000d4   Code   RO         1272    i.USBD_EndpointTransferAbort  usbd_fs_stm32f4xx.o
    0x08004b30   0x00000028   Code   RO         1273    i.USBD_EndpointTransferGetResult  usbd_fs_stm32f4xx.o
    0x08004b58   0x000001f4   Code   RO         1274    i.USBD_EndpointUnconfigure  usbd_fs_stm32f4xx.o
    0x08004d4c   0x00000002   Code   RO         4903    i.USBD_EventDisableRemoteWakeup  usbd_config_0.o
    0x08004d4e   0x00000002   Code   RO         4904    i.USBD_EventEnableRemoteWakeup  usbd_config_0.o
    0x08004d50   0x00000002   Code   RO         4905    i.USBD_EventEndpointClearFeatureStall  usbd_config_0.o
    0x08004d52   0x00000002   Code   RO         4906    i.USBD_EventEndpointSetFeatureStall  usbd_config_0.o
    0x08004d54   0x00000044   Code   RO         4907    i.USBD_EventEndpointStart  usbd_config_0.o
    0x08004d98   0x00000002   Code   RO         4908    i.USBD_EventEndpointStop  usbd_config_0.o
    0x08004d9a   0x00000002   Code   RO         4909    i.USBD_EventHighSpeed  usbd_config_0.o
    0x08004d9c   0x00000002   Code   RO         4910    i.USBD_EventPowerOff  usbd_config_0.o
    0x08004d9e   0x00000002   Code   RO         4911    i.USBD_EventPowerOn  usbd_config_0.o
    0x08004da0   0x00000038   Code   RO         4912    i.USBD_EventReset   usbd_config_0.o
    0x08004dd8   0x00000002   Code   RO         4913    i.USBD_EventResume  usbd_config_0.o
    0x08004dda   0x00000002   PAD
    0x08004ddc   0x0000002c   Code   RO         4914    i.USBD_EventSetConfiguration  usbd_config_0.o
    0x08004e08   0x00000002   Code   RO         4915    i.USBD_EventSetInterface  usbd_config_0.o
    0x08004e0a   0x00000002   Code   RO         4916    i.USBD_EventSuspend  usbd_config_0.o
    0x08004e0c   0x00000624   Code   RO         1275    i.USBD_FS_IRQ       usbd_fs_stm32f4xx.o
    0x08005430   0x0000003c   Code   RO         1276    i.USBD_FlushInEpFifo  usbd_fs_stm32f4xx.o
    0x0800546c   0x0000000c   Code   RO         1277    i.USBD_GetCapabilities  usbd_fs_stm32f4xx.o
    0x08005478   0x0000001c   Code   RO         1278    i.USBD_GetFrameNumber  usbd_fs_stm32f4xx.o
    0x08005494   0x00000010   Code   RO         1279    i.USBD_GetVersion   usbd_fs_stm32f4xx.o
    0x080054a4   0x00000006   Code   RO         4917    i.USBD_HID0_GetProtocol  usbd_config_0.o
    0x080054aa   0x00000032   Code   RO         1115    i.USBD_HID0_GetReport  usbd_user_hid_mouse_0.o
    0x080054dc   0x00000002   Code   RO         1116    i.USBD_HID0_Initialize  usbd_user_hid_mouse_0.o
    0x080054de   0x00000004   Code   RO         4920    i.USBD_HID0_SetProtocol  usbd_config_0.o
    0x080054e2   0x0000001a   Code   RO         1117    i.USBD_HID0_SetReport  usbd_user_hid_mouse_0.o
    0x080054fc   0x00000006   Code   RO         6175    i.USBD_HID0_Thread  USB_CM3_L.lib(usbd_hid.o)
    0x08005502   0x00000002   Code   RO         1118    i.USBD_HID0_Uninitialize  usbd_user_hid_mouse_0.o
    0x08005504   0x0000003c   Code   RO         6179    i.USBD_HID_CheckInstance  USB_CM3_L.lib(usbd_hid.o)
    0x08005540   0x00000094   Code   RO         6180    i.USBD_HID_ClassInitialize  USB_CM3_L.lib(usbd_hid.o)
    0x080055d4   0x00000038   Code   RO         6182    i.USBD_HID_CoreGetIdle  USB_CM3_L.lib(usbd_hid.o)
    0x0800560c   0x00000044   Code   RO         6183    i.USBD_HID_CoreGetProtocol  USB_CM3_L.lib(usbd_hid.o)
    0x08005650   0x00000058   Code   RO         6184    i.USBD_HID_CoreGetReport  USB_CM3_L.lib(usbd_hid.o)
    0x080056a8   0x00000080   Code   RO         6185    i.USBD_HID_CoreSetIdle  USB_CM3_L.lib(usbd_hid.o)
    0x08005728   0x00000040   Code   RO         6186    i.USBD_HID_CoreSetProtocol  USB_CM3_L.lib(usbd_hid.o)
    0x08005768   0x00000060   Code   RO         6187    i.USBD_HID_CoreSetReport  USB_CM3_L.lib(usbd_hid.o)
    0x080057c8   0x00000030   Code   RO         6188    i.USBD_HID_EventEndpointStart  USB_CM3_L.lib(usbd_hid.o)
    0x080057f8   0x00000180   Code   RO         6189    i.USBD_HID_EventEpIntIn  USB_CM3_L.lib(usbd_hid.o)
    0x08005978   0x00000090   Code   RO         6190    i.USBD_HID_EventEpIntOut  USB_CM3_L.lib(usbd_hid.o)
    0x08005a08   0x0000004c   Code   RO         6191    i.USBD_HID_EventReset  USB_CM3_L.lib(usbd_hid.o)
    0x08005a54   0x00000044   Code   RO         6192    i.USBD_HID_EventSetConfiguration  USB_CM3_L.lib(usbd_hid.o)
    0x08005a98   0x0000009c   Code   RO         6193    i.USBD_HID_GetReportTrigger  USB_CM3_L.lib(usbd_hid.o)
    0x08005b34   0x0000002a   Code   RO         6194    i.USBD_HID_Thread   USB_CM3_L.lib(usbd_hid.o)
    0x08005b5e   0x00000002   PAD
    0x08005b60   0x00000134   Code   RO         6195    i.USBD_HID_Timer    USB_CM3_L.lib(usbd_hid.o)
    0x08005c94   0x00000040   Code   RO         1280    i.USBD_Initialize   usbd_fs_stm32f4xx.o
    0x08005cd4   0x000000f4   Code   RO         6093    i.USBD_Initialize   USB_CM3_L.lib(usbd_core.o)
    0x08005dc8   0x00000254   Code   RO         1281    i.USBD_PowerControl  usbd_fs_stm32f4xx.o
    0x0800601c   0x000000e0   Code   RO         1282    i.USBD_ReadFromFifo  usbd_fs_stm32f4xx.o
    0x080060fc   0x00000048   Code   RO         1283    i.USBD_ReadSetupPacket  usbd_fs_stm32f4xx.o
    0x08006144   0x00000024   Code   RO         6094    i.USBD_ReqGetConfiguration  USB_CM3_L.lib(usbd_core.o)
    0x08006168   0x00000134   Code   RO         6095    i.USBD_ReqGetDescriptor  USB_CM3_L.lib(usbd_core.o)
    0x0800629c   0x00000038   Code   RO         6096    i.USBD_ReqGetInterface  USB_CM3_L.lib(usbd_core.o)
    0x080062d4   0x0000007c   Code   RO         6097    i.USBD_ReqGetStatus  USB_CM3_L.lib(usbd_core.o)
    0x08006350   0x00000028   Code   RO         6098    i.USBD_ReqSetAddress  USB_CM3_L.lib(usbd_core.o)
    0x08006378   0x000000fc   Code   RO         6099    i.USBD_ReqSetClrFeature  USB_CM3_L.lib(usbd_core.o)
    0x08006474   0x0000023c   Code   RO         6100    i.USBD_ReqSetConfiguration  USB_CM3_L.lib(usbd_core.o)
    0x080066b0   0x0000018c   Code   RO         6101    i.USBD_ReqSetInterface  USB_CM3_L.lib(usbd_core.o)
    0x0800683c   0x000000f8   Code   RO         1284    i.USBD_Reset        usbd_fs_stm32f4xx.o
    0x08006934   0x00000028   Code   RO         6102    i.USBD_ResetCore    USB_CM3_L.lib(usbd_core.o)
    0x0800695c   0x00000018   Code   RO         6103    i.USBD_SetupStage   USB_CM3_L.lib(usbd_core.o)
    0x08006974   0x00000010   Code   RO         6104    i.USBD_SignalDeviceEvent  USB_CM3_L.lib(usbd_core.o)
    0x08006984   0x00000044   Code   RO         6105    i.USBD_SignalEndpointEvent  USB_CM3_L.lib(usbd_core.o)
    0x080069c8   0x0000000c   Code   RO         6106    i.USBD_StatusInStage  USB_CM3_L.lib(usbd_core.o)
    0x080069d4   0x00000012   Code   RO         6107    i.USBD_StatusInStageDone  USB_CM3_L.lib(usbd_core.o)
    0x080069e6   0x0000000c   Code   RO         6108    i.USBD_StatusOutStage  USB_CM3_L.lib(usbd_core.o)
    0x080069f2   0x00000002   PAD
    0x080069f4   0x00000034   Code   RO         6109    i.USBD_StatusOutStageDone  USB_CM3_L.lib(usbd_core.o)
    0x08006a28   0x00000018   Code   RO         6110    i.USBD_SwitchToHighSpeedCore  USB_CM3_L.lib(usbd_core.o)
    0x08006a40   0x0000001c   Code   RO         1285    i.USBD_Uninitialize  usbd_fs_stm32f4xx.o
    0x08006a5c   0x00000100   Code   RO         1286    i.USBD_WriteToFifo  usbd_fs_stm32f4xx.o
    0x08006b5c   0x00000004   Code   RO          340    i.UsageFault_Handler  stm32f4xx_it.o
    0x08006b60   0x00000010   Code   RO         6919    i.__0printf$bare    mc_w.l(printfb.o)
    0x08006b70   0x00000030   Code   RO         7240    i.__ARM_fpclassify  m_wm.l(fpclassify.o)
    0x08006ba0   0x00000010   Code   RO         1926    i.__NVIC_GetPriorityGrouping  stm32f4xx_hal_cortex.o
    0x08006bb0   0x00000028   Code   RO         1927    i.__NVIC_SetPriority  stm32f4xx_hal_cortex.o
    0x08006bd8   0x000002d8   Code   RO         6849    i.__hardfp_atan     m_wm.l(atan.o)
    0x08006eb0   0x0000007a   Code   RO         6889    i.__hardfp_sqrt     m_wm.l(sqrt_full.o)
    0x08006f2a   0x000000f8   Code   RO         7242    i.__kernel_poly     m_wm.l(poly.o)
    0x08007022   0x00000014   Code   RO         7221    i.__mathlib_dbl_infnan  m_wm.l(dunder.o)
    0x08007036   0x00000002   PAD
    0x08007038   0x00000020   Code   RO         7226    i.__mathlib_dbl_underflow  m_wm.l(dunder.o)
    0x08007058   0x0000000e   Code   RO         7296    i.__scatterload_copy  mc_w.l(handlers.o)
    0x08007066   0x00000002   Code   RO         7297    i.__scatterload_null  mc_w.l(handlers.o)
    0x08007068   0x0000000e   Code   RO         7298    i.__scatterload_zeroinit  mc_w.l(handlers.o)
    0x08007076   0x00000002   PAD
    0x08007078   0x0000000c   Code   RO         7269    i.__set_errno       mc_w.l(errno.o)
    0x08007084   0x00000046   Code   RO         6676    i._init_box         RTX_CM4.lib(rt_membox.o)
    0x080070ca   0x00000022   Code   RO         6926    i._printf_core      mc_w.l(printfb.o)
    0x080070ec   0x00000030   Code   RO         6729    i.dbg_init          RTX_CM4.lib(hal_cm.o)
    0x0800711c   0x00000020   Code   RO         6730    i.dbg_task_notify   RTX_CM4.lib(hal_cm.o)
    0x0800713c   0x00000010   Code   RO         6731    i.dbg_task_switch   RTX_CM4.lib(hal_cm.o)
    0x0800714c   0x0000002a   Code   RO          607    i.extract_col       kalman_filter_funcs.o
    0x08007176   0x00000018   Code   RO         7236    i.fabs              m_wm.l(fabs.o)
    0x0800718e   0x0000001c   Code   RO          608    i.fill_me_up        kalman_filter_funcs.o
    0x080071aa   0x00000002   PAD
    0x080071ac   0x00000020   Code   RO         1425    i.fputc             retarget_io.o
    0x080071cc   0x00000050   Code   RO         7178    i.free              mc_w.l(malloc.o)
    0x0800721c   0x00000070   Code   RO          609    i.initKalman        kalman_filter_funcs.o
    0x0800728c   0x0000002a   Code   RO         5429    i.isrMessageGet     RTX_CM4.lib(rt_cmsis.o)
    0x080072b6   0x0000002c   Code   RO         5430    i.isrMessagePut     RTX_CM4.lib(rt_cmsis.o)
    0x080072e2   0x00000028   Code   RO         5431    i.isrSemaphoreRelease  RTX_CM4.lib(rt_cmsis.o)
    0x0800730a   0x00000024   Code   RO         5432    i.isrSignalSet      RTX_CM4.lib(rt_cmsis.o)
    0x0800732e   0x00000002   PAD
    0x08007330   0x00000028   Code   RO         6400    i.isr_evt_set       RTX_CM4.lib(rt_event.o)
    0x08007358   0x00000056   Code   RO         6522    i.isr_mbx_receive   RTX_CM4.lib(rt_mailbox.o)
    0x080073ae   0x0000000e   Code   RO         6523    i.isr_mbx_send      RTX_CM4.lib(rt_mailbox.o)
    0x080073bc   0x00000010   Code   RO         6570    i.isr_sem_send      RTX_CM4.lib(rt_semaphore.o)
    0x080073cc   0x0000003c   Code   RO            4    i.main              main.o
    0x08007408   0x0000006c   Code   RO         7179    i.malloc            mc_w.l(malloc.o)
    0x08007474   0x00000048   Code   RO          472    i.mouse_thread      mouse_thread.o
    0x080074bc   0x00000048   Code   RO          473    i.mouse_thread_periph_init  mouse_thread.o
    0x08007504   0x00000018   Code   RO         5433    i.osDelay           RTX_CM4.lib(rt_cmsis.o)
    0x0800751c   0x00000024   Code   RO         5434    i.osKernelInitialize  RTX_CM4.lib(rt_cmsis.o)
    0x08007540   0x0000006c   Code   RO         5436    i.osKernelStart     RTX_CM4.lib(rt_cmsis.o)
    0x080075ac   0x00000018   Code   RO         5445    i.osMessageGet      RTX_CM4.lib(rt_cmsis.o)
    0x080075c4   0x00000030   Code   RO         5447    i.osMutexCreate     RTX_CM4.lib(rt_cmsis.o)
    0x080075f4   0x00000018   Code   RO         5449    i.osMutexRelease    RTX_CM4.lib(rt_cmsis.o)
    0x0800760c   0x00000018   Code   RO         5450    i.osMutexWait       RTX_CM4.lib(rt_cmsis.o)
    0x08007624   0x00000030   Code   RO         5455    i.osSemaphoreCreate  RTX_CM4.lib(rt_cmsis.o)
    0x08007654   0x00000018   Code   RO         5457    i.osSemaphoreRelease  RTX_CM4.lib(rt_cmsis.o)
    0x0800766c   0x00000018   Code   RO         5458    i.osSemaphoreWait   RTX_CM4.lib(rt_cmsis.o)
    0x08007684   0x00000018   Code   RO         5460    i.osSignalSet       RTX_CM4.lib(rt_cmsis.o)
    0x0800769c   0x00000018   Code   RO         5461    i.osSignalWait      RTX_CM4.lib(rt_cmsis.o)
    0x080076b4   0x00000030   Code   RO         5462    i.osThreadCreate    RTX_CM4.lib(rt_cmsis.o)
    0x080076e4   0x00000018   Code   RO         5463    i.osThreadExit      RTX_CM4.lib(rt_cmsis.o)
    0x080076fc   0x0000000c   Code   RO         5469    i.osTimerCall       RTX_CM4.lib(rt_cmsis.o)
    0x08007708   0x00000034   Code   RO         5470    i.osTimerCreate     RTX_CM4.lib(rt_cmsis.o)
    0x0800773c   0x00000018   Code   RO         5472    i.osTimerStart      RTX_CM4.lib(rt_cmsis.o)
    0x08007754   0x00000018   Code   RO         5473    i.osTimerStop       RTX_CM4.lib(rt_cmsis.o)
    0x0800776c   0x0000002c   Code   RO         5474    i.osTimerThread     RTX_CM4.lib(rt_cmsis.o)
    0x08007798   0x00000022   Code   RO         1149    i.os_error          rtx_conf_cm.o
    0x080077ba   0x00000004   Code   RO         1150    i.os_idle_demon     rtx_conf_cm.o
    0x080077be   0x00000002   PAD
    0x080077c0   0x00000028   Code   RO         6310    i.os_tick_init      RTX_CM4.lib(rt_system.o)
    0x080077e8   0x00000002   Code   RO         6311    i.os_tick_irqack    RTX_CM4.lib(rt_system.o)
    0x080077ea   0x0000001a   Code   RO         6677    i.rt_alloc_box      RTX_CM4.lib(rt_membox.o)
    0x08007804   0x0000003e   Code   RO         6705    i.rt_alloc_mem      RTX_CM4.lib(rt_memory.o)
    0x08007842   0x00000002   PAD
    0x08007844   0x00000038   Code   RO         6225    i.rt_block          RTX_CM4.lib(rt_task.o)
    0x0800787c   0x00000048   Code   RO         6815    i.rt_chk_robin      RTX_CM4.lib(rt_robin.o)
    0x080078c4   0x00000070   Code   RO         6446    i.rt_dec_dly        RTX_CM4.lib(rt_list.o)
    0x08007934   0x00000044   Code   RO         6226    i.rt_dispatch       RTX_CM4.lib(rt_task.o)
    0x08007978   0x00000006   Code   RO         6612    i.rt_dly_wait       RTX_CM4.lib(rt_time.o)
    0x0800797e   0x00000002   PAD
    0x08007980   0x00000050   Code   RO         6403    i.rt_evt_psh        RTX_CM4.lib(rt_event.o)
    0x080079d0   0x0000005c   Code   RO         6404    i.rt_evt_set        RTX_CM4.lib(rt_event.o)
    0x08007a2c   0x0000003c   Code   RO         6405    i.rt_evt_wait       RTX_CM4.lib(rt_event.o)
    0x08007a68   0x0000002c   Code   RO         6678    i.rt_free_box       RTX_CM4.lib(rt_membox.o)
    0x08007a94   0x00000028   Code   RO         6706    i.rt_free_mem       RTX_CM4.lib(rt_memory.o)
    0x08007abc   0x00000028   Code   RO         6447    i.rt_get_first      RTX_CM4.lib(rt_list.o)
    0x08007ae4   0x00000008   Code   RO         5479    i.rt_id2obj         RTX_CM4.lib(rt_cmsis.o)
    0x08007aec   0x00000048   Code   RO         6227    i.rt_init_context   RTX_CM4.lib(rt_task.o)
    0x08007b34   0x0000001a   Code   RO         6707    i.rt_init_mem       RTX_CM4.lib(rt_memory.o)
    0x08007b4e   0x00000002   PAD
    0x08007b50   0x00000018   Code   RO         6816    i.rt_init_robin     RTX_CM4.lib(rt_robin.o)
    0x08007b68   0x00000080   Code   RO         6732    i.rt_init_stack     RTX_CM4.lib(hal_cm.o)
    0x08007be8   0x00000008   Code   RO         6524    i.rt_mbx_check      RTX_CM4.lib(rt_mailbox.o)
    0x08007bf0   0x0000001a   Code   RO         6525    i.rt_mbx_init       RTX_CM4.lib(rt_mailbox.o)
    0x08007c0a   0x00000002   PAD
    0x08007c0c   0x000000f0   Code   RO         6526    i.rt_mbx_psh        RTX_CM4.lib(rt_mailbox.o)
    0x08007cfc   0x000000b4   Code   RO         6528    i.rt_mbx_wait       RTX_CM4.lib(rt_mailbox.o)
    0x08007db0   0x00000044   Code   RO         5480    i.rt_ms2tick        RTX_CM4.lib(rt_cmsis.o)
    0x08007df4   0x00000010   Code   RO         6646    i.rt_mut_init       RTX_CM4.lib(rt_mutex.o)
    0x08007e04   0x000000d8   Code   RO         6647    i.rt_mut_release    RTX_CM4.lib(rt_mutex.o)
    0x08007edc   0x00000068   Code   RO         6648    i.rt_mut_wait       RTX_CM4.lib(rt_mutex.o)
    0x08007f44   0x0000007c   Code   RO         6314    i.rt_pop_req        RTX_CM4.lib(rt_system.o)
    0x08007fc0   0x00000020   Code   RO         6315    i.rt_psh_req        RTX_CM4.lib(rt_system.o)
    0x08007fe0   0x0000005c   Code   RO         6449    i.rt_psq_enq        RTX_CM4.lib(rt_list.o)
    0x0800803c   0x00000048   Code   RO         6450    i.rt_put_dly        RTX_CM4.lib(rt_list.o)
    0x08008084   0x00000036   Code   RO         6451    i.rt_put_prio       RTX_CM4.lib(rt_list.o)
    0x080080ba   0x00000002   PAD
    0x080080bc   0x00000014   Code   RO         6452    i.rt_put_rdy_first  RTX_CM4.lib(rt_list.o)
    0x080080d0   0x00000034   Code   RO         6453    i.rt_resort_prio    RTX_CM4.lib(rt_list.o)
    0x08008104   0x00000010   Code   RO         6733    i.rt_ret_regs       RTX_CM4.lib(hal_cm.o)
    0x08008114   0x0000000c   Code   RO         6734    i.rt_ret_val        RTX_CM4.lib(hal_cm.o)
    0x08008120   0x00000010   Code   RO         6735    i.rt_ret_val2       RTX_CM4.lib(hal_cm.o)
    0x08008130   0x00000028   Code   RO         6454    i.rt_rmv_dly        RTX_CM4.lib(rt_list.o)
    0x08008158   0x00000030   Code   RO         6455    i.rt_rmv_list       RTX_CM4.lib(rt_list.o)
    0x08008188   0x0000000c   Code   RO         6572    i.rt_sem_init       RTX_CM4.lib(rt_semaphore.o)
    0x08008194   0x00000034   Code   RO         6573    i.rt_sem_psh        RTX_CM4.lib(rt_semaphore.o)
    0x080081c8   0x0000002a   Code   RO         6574    i.rt_sem_send       RTX_CM4.lib(rt_semaphore.o)
    0x080081f2   0x00000002   PAD
    0x080081f4   0x00000040   Code   RO         6575    i.rt_sem_wait       RTX_CM4.lib(rt_semaphore.o)
    0x08008234   0x00000024   Code   RO         6317    i.rt_stk_check      RTX_CM4.lib(rt_system.o)
    0x08008258   0x00000028   Code   RO         6228    i.rt_switch_req     RTX_CM4.lib(rt_task.o)
    0x08008280   0x000000cc   Code   RO         6229    i.rt_sys_init       RTX_CM4.lib(rt_task.o)
    0x0800834c   0x00000078   Code   RO         6230    i.rt_sys_start      RTX_CM4.lib(rt_task.o)
    0x080083c4   0x00000040   Code   RO         6319    i.rt_systick        RTX_CM4.lib(rt_system.o)
    0x08008404   0x00000012   Code   RO         5481    i.rt_tid2ptcb       RTX_CM4.lib(rt_cmsis.o)
    0x08008416   0x00000002   PAD
    0x08008418   0x00000034   Code   RO         5482    i.rt_timer_insert   RTX_CM4.lib(rt_cmsis.o)
    0x0800844c   0x0000003c   Code   RO         5483    i.rt_timer_remove   RTX_CM4.lib(rt_cmsis.o)
    0x08008488   0x00000088   Code   RO         6231    i.rt_tsk_create     RTX_CM4.lib(rt_task.o)
    0x08008510   0x0000017c   Code   RO         6232    i.rt_tsk_delete     RTX_CM4.lib(rt_task.o)
    0x0800868c   0x0000007c   Code   RO         6234    i.rt_tsk_prio       RTX_CM4.lib(rt_task.o)
    0x08008708   0x00000010   Code   RO         6235    i.rt_tsk_self       RTX_CM4.lib(rt_task.o)
    0x08008718   0x00000022   Code   RO          610    i.runKalman         kalman_filter_funcs.o
    0x0800873a   0x00000002   PAD
    0x0800873c   0x0000001c   Code   RO          428    i.start_LED_thread  led_thread.o
    0x08008758   0x00000090   Code   RO          520    i.start_accelerometer_thread  accelerometer_thread.o
    0x080087e8   0x0000001c   Code   RO          474    i.start_mouse_thread  mouse_thread.o
    0x08008804   0x0000000c   Code   RO         1426    i.stdout_putchar    retarget_io.o
    0x08008810   0x00000012   Code   RO         5484    i.svcDelay          RTX_CM4.lib(rt_cmsis.o)
    0x08008822   0x00000002   PAD
    0x08008824   0x00000070   Code   RO         5485    i.svcKernelInitialize  RTX_CM4.lib(rt_cmsis.o)
    0x08008894   0x00000048   Code   RO         5487    i.svcKernelStart    RTX_CM4.lib(rt_cmsis.o)
    0x080088dc   0x00000024   Code   RO         5490    i.svcMessageCreate  RTX_CM4.lib(rt_cmsis.o)
    0x08008900   0x0000003a   Code   RO         5491    i.svcMessageGet     RTX_CM4.lib(rt_cmsis.o)
    0x0800893a   0x0000001c   Code   RO         5493    i.svcMutexCreate    RTX_CM4.lib(rt_cmsis.o)
    0x08008956   0x00000022   Code   RO         5495    i.svcMutexRelease   RTX_CM4.lib(rt_cmsis.o)
    0x08008978   0x00000036   Code   RO         5496    i.svcMutexWait      RTX_CM4.lib(rt_cmsis.o)
    0x080089ae   0x00000024   Code   RO         5498    i.svcSemaphoreCreate  RTX_CM4.lib(rt_cmsis.o)
    0x080089d2   0x00000028   Code   RO         5500    i.svcSemaphoreRelease  RTX_CM4.lib(rt_cmsis.o)
    0x080089fa   0x00000032   Code   RO         5501    i.svcSemaphoreWait  RTX_CM4.lib(rt_cmsis.o)
    0x08008a2c   0x00000024   Code   RO         5503    i.svcSignalSet      RTX_CM4.lib(rt_cmsis.o)
    0x08008a50   0x00000054   Code   RO         5504    i.svcSignalWait     RTX_CM4.lib(rt_cmsis.o)
    0x08008aa4   0x00000070   Code   RO         5505    i.svcThreadCreate   RTX_CM4.lib(rt_cmsis.o)
    0x08008b14   0x0000001c   Code   RO         5506    i.svcThreadGetId    RTX_CM4.lib(rt_cmsis.o)
    0x08008b30   0x00000038   Code   RO         5509    i.svcThreadTerminate  RTX_CM4.lib(rt_cmsis.o)
    0x08008b68   0x00000018   Code   RO         5511    i.svcTimerCall      RTX_CM4.lib(rt_cmsis.o)
    0x08008b80   0x00000038   Code   RO         5512    i.svcTimerCreate    RTX_CM4.lib(rt_cmsis.o)
    0x08008bb8   0x00000064   Code   RO         5514    i.svcTimerStart     RTX_CM4.lib(rt_cmsis.o)
    0x08008c1c   0x00000024   Code   RO         5515    i.svcTimerStop      RTX_CM4.lib(rt_cmsis.o)
    0x08008c40   0x0000005c   Code   RO         5520    i.sysTimerTick      RTX_CM4.lib(rt_cmsis.o)
    0x08008c9c   0x0000002a   Code   RO          612    i.update_col        kalman_filter_funcs.o
    0x08008cc6   0x00000002   PAD
    0x08008cc8   0x00000010   Data   RO          430    .constdata          led_thread.o
    0x08008cd8   0x00000010   Data   RO          475    .constdata          mouse_thread.o
    0x08008ce8   0x00000010   Data   RO          522    .constdata          accelerometer_thread.o
    0x08008cf8   0x00000034   Data   RO         1119    .constdata          usbd_user_hid_mouse_0.o
    0x08008d2c   0x00000068   Data   RO         1152    .constdata          rtx_conf_cm.o
    0x08008d94   0x00000050   Data   RO         1288    .constdata          usbd_fs_stm32f4xx.o
    0x08008de4   0x00000010   Data   RO         2439    .constdata          stm32f4xx_hal_rcc.o
    0x08008df4   0x0000028e   Data   RO         4924    .constdata          usbd_config_0.o
    0x08009082   0x00000020   Data   RO         6196    .constdata          USB_CM3_L.lib(usbd_hid.o)
    0x080090a2   0x00000006   PAD
    0x080090a8   0x00000098   Data   RO         6852    .constdata          m_wm.l(atan.o)
    0x08009140   0x00000020   Data   RO         7295    Region$$Table       anon$$obj.o


    Execution Region ER_RW (Base: 0x20000000, Size: 0x0000022c, Max: 0xffffffff, ABSOLUTE, COMPRESSED[0x00000040])

    Base Addr    Size         Type   Attr      Idx    E Section Name        Object

    0x20000000   0x00000004   Data   RW          431    .data               led_thread.o
    0x20000004   0x00000008   Data   RW          476    .data               mouse_thread.o
    0x2000000c   0x00000010   Data   RW          523    .data               accelerometer_thread.o
    0x2000001c   0x00000014   Data   RW          823    .data               segment_display.o
    0x20000030   0x00000004   Data   RW         1033    .data               lis3dsh.o
    0x20000034   0x00000010   Data   RW         1153    .data               rtx_conf_cm.o
    0x20000044   0x00000001   Data   RW         1192    .data               otg_fs_stm32f4xx.o
    0x20000045   0x00000003   PAD
    0x20000048   0x00000020   Data   RW         1289    .data               usbd_fs_stm32f4xx.o
    0x20000068   0x00000004   Data   RW         1509    .data               stm32f4xx_hal.o
    0x2000006c   0x00000004   Data   RW         4850    .data               system_stm32f4xx.o
    0x20000070   0x00000184   Data   RW         4925    .data               usbd_config_0.o
    0x200001f4   0x00000008   Data   RW         5523    .data               RTX_CM4.lib(rt_cmsis.o)
    0x200001fc   0x00000008   Data   RW         6237    .data               RTX_CM4.lib(rt_task.o)
    0x20000204   0x00000008   Data   RW         6322    .data               RTX_CM4.lib(rt_system.o)
    0x2000020c   0x00000004   Data   RW         6616    .data               RTX_CM4.lib(rt_time.o)
    0x20000210   0x00000001   Data   RW         6736    .data               RTX_CM4.lib(hal_cm.o)
    0x20000211   0x00000003   PAD
    0x20000214   0x00000008   Data   RW         6817    .data               RTX_CM4.lib(rt_robin.o)
    0x2000021c   0x00000004   Data   RW         6908    .data               mc_w.l(stdout.o)
    0x20000220   0x00000004   Data   RW         7265    .data               mc_w.l(mvars.o)
    0x20000224   0x00000004   Data   RW         7266    .data               mc_w.l(mvars.o)
    0x20000228   0x00000004   Data   RW         7270    .data               mc_w.l(errno.o)


    Execution Region ER_ZI (Base: 0x2000022c, Size: 0x0000234c, Max: 0xffffffff, ABSOLUTE)

    Base Addr    Size         Type   Attr      Idx    E Section Name        Object

    0x2000022c   0x0000003c   Zero   RW          429    .bss                led_thread.o
    0x20000268   0x00000068   Zero   RW          521    .bss                accelerometer_thread.o
    0x200002d0   0x00000058   Zero   RW         1032    .bss                lis3dsh.o
    0x20000328   0x00001a30   Zero   RW         1151    .bss                rtx_conf_cm.o
    0x20001d58   0x000000a0   Zero   RW         1287    .bss                usbd_fs_stm32f4xx.o
    0x20001df8   0x0000011c   Zero   RW         4923    .bss                usbd_config_0.o
    0x20001f14   0x00000034   Zero   RW         6236    .bss                RTX_CM4.lib(rt_task.o)
    0x20001f48   0x00000030   Zero   RW         6456    .bss                RTX_CM4.lib(rt_list.o)
    0x20001f78   0x00000200   Zero   RW         4838    HEAP                startup_stm32f407xx.o
    0x20002178   0x00000400   Zero   RW         4837    STACK               startup_stm32f407xx.o


==============================================================================

Image component sizes


      Code (inc. data)   RO Data    RW Data    ZI Data      Debug   Object Name

       952        192         16         16        104       3775   accelerometer_thread.o
      1412          8          0          0          0       6118   kalman_filter_funcs.o
       296         56         16          4         60       3174   led_thread.o
      1226        114          0          4         88       7272   lis3dsh.o
        60          0          0          0          0     352596   main.o
       172         30         16          8          0       2648   mouse_thread.o
       682         60          0          1          0       6594   otg_fs_stm32f4xx.o
        92         12          0          0          0       1759   retarget_io.o
        62          6        104         16       6704       7800   rtx_conf_cm.o
        52         10          0         20          0       1900   segment_display.o
        36          8        392          0       1536        872   startup_stm32f407xx.o
       114         16          0          4          0       3839   stm32f4xx_hal.o
       304         22          0          0          0      32243   stm32f4xx_hal_cortex.o
       932         94          0          0          0       4814   stm32f4xx_hal_gpio.o
      1568         48         16          0          0       4123   stm32f4xx_hal_rcc.o
       216          0          0          0          0       2568   stm32f4xx_hal_spi.o
       726         44          0          0          0       6658   stm32f4xx_hal_tim.o
         4          0          0          0          0       1730   stm32f4xx_hal_tim_ex.o
        36          6          0          0          0       3351   stm32f4xx_it.o
       384        312          0          0          0        604   supporting_functions.o
       168         10          0          0          0       1169   sysclk_config.o
       100         18          0          4          0       1277   system_stm32f4xx.o
       336         28        654        388        284      47235   usbd_config_0.o
      5356        398         80         32        160      49850   usbd_fs_stm32f4xx.o
        80          0         52          0          0       3238   usbd_user_hid_mouse_0.o

    ----------------------------------------------------------------------
     15388       1492       1378        500       8936     557207   Object Totals
         0          0         32          0          0          0   (incl. Generated)
        22          0          0          3          0          0   (incl. Padding)

    ----------------------------------------------------------------------

      Code (inc. data)   RO Data    RW Data    ZI Data      Debug   Library Member Name

       268         24          0          1          0       4452   hal_cm.o
       408         34          0          0          0        816   hal_cm4.o
      2190        236          0          8          0      52410   rt_cmsis.o
       272         18          0          0          0       2810   rt_event.o
       530         34          0          0         48       8597   rt_list.o
       554         10          0          0          0       4189   rt_mailbox.o
       140          0          0          0          0       2045   rt_membox.o
       128          0          0          0          0       2419   rt_memory.o
       336         12          0          0          0       2201   rt_mutex.o
        96         22          0          8          0       1230   rt_robin.o
       186         10          0          0          0       3102   rt_semaphore.o
       298         52          0          8          0       6439   rt_system.o
      1216        174          0          8         52      10025   rt_task.o
         6          0          0          4          0        684   rt_time.o
         4          4          0          0          0        200   svc_table.o
      4922        308          0          0          0       3324   usbd_core.o
       260         52          0          0          0        324   usbd_core_custom_device.o
       648         60          0          0          0        264   usbd_core_hid.o
      1940        208         32          0          0       1436   usbd_hid.o
       132          0          0          0          0        883   arm_copy_f32.o
       264          0          0          0          0      18178   arm_mat_add_f32.o
         8          0          0          0          0        959   arm_mat_init_f32.o
      1328          4          0          0          0       4742   arm_mat_inverse_f32.o
       316          4          0          0          0       2335   arm_mat_mult_f32.o
       264          0          0          0          0       1786   arm_mat_sub_f32.o
       276          0          0          0          0       2200   arm_mat_trans_f32.o
       728        106        152          0          0        228   atan.o
        52          8          0          0          0        248   dunder.o
        24          0          0          0          0        124   fabs.o
        48          0          0          0          0        124   fpclassify.o
       248          0          0          0          0        152   poly.o
       122          0          0          0          0        148   sqrt_full.o
        86          0          0          0          0          0   __dczerorl2.o
         0          0          0          0          0          0   entry.o
         0          0          0          0          0          0   entry10a.o
         0          0          0          0          0          0   entry11a.o
         8          4          0          0          0          0   entry2.o
         4          0          0          0          0          0   entry5.o
         0          0          0          0          0          0   entry7b.o
         0          0          0          0          0          0   entry8b.o
        12          6          0          4          0         68   errno.o
        30          0          0          0          0          0   handlers.o
        36          8          0          0          0         68   init.o
         0          0          0          0          0          0   iusefp.o
        30          0          0          0          0         68   llshl.o
        36          0          0          0          0         68   llsshr.o
        32          0          0          0          0         68   llushr.o
       188         20          0          0          0        160   malloc.o
        36          0          0          0          0         68   memcpya.o
        36          0          0          0          0        108   memseta.o
         0          0          0          8          0          0   mvars.o
        50          8          0          0          0        152   printfb.o
         0          0          0          4          0          0   stdout.o
        98          0          0          0          0         92   uldiv.o
        56          0          0          0          0         88   d2f.o
       334          0          0          0          0        148   dadd.o
       222          0          0          0          0        100   ddiv.o
       186          0          0          0          0        176   depilogue.o
       228          0          0          0          0         96   dmul.o
       162          0          0          0          0        100   dsqrt.o
        38          0          0          0          0         68   f2d.o
       110          0          0          0          0        168   fepilogue.o

    ----------------------------------------------------------------------
     20260       1426        190         56        100     140938   Library Totals
        30          0          6          3          0          0   (incl. Padding)

    ----------------------------------------------------------------------

      Code (inc. data)   RO Data    RW Data    ZI Data      Debug   Library Name

      6632        630          0         37        100     101619   RTX_CM4.lib
      7770        628         32          0          0       5348   USB_CM3_L.lib
      2588          8          0          0          0      31083   arm_cortexM4lf_math.lib
      1222        114        152          0          0       1024   m_wm.l
       682         46          0         16          0        920   mc_w.l
      1336          0          0          0          0        944   mf_w.l

    ----------------------------------------------------------------------
     20260       1426        190         56        100     140938   Library Totals

    ----------------------------------------------------------------------

==============================================================================


      Code (inc. data)   RO Data    RW Data    ZI Data      Debug   

     35648       2918       1568        556       9036     668817   Grand Totals
     35648       2918       1568         64       9036     668817   ELF Image Totals (compressed)
     35648       2918       1568         64          0          0   ROM Totals

==============================================================================

    Total RO  Size (Code + RO Data)                37216 (  36.34kB)
    Total RW  Size (RW Data + ZI Data)              9592 (   9.37kB)
    Total ROM Size (Code + RO Data + RW Data)      37280 (  36.41kB)

==============================================================================

